#
# There is insufficient memory for the Java Runtime Environment to continue.
# Native memory allocation (malloc) failed to allocate 32784 bytes. Error detail: Chunk::new
# Possible reasons:
#   The system is out of physical RAM or swap space
#   This process is running with CompressedOops enabled, and the Java Heap may be blocking the growth of the native heap
# Possible solutions:
#   Reduce memory load on the system
#   Increase physical memory or swap space
#   Check if swap backing store is full
#   Decrease Java heap size (-Xmx/-Xms)
#   Decrease number of Java threads
#   Decrease Java thread stack sizes (-Xss)
#   Set larger code cache with -XX:ReservedCodeCacheSize=
#   JVM is running with Unscaled Compressed Oops mode in which the Java heap is
#     placed in the first 4GB address space. The Java Heap base address is the
#     maximum limit for the native heap growth. Please use -XX:HeapBaseMinAddress
#     to set the Java Heap base and to place the Java Heap above 4GB virtual address.
# This output file may be truncated or incomplete.
#
#  Out of Memory Error (arena.cpp:168), pid=42700, tid=34120
#
# JRE version: OpenJDK Runtime Environment Temurin-21.0.12.1+1 (21.0.12.1+1) (build 21.0.12.1+1-LTS)
# Java VM: OpenJDK 64-Bit Server VM Temurin-21.0.12.1+1 (21.0.12.1+1-LTS, mixed mode, sharing, tiered, compressed oops, compressed class ptrs, g1 gc, windows-amd64)
# No core dump will be written. Minidumps are not enabled by default on client versions of Windows
#

---------------  S U M M A R Y ------------

Command Line: --add-opens=java.base/java.lang=ALL-UNNAMED --add-opens=java.base/java.lang.invoke=ALL-UNNAMED --add-opens=java.base/java.util=ALL-UNNAMED --add-opens=java.prefs/java.util.prefs=ALL-UNNAMED --add-exports=jdk.compiler/com.sun.tools.javac.api=ALL-UNNAMED --add-exports=jdk.compiler/com.sun.tools.javac.util=ALL-UNNAMED --add-opens=java.base/java.nio.charset=ALL-UNNAMED --add-opens=java.base/java.net=ALL-UNNAMED --add-opens=java.base/java.util.concurrent=ALL-UNNAMED --add-opens=java.base/java.util.concurrent.atomic=ALL-UNNAMED --add-opens=java.xml/javax.xml.namespace=ALL-UNNAMED --add-opens=java.base/java.time=ALL-UNNAMED -XX:MaxMetaspaceSize=384m -XX:+HeapDumpOnOutOfMemoryError -Xms256m -Xmx512m -Dfile.encoding=UTF-8 -Duser.country=KR -Duser.language=ko -Duser.variant -javaagent:C:\Users\AI¿∂«’_µ•¿Ã≈Õ∫–ºÆB\.gradle\wrapper\dists\gradle-9.7.1-bin\1w1c7tv4s851m17nbqdsro2tv\gradle-9.7.1\lib\agents\gradle-instrumentation-agent-9.7.1.jar org.gradle.launcher.daemon.bootstrap.GradleDaemon 9.7.1

Host: 11th Gen Intel(R) Core(TM) i7-11700 @ 2.50GHz, 16 cores, 15G,  Windows 11 , 64 bit Build 26100 (10.0.26100.9444)
Time: Thu Sep 17 17:11:38 2026 elapsed time: 190.864525 seconds (0d 0h 3m 10s)

---------------  T H R E A D  ---------------

Current thread (0x0000018a46052990):  JavaThread "C2 CompilerThread0" daemon [_thread_in_native, id=34120, stack(0x0000004a30900000,0x0000004a30a00000) (1024K)]


Current CompileTask:
C2:190866 4613       4       java.io.DataOutputStream::writeUTF (389 bytes)

Stack: [0x0000004a30900000,0x0000004a30a00000]
Native frames: (J=compiled Java code, j=interpreted, Vv=VM code, C=native code)
V  [jvm.dll+0x6d83e9]
V  [jvm.dll+0x8b5736]
V  [jvm.dll+0x8b7cee]
V  [jvm.dll+0x8b83d3]
V  [jvm.dll+0x284596]
V  [jvm.dll+0xc685d]
V  [jvm.dll+0xc6da1]
V  [jvm.dll+0xc6985]
V  [jvm.dll+0x6b33cc]
V  [jvm.dll+0x7a533d]
V  [jvm.dll+0x7a43e1]
V  [jvm.dll+0x615712]
V  [jvm.dll+0x6154a0]
V  [jvm.dll+0x5ff591]
V  [jvm.dll+0x255d67]
V  [jvm.dll+0x24e0f4]
V  [jvm.dll+0x24bbe6]
V  [jvm.dll+0x1cb4ae]
V  [jvm.dll+0x25baad]
V  [jvm.dll+0x25a03a]
V  [jvm.dll+0x3f8aae]
V  [jvm.dll+0x8600cd]
V  [jvm.dll+0x6d6c1d]
C  [ucrtbase.dll+0x2cd30]
C  [KERNEL32.DLL+0x2cd87]
C  [ntdll.dll+0xacaec]


---------------  P R O C E S S  ---------------

Threads class SMR info:
_java_thread_list=0x0000018a51f973d0, length=33, elements={
0x0000018a1ab7e7f0, 0x0000018a46024880, 0x0000018a460272f0, 0x0000018a4602d230,
0x0000018a4602e040, 0x0000018a4602eaa0, 0x0000018a4603f6a0, 0x0000018a46052990,
0x0000018a46057e60, 0x0000018a46307d70, 0x0000018a46205ac0, 0x0000018a4f740ad0,
0x0000018a4eae0600, 0x0000018a4f478850, 0x0000018a4f65b900, 0x0000018a4f413850,
0x0000018a4f45aa50, 0x0000018a4f6c43e0, 0x0000018a4f626890, 0x0000018a4f626f20,
0x0000018a4f623aa0, 0x0000018a4f624e50, 0x0000018a4f6254e0, 0x0000018a4f624130,
0x0000018a4f625b70, 0x0000018a4fc63140, 0x0000018a4fc637d0, 0x0000018a4fc61d90,
0x0000018a4fc61070, 0x0000018a4fc61700, 0x0000018a4fc658a0, 0x0000018a4fc65f30,
0x0000018a4fc63e60
}

Java Threads: ( => current thread )
  0x0000018a1ab7e7f0 JavaThread "main"                              [_thread_blocked, id=33468, stack(0x0000004a2fb00000,0x0000004a2fc00000) (1024K)]
  0x0000018a46024880 JavaThread "Reference Handler"          daemon [_thread_blocked, id=27436, stack(0x0000004a30300000,0x0000004a30400000) (1024K)]
  0x0000018a460272f0 JavaThread "Finalizer"                  daemon [_thread_blocked, id=43844, stack(0x0000004a30400000,0x0000004a30500000) (1024K)]
  0x0000018a4602d230 JavaThread "Signal Dispatcher"          daemon [_thread_blocked, id=43628, stack(0x0000004a30500000,0x0000004a30600000) (1024K)]
  0x0000018a4602e040 JavaThread "Attach Listener"            daemon [_thread_blocked, id=45936, stack(0x0000004a30600000,0x0000004a30700000) (1024K)]
  0x0000018a4602eaa0 JavaThread "Service Thread"             daemon [_thread_blocked, id=46924, stack(0x0000004a30700000,0x0000004a30800000) (1024K)]
  0x0000018a4603f6a0 JavaThread "Monitor Deflation Thread"   daemon [_thread_blocked, id=22356, stack(0x0000004a30800000,0x0000004a30900000) (1024K)]
=>0x0000018a46052990 JavaThread "C2 CompilerThread0"         daemon [_thread_in_native, id=34120, stack(0x0000004a30900000,0x0000004a30a00000) (1024K)]
  0x0000018a46057e60 JavaThread "C1 CompilerThread0"         daemon [_thread_blocked, id=47096, stack(0x0000004a30a00000,0x0000004a30b00000) (1024K)]
  0x0000018a46307d70 JavaThread "Common-Cleaner"             daemon [_thread_blocked, id=30168, stack(0x0000004a30c00000,0x0000004a30d00000) (1024K)]
  0x0000018a46205ac0 JavaThread "Notification Thread"        daemon [_thread_blocked, id=37224, stack(0x0000004a30b00000,0x0000004a30c00000) (1024K)]
  0x0000018a4f740ad0 JavaThread "Daemon health stats"               [_thread_blocked, id=37092, stack(0x0000004a31200000,0x0000004a31300000) (1024K)]
  0x0000018a4eae0600 JavaThread "Incoming local TCP Connector on port 63986"        [_thread_in_native, id=39372, stack(0x0000004a31000000,0x0000004a31100000) (1024K)]
  0x0000018a4f478850 JavaThread "Daemon periodic checks"            [_thread_blocked, id=14896, stack(0x0000004a31300000,0x0000004a31400000) (1024K)]
  0x0000018a4f65b900 JavaThread "Daemon"                            [_thread_blocked, id=43848, stack(0x0000004a31500000,0x0000004a31600000) (1024K)]
  0x0000018a4f413850 JavaThread "Handler for socket connection from /127.0.0.1:63986 to /127.0.0.1:64017"        [_thread_in_native, id=48324, stack(0x0000004a31600000,0x0000004a31700000) (1024K)]
  0x0000018a4f45aa50 JavaThread "Cancel handler"                    [_thread_blocked, id=7456, stack(0x0000004a31700000,0x0000004a31800000) (1024K)]
  0x0000018a4f6c43e0 JavaThread "Daemon worker"                     [_thread_blocked, id=49928, stack(0x0000004a31800000,0x0000004a31900000) (1024K)]
  0x0000018a4f626890 JavaThread "Asynchronous log dispatcher for DefaultDaemonConnection: socket connection from /127.0.0.1:63986 to /127.0.0.1:64017"        [_thread_blocked, id=49936, stack(0x0000004a31900000,0x0000004a31a00000) (1024K)]
  0x0000018a4f626f20 JavaThread "Stdin handler"                     [_thread_blocked, id=49944, stack(0x0000004a31a00000,0x0000004a31b00000) (1024K)]
  0x0000018a4f623aa0 JavaThread "Daemon client event forwarder"        [_thread_blocked, id=49948, stack(0x0000004a31b00000,0x0000004a31c00000) (1024K)]
  0x0000018a4f624e50 JavaThread "Cache worker for journal cache (C:\Users\AIÏúµÌï©_Îç∞Ïù¥ÌÑ∞Î∂ÑÏÑùB\.gradle\caches\journal-1)"        [_thread_blocked, id=50124, stack(0x0000004a31c00000,0x0000004a31d00000) (1024K)]
  0x0000018a4f6254e0 JavaThread "File lock request listener"        [_thread_in_native, id=50128, stack(0x0000004a31d00000,0x0000004a31e00000) (1024K)]
  0x0000018a4f624130 JavaThread "File lock release action executor"        [_thread_blocked, id=49200, stack(0x0000004a31e00000,0x0000004a31f00000) (1024K)]
  0x0000018a4f625b70 JavaThread "Cache worker for file hash cache (C:\Users\AIÏúµÌï©_Îç∞Ïù¥ÌÑ∞Î∂ÑÏÑùB\.gradle\caches\9.7.1\fileHashes)"        [_thread_blocked, id=19820, stack(0x0000004a31f00000,0x0000004a32000000) (1024K)]
  0x0000018a4fc63140 JavaThread "Cache worker for file hash cache (D:\java_project\spring_boot_hello\backend\.gradle\9.7.1\fileHashes)"        [_thread_blocked, id=14812, stack(0x0000004a32000000,0x0000004a32100000) (1024K)]
  0x0000018a4fc637d0 JavaThread "Cache worker for Build Output Cleanup Cache (D:\java_project\spring_boot_hello\backend\.gradle\buildOutputCleanup)"        [_thread_blocked, id=34108, stack(0x0000004a32a00000,0x0000004a32b00000) (1024K)]
  0x0000018a4fc61d90 JavaThread "File watcher server"        daemon [_thread_in_native, id=48416, stack(0x0000004a32b00000,0x0000004a32c00000) (1024K)]
  0x0000018a4fc61070 JavaThread "File watcher consumer"      daemon [_thread_blocked, id=9456, stack(0x0000004a32c00000,0x0000004a32d00000) (1024K)]
  0x0000018a4fc61700 JavaThread "Cache worker for file content cache (C:\Users\AIÏúµÌï©_Îç∞Ïù¥ÌÑ∞Î∂ÑÏÑùB\.gradle\caches\9.7.1\fileContent)"        [_thread_blocked, id=49080, stack(0x0000004a32d00000,0x0000004a32e00000) (1024K)]
  0x0000018a4fc658a0 JavaThread "Cache worker for checksums cache (D:\java_project\spring_boot_hello\backend\.gradle\9.7.1\checksums)"        [_thread_blocked, id=2272, stack(0x0000004a32e00000,0x0000004a32f00000) (1024K)]
  0x0000018a4fc65f30 JavaThread "Cache worker for cache directory md-supplier (C:\Users\AIÏúµÌï©_Îç∞Ïù¥ÌÑ∞Î∂ÑÏÑùB\.gradle\caches\9.7.1\md-supplier)"        [_thread_blocked, id=48332, stack(0x0000004a32f00000,0x0000004a33000000) (1024K)]
  0x0000018a4fc63e60 JavaThread "Cache worker for cache directory md-rule (C:\Users\AIÏúµÌï©_Îç∞Ïù¥ÌÑ∞Î∂ÑÏÑùB\.gradle\caches\9.7.1\md-rule)"        [_thread_blocked, id=49124, stack(0x0000004a33000000,0x0000004a33100000) (1024K)]
Total: 33

Other Threads:
  0x0000018a4600c630 VMThread "VM Thread"                           [id=33820, stack(0x0000004a30200000,0x0000004a30300000) (1024K)]
  0x0000018a30fd7f60 WatcherThread "VM Periodic Task Thread"        [id=43496, stack(0x0000004a30100000,0x0000004a30200000) (1024K)]
  0x0000018a1abab2a0 WorkerThread "GC Thread#0"                     [id=46168, stack(0x0000004a2fc00000,0x0000004a2fd00000) (1024K)]
  0x0000018a462ebb90 WorkerThread "GC Thread#1"                     [id=2024, stack(0x0000004a2f800000,0x0000004a2f900000) (1024K)]
  0x0000018a462ebf40 WorkerThread "GC Thread#2"                     [id=47712, stack(0x0000004a2f900000,0x0000004a2fa00000) (1024K)]
  0x0000018a462ec2f0 WorkerThread "GC Thread#3"                     [id=47620, stack(0x0000004a2fa00000,0x0000004a2fb00000) (1024K)]
  0x0000018a462ec6a0 WorkerThread "GC Thread#4"                     [id=47112, stack(0x0000004a30d00000,0x0000004a30e00000) (1024K)]
  0x0000018a46b81c50 WorkerThread "GC Thread#5"                     [id=47120, stack(0x0000004a30e00000,0x0000004a30f00000) (1024K)]
  0x0000018a469a8a00 WorkerThread "GC Thread#6"                     [id=15544, stack(0x0000004a32100000,0x0000004a32200000) (1024K)]
  0x0000018a469a9510 WorkerThread "GC Thread#7"                     [id=40240, stack(0x0000004a32200000,0x0000004a32300000) (1024K)]
  0x0000018a469a8650 WorkerThread "GC Thread#8"                     [id=49888, stack(0x0000004a32300000,0x0000004a32400000) (1024K)]
  0x0000018a469a8db0 WorkerThread "GC Thread#9"                     [id=43392, stack(0x0000004a32400000,0x0000004a32500000) (1024K)]
  0x0000018a4fb34e80 WorkerThread "GC Thread#10"                    [id=37448, stack(0x0000004a32500000,0x0000004a32600000) (1024K)]
  0x0000018a4fb36fb0 WorkerThread "GC Thread#11"                    [id=49964, stack(0x0000004a32600000,0x0000004a32700000) (1024K)]
  0x0000018a4fb35990 WorkerThread "GC Thread#12"                    [id=2032, stack(0x0000004a32700000,0x0000004a32800000) (1024K)]
  0x0000018a1abb01a0 ConcurrentGCThread "G1 Main Marker"            [id=25528, stack(0x0000004a2fd00000,0x0000004a2fe00000) (1024K)]
  0x0000018a1abb0bc0 WorkerThread "G1 Conc#0"                       [id=21852, stack(0x0000004a2fe00000,0x0000004a2ff00000) (1024K)]
  0x0000018a4fb364a0 WorkerThread "G1 Conc#1"                       [id=7752, stack(0x0000004a32800000,0x0000004a32900000) (1024K)]
  0x0000018a4fb355e0 WorkerThread "G1 Conc#2"                       [id=48828, stack(0x0000004a32900000,0x0000004a32a00000) (1024K)]
  0x0000018a30ead740 ConcurrentGCThread "G1 Refine#0"               [id=40220, stack(0x0000004a2ff00000,0x0000004a30000000) (1024K)]
  0x0000018a30eae070 ConcurrentGCThread "G1 Service"                [id=33272, stack(0x0000004a30000000,0x0000004a30100000) (1024K)]
Total: 21

Threads with active compile tasks:
C2 CompilerThread0  191861 4613       4       java.io.DataOutputStream::writeUTF (389 bytes)
Total: 1

VM state: not at safepoint (normal execution)

VM Mutex/Monitor currently owned by a thread: None

Heap address: 0x00000000e0000000, size: 512 MB, Compressed Oops mode: 32-bit

CDS archive(s) mapped at: [0x0000018a31000000-0x0000018a31ba0000-0x0000018a31ba0000), size 12189696, SharedBaseAddress: 0x0000018a31000000, ArchiveRelocationMode: 1.
Compressed class space mapped at: 0x0000018a32000000-0x0000018a46000000, reserved size: 335544320
Narrow klass base: 0x0000018a31000000, Narrow klass shift: 0, Narrow klass range: 0x100000000

GC Precious Log:
 CardTable entry size: 512
 Card Set container configuration: InlinePtr #cards 5 size 8 Array Of Cards #cards 12 size 40 Howl #buckets 4 coarsen threshold 1843 Howl Bitmap #cards 512 size 80 coarsen threshold 460 Card regions per heap region 1 cards per card region 2048
 CPUs: 16 total, 16 available
 Memory: 16149M
 Large Page Support: Disabled
 NUMA Support: Disabled
 Compressed Oops: Enabled (32-bit)
 Heap Region Size: 1M
 Heap Min Capacity: 256M
 Heap Initial Capacity: 256M
 Heap Max Capacity: 512M
 Pre-touch: Disabled
 Parallel Workers: 13
 Concurrent Workers: 3
 Concurrent Refinement Workers: 13
 Periodic GC: Disabled

Heap:
 garbage-first heap   total 262144K, used 45927K [0x00000000e0000000, 0x0000000100000000)
  region size 1024K, 21 young (21504K), 7 survivors (7168K)
 Metaspace       used 37031K, committed 38464K, reserved 393216K
  class space    used 5328K, committed 6016K, reserved 327680K

Heap Regions: E=young(eden), S=young(survivor), O=old, HS=humongous(starts), HC=humongous(continues), CS=collection set, F=free, TAMS=top-at-mark-start, PB=parsable bottom
|   0|0x00000000e0000000, 0x00000000e0100000, 0x00000000e0100000|100%|HS|  |TAMS 0x00000000e0000000| PB 0x00000000e0000000| Complete 
|   1|0x00000000e0100000, 0x00000000e0200000, 0x00000000e0200000|100%|HC|  |TAMS 0x00000000e0100000| PB 0x00000000e0100000| Complete 
|   2|0x00000000e0200000, 0x00000000e0300000, 0x00000000e0300000|100%|HC|  |TAMS 0x00000000e0200000| PB 0x00000000e0200000| Complete 
|   3|0x00000000e0300000, 0x00000000e0400000, 0x00000000e0400000|100%|HC|  |TAMS 0x00000000e0300000| PB 0x00000000e0300000| Complete 
|   4|0x00000000e0400000, 0x00000000e0500000, 0x00000000e0500000|100%| O|Cm|TAMS 0x00000000e0400000| PB 0x00000000e0400000| Complete 
|   5|0x00000000e0500000, 0x00000000e0500000, 0x00000000e0600000|  0%| F|  |TAMS 0x00000000e0500000| PB 0x00000000e0500000| Untracked 
|   6|0x00000000e0600000, 0x00000000e0700000, 0x00000000e0700000|100%| O|  |TAMS 0x00000000e0600000| PB 0x00000000e0600000| Untracked 
|   7|0x00000000e0700000, 0x00000000e0800000, 0x00000000e0800000|100%| O|  |TAMS 0x00000000e0700000| PB 0x00000000e0700000| Untracked 
|   8|0x00000000e0800000, 0x00000000e0900000, 0x00000000e0900000|100%| O|  |TAMS 0x00000000e0800000| PB 0x00000000e0800000| Untracked 
|   9|0x00000000e0900000, 0x00000000e0a00000, 0x00000000e0a00000|100%| O|  |TAMS 0x00000000e0900000| PB 0x00000000e0900000| Untracked 
|  10|0x00000000e0a00000, 0x00000000e0b00000, 0x00000000e0b00000|100%| O|  |TAMS 0x00000000e0a00000| PB 0x00000000e0a00000| Untracked 
|  11|0x00000000e0b00000, 0x00000000e0c00000, 0x00000000e0c00000|100%|HS|  |TAMS 0x00000000e0b00000| PB 0x00000000e0b00000| Complete 
|  12|0x00000000e0c00000, 0x00000000e0d00000, 0x00000000e0d00000|100%| O|  |TAMS 0x00000000e0c00000| PB 0x00000000e0c00000| Untracked 
|  13|0x00000000e0d00000, 0x00000000e0e00000, 0x00000000e0e00000|100%| O|  |TAMS 0x00000000e0d00000| PB 0x00000000e0d00000| Untracked 
|  14|0x00000000e0e00000, 0x00000000e0f00000, 0x00000000e0f00000|100%| O|  |TAMS 0x00000000e0e00000| PB 0x00000000e0e00000| Untracked 
|  15|0x00000000e0f00000, 0x00000000e1000000, 0x00000000e1000000|100%| O|  |TAMS 0x00000000e0f00000| PB 0x00000000e0f00000| Untracked 
|  16|0x00000000e1000000, 0x00000000e1100000, 0x00000000e1100000|100%| O|  |TAMS 0x00000000e1000000| PB 0x00000000e1000000| Untracked 
|  17|0x00000000e1100000, 0x00000000e1200000, 0x00000000e1200000|100%| O|  |TAMS 0x00000000e1100000| PB 0x00000000e1100000| Untracked 
|  18|0x00000000e1200000, 0x00000000e1300000, 0x00000000e1300000|100%| O|  |TAMS 0x00000000e1200000| PB 0x00000000e1200000| Untracked 
|  19|0x00000000e1300000, 0x00000000e1400000, 0x00000000e1400000|100%| O|  |TAMS 0x00000000e1300000| PB 0x00000000e1300000| Untracked 
|  20|0x00000000e1400000, 0x00000000e1500000, 0x00000000e1500000|100%| O|  |TAMS 0x00000000e1400000| PB 0x00000000e1400000| Untracked 
|  21|0x00000000e1500000, 0x00000000e1600000, 0x00000000e1600000|100%| O|  |TAMS 0x00000000e1500000| PB 0x00000000e1500000| Untracked 
|  22|0x00000000e1600000, 0x00000000e1700000, 0x00000000e1700000|100%| O|  |TAMS 0x00000000e1600000| PB 0x00000000e1600000| Untracked 
|  23|0x00000000e1700000, 0x00000000e1800000, 0x00000000e1800000|100%| O|  |TAMS 0x00000000e1700000| PB 0x00000000e1700000| Untracked 
|  24|0x00000000e1800000, 0x00000000e1900000, 0x00000000e1900000|100%| O|  |TAMS 0x00000000e1800000| PB 0x00000000e1800000| Untracked 
|  25|0x00000000e1900000, 0x00000000e19d9f08, 0x00000000e1a00000| 85%| O|  |TAMS 0x00000000e1900000| PB 0x00000000e1900000| Untracked 
|  26|0x00000000e1a00000, 0x00000000e1a00000, 0x00000000e1b00000|  0%| F|  |TAMS 0x00000000e1a00000| PB 0x00000000e1a00000| Untracked 
|  27|0x00000000e1b00000, 0x00000000e1b00000, 0x00000000e1c00000|  0%| F|  |TAMS 0x00000000e1b00000| PB 0x00000000e1b00000| Untracked 
|  28|0x00000000e1c00000, 0x00000000e1c00000, 0x00000000e1d00000|  0%| F|  |TAMS 0x00000000e1c00000| PB 0x00000000e1c00000| Untracked 
|  29|0x00000000e1d00000, 0x00000000e1d00000, 0x00000000e1e00000|  0%| F|  |TAMS 0x00000000e1d00000| PB 0x00000000e1d00000| Untracked 
|  30|0x00000000e1e00000, 0x00000000e1e00000, 0x00000000e1f00000|  0%| F|  |TAMS 0x00000000e1e00000| PB 0x00000000e1e00000| Untracked 
|  31|0x00000000e1f00000, 0x00000000e1f00000, 0x00000000e2000000|  0%| F|  |TAMS 0x00000000e1f00000| PB 0x00000000e1f00000| Untracked 
|  32|0x00000000e2000000, 0x00000000e2000000, 0x00000000e2100000|  0%| F|  |TAMS 0x00000000e2000000| PB 0x00000000e2000000| Untracked 
|  33|0x00000000e2100000, 0x00000000e2100000, 0x00000000e2200000|  0%| F|  |TAMS 0x00000000e2100000| PB 0x00000000e2100000| Untracked 
|  34|0x00000000e2200000, 0x00000000e2200000, 0x00000000e2300000|  0%| F|  |TAMS 0x00000000e2200000| PB 0x00000000e2200000| Untracked 
|  35|0x00000000e2300000, 0x00000000e2300000, 0x00000000e2400000|  0%| F|  |TAMS 0x00000000e2300000| PB 0x00000000e2300000| Untracked 
|  36|0x00000000e2400000, 0x00000000e2400000, 0x00000000e2500000|  0%| F|  |TAMS 0x00000000e2400000| PB 0x00000000e2400000| Untracked 
|  37|0x00000000e2500000, 0x00000000e2500000, 0x00000000e2600000|  0%| F|  |TAMS 0x00000000e2500000| PB 0x00000000e2500000| Untracked 
|  38|0x00000000e2600000, 0x00000000e2600000, 0x00000000e2700000|  0%| F|  |TAMS 0x00000000e2600000| PB 0x00000000e2600000| Untracked 
|  39|0x00000000e2700000, 0x00000000e2700000, 0x00000000e2800000|  0%| F|  |TAMS 0x00000000e2700000| PB 0x00000000e2700000| Untracked 
|  40|0x00000000e2800000, 0x00000000e2800000, 0x00000000e2900000|  0%| F|  |TAMS 0x00000000e2800000| PB 0x00000000e2800000| Untracked 
|  41|0x00000000e2900000, 0x00000000e2900000, 0x00000000e2a00000|  0%| F|  |TAMS 0x00000000e2900000| PB 0x00000000e2900000| Untracked 
|  42|0x00000000e2a00000, 0x00000000e2a00000, 0x00000000e2b00000|  0%| F|  |TAMS 0x00000000e2a00000| PB 0x00000000e2a00000| Untracked 
|  43|0x00000000e2b00000, 0x00000000e2b00000, 0x00000000e2c00000|  0%| F|  |TAMS 0x00000000e2b00000| PB 0x00000000e2b00000| Untracked 
|  44|0x00000000e2c00000, 0x00000000e2c00000, 0x00000000e2d00000|  0%| F|  |TAMS 0x00000000e2c00000| PB 0x00000000e2c00000| Untracked 
|  45|0x00000000e2d00000, 0x00000000e2d00000, 0x00000000e2e00000|  0%| F|  |TAMS 0x00000000e2d00000| PB 0x00000000e2d00000| Untracked 
|  46|0x00000000e2e00000, 0x00000000e2e00000, 0x00000000e2f00000|  0%| F|  |TAMS 0x00000000e2e00000| PB 0x00000000e2e00000| Untracked 
|  47|0x00000000e2f00000, 0x00000000e2f00000, 0x00000000e3000000|  0%| F|  |TAMS 0x00000000e2f00000| PB 0x00000000e2f00000| Untracked 
|  48|0x00000000e3000000, 0x00000000e3000000, 0x00000000e3100000|  0%| F|  |TAMS 0x00000000e3000000| PB 0x00000000e3000000| Untracked 
|  49|0x00000000e3100000, 0x00000000e3100000, 0x00000000e3200000|  0%| F|  |TAMS 0x00000000e3100000| PB 0x00000000e3100000| Untracked 
|  50|0x00000000e3200000, 0x00000000e3200000, 0x00000000e3300000|  0%| F|  |TAMS 0x00000000e3200000| PB 0x00000000e3200000| Untracked 
|  51|0x00000000e3300000, 0x00000000e3300000, 0x00000000e3400000|  0%| F|  |TAMS 0x00000000e3300000| PB 0x00000000e3300000| Untracked 
|  52|0x00000000e3400000, 0x00000000e3400000, 0x00000000e3500000|  0%| F|  |TAMS 0x00000000e3400000| PB 0x00000000e3400000| Untracked 
|  53|0x00000000e3500000, 0x00000000e3500000, 0x00000000e3600000|  0%| F|  |TAMS 0x00000000e3500000| PB 0x00000000e3500000| Untracked 
|  54|0x00000000e3600000, 0x00000000e3600000, 0x00000000e3700000|  0%| F|  |TAMS 0x00000000e3600000| PB 0x00000000e3600000| Untracked 
|  55|0x00000000e3700000, 0x00000000e3700000, 0x00000000e3800000|  0%| F|  |TAMS 0x00000000e3700000| PB 0x00000000e3700000| Untracked 
|  56|0x00000000e3800000, 0x00000000e3800000, 0x00000000e3900000|  0%| F|  |TAMS 0x00000000e3800000| PB 0x00000000e3800000| Untracked 
|  57|0x00000000e3900000, 0x00000000e3900000, 0x00000000e3a00000|  0%| F|  |TAMS 0x00000000e3900000| PB 0x00000000e3900000| Untracked 
|  58|0x00000000e3a00000, 0x00000000e3a00000, 0x00000000e3b00000|  0%| F|  |TAMS 0x00000000e3a00000| PB 0x00000000e3a00000| Untracked 
|  59|0x00000000e3b00000, 0x00000000e3b00000, 0x00000000e3c00000|  0%| F|  |TAMS 0x00000000e3b00000| PB 0x00000000e3b00000| Untracked 
|  60|0x00000000e3c00000, 0x00000000e3c00000, 0x00000000e3d00000|  0%| F|  |TAMS 0x00000000e3c00000| PB 0x00000000e3c00000| Untracked 
|  61|0x00000000e3d00000, 0x00000000e3d00000, 0x00000000e3e00000|  0%| F|  |TAMS 0x00000000e3d00000| PB 0x00000000e3d00000| Untracked 
|  62|0x00000000e3e00000, 0x00000000e3e00000, 0x00000000e3f00000|  0%| F|  |TAMS 0x00000000e3e00000| PB 0x00000000e3e00000| Untracked 
|  63|0x00000000e3f00000, 0x00000000e3f00000, 0x00000000e4000000|  0%| F|  |TAMS 0x00000000e3f00000| PB 0x00000000e3f00000| Untracked 
|  64|0x00000000e4000000, 0x00000000e4000000, 0x00000000e4100000|  0%| F|  |TAMS 0x00000000e4000000| PB 0x00000000e4000000| Untracked 
|  65|0x00000000e4100000, 0x00000000e4100000, 0x00000000e4200000|  0%| F|  |TAMS 0x00000000e4100000| PB 0x00000000e4100000| Untracked 
|  66|0x00000000e4200000, 0x00000000e4200000, 0x00000000e4300000|  0%| F|  |TAMS 0x00000000e4200000| PB 0x00000000e4200000| Untracked 
|  67|0x00000000e4300000, 0x00000000e4300000, 0x00000000e4400000|  0%| F|  |TAMS 0x00000000e4300000| PB 0x00000000e4300000| Untracked 
|  68|0x00000000e4400000, 0x00000000e4400000, 0x00000000e4500000|  0%| F|  |TAMS 0x00000000e4400000| PB 0x00000000e4400000| Untracked 
|  69|0x00000000e4500000, 0x00000000e4500000, 0x00000000e4600000|  0%| F|  |TAMS 0x00000000e4500000| PB 0x00000000e4500000| Untracked 
|  70|0x00000000e4600000, 0x00000000e4600000, 0x00000000e4700000|  0%| F|  |TAMS 0x00000000e4600000| PB 0x00000000e4600000| Untracked 
|  71|0x00000000e4700000, 0x00000000e4700000, 0x00000000e4800000|  0%| F|  |TAMS 0x00000000e4700000| PB 0x00000000e4700000| Untracked 
|  72|0x00000000e4800000, 0x00000000e4800000, 0x00000000e4900000|  0%| F|  |TAMS 0x00000000e4800000| PB 0x00000000e4800000| Untracked 
|  73|0x00000000e4900000, 0x00000000e4900000, 0x00000000e4a00000|  0%| F|  |TAMS 0x00000000e4900000| PB 0x00000000e4900000| Untracked 
|  74|0x00000000e4a00000, 0x00000000e4a00000, 0x00000000e4b00000|  0%| F|  |TAMS 0x00000000e4a00000| PB 0x00000000e4a00000| Untracked 
|  75|0x00000000e4b00000, 0x00000000e4b00000, 0x00000000e4c00000|  0%| F|  |TAMS 0x00000000e4b00000| PB 0x00000000e4b00000| Untracked 
|  76|0x00000000e4c00000, 0x00000000e4c00000, 0x00000000e4d00000|  0%| F|  |TAMS 0x00000000e4c00000| PB 0x00000000e4c00000| Untracked 
|  77|0x00000000e4d00000, 0x00000000e4d00000, 0x00000000e4e00000|  0%| F|  |TAMS 0x00000000e4d00000| PB 0x00000000e4d00000| Untracked 
|  78|0x00000000e4e00000, 0x00000000e4e00000, 0x00000000e4f00000|  0%| F|  |TAMS 0x00000000e4e00000| PB 0x00000000e4e00000| Untracked 
|  79|0x00000000e4f00000, 0x00000000e4f00000, 0x00000000e5000000|  0%| F|  |TAMS 0x00000000e4f00000| PB 0x00000000e4f00000| Untracked 
|  80|0x00000000e5000000, 0x00000000e5000000, 0x00000000e5100000|  0%| F|  |TAMS 0x00000000e5000000| PB 0x00000000e5000000| Untracked 
|  81|0x00000000e5100000, 0x00000000e5100000, 0x00000000e5200000|  0%| F|  |TAMS 0x00000000e5100000| PB 0x00000000e5100000| Untracked 
|  82|0x00000000e5200000, 0x00000000e5200000, 0x00000000e5300000|  0%| F|  |TAMS 0x00000000e5200000| PB 0x00000000e5200000| Untracked 
|  83|0x00000000e5300000, 0x00000000e5300000, 0x00000000e5400000|  0%| F|  |TAMS 0x00000000e5300000| PB 0x00000000e5300000| Untracked 
|  84|0x00000000e5400000, 0x00000000e5400000, 0x00000000e5500000|  0%| F|  |TAMS 0x00000000e5400000| PB 0x00000000e5400000| Untracked 
|  85|0x00000000e5500000, 0x00000000e5500000, 0x00000000e5600000|  0%| F|  |TAMS 0x00000000e5500000| PB 0x00000000e5500000| Untracked 
|  86|0x00000000e5600000, 0x00000000e5600000, 0x00000000e5700000|  0%| F|  |TAMS 0x00000000e5600000| PB 0x00000000e5600000| Untracked 
|  87|0x00000000e5700000, 0x00000000e5700000, 0x00000000e5800000|  0%| F|  |TAMS 0x00000000e5700000| PB 0x00000000e5700000| Untracked 
|  88|0x00000000e5800000, 0x00000000e5800000, 0x00000000e5900000|  0%| F|  |TAMS 0x00000000e5800000| PB 0x00000000e5800000| Untracked 
|  89|0x00000000e5900000, 0x00000000e5900000, 0x00000000e5a00000|  0%| F|  |TAMS 0x00000000e5900000| PB 0x00000000e5900000| Untracked 
|  90|0x00000000e5a00000, 0x00000000e5a00000, 0x00000000e5b00000|  0%| F|  |TAMS 0x00000000e5a00000| PB 0x00000000e5a00000| Untracked 
|  91|0x00000000e5b00000, 0x00000000e5b00000, 0x00000000e5c00000|  0%| F|  |TAMS 0x00000000e5b00000| PB 0x00000000e5b00000| Untracked 
|  92|0x00000000e5c00000, 0x00000000e5c00000, 0x00000000e5d00000|  0%| F|  |TAMS 0x00000000e5c00000| PB 0x00000000e5c00000| Untracked 
|  93|0x00000000e5d00000, 0x00000000e5d00000, 0x00000000e5e00000|  0%| F|  |TAMS 0x00000000e5d00000| PB 0x00000000e5d00000| Untracked 
|  94|0x00000000e5e00000, 0x00000000e5e00000, 0x00000000e5f00000|  0%| F|  |TAMS 0x00000000e5e00000| PB 0x00000000e5e00000| Untracked 
|  95|0x00000000e5f00000, 0x00000000e5f00000, 0x00000000e6000000|  0%| F|  |TAMS 0x00000000e5f00000| PB 0x00000000e5f00000| Untracked 
|  96|0x00000000e6000000, 0x00000000e6000000, 0x00000000e6100000|  0%| F|  |TAMS 0x00000000e6000000| PB 0x00000000e6000000| Untracked 
|  97|0x00000000e6100000, 0x00000000e6100000, 0x00000000e6200000|  0%| F|  |TAMS 0x00000000e6100000| PB 0x00000000e6100000| Untracked 
|  98|0x00000000e6200000, 0x00000000e6200000, 0x00000000e6300000|  0%| F|  |TAMS 0x00000000e6200000| PB 0x00000000e6200000| Untracked 
|  99|0x00000000e6300000, 0x00000000e6300000, 0x00000000e6400000|  0%| F|  |TAMS 0x00000000e6300000| PB 0x00000000e6300000| Untracked 
| 100|0x00000000e6400000, 0x00000000e6400000, 0x00000000e6500000|  0%| F|  |TAMS 0x00000000e6400000| PB 0x00000000e6400000| Untracked 
| 101|0x00000000e6500000, 0x00000000e6500000, 0x00000000e6600000|  0%| F|  |TAMS 0x00000000e6500000| PB 0x00000000e6500000| Untracked 
| 102|0x00000000e6600000, 0x00000000e6600000, 0x00000000e6700000|  0%| F|  |TAMS 0x00000000e6600000| PB 0x00000000e6600000| Untracked 
| 103|0x00000000e6700000, 0x00000000e6700000, 0x00000000e6800000|  0%| F|  |TAMS 0x00000000e6700000| PB 0x00000000e6700000| Untracked 
| 104|0x00000000e6800000, 0x00000000e6800000, 0x00000000e6900000|  0%| F|  |TAMS 0x00000000e6800000| PB 0x00000000e6800000| Untracked 
| 105|0x00000000e6900000, 0x00000000e6900000, 0x00000000e6a00000|  0%| F|  |TAMS 0x00000000e6900000| PB 0x00000000e6900000| Untracked 
| 106|0x00000000e6a00000, 0x00000000e6a00000, 0x00000000e6b00000|  0%| F|  |TAMS 0x00000000e6a00000| PB 0x00000000e6a00000| Untracked 
| 107|0x00000000e6b00000, 0x00000000e6b00000, 0x00000000e6c00000|  0%| F|  |TAMS 0x00000000e6b00000| PB 0x00000000e6b00000| Untracked 
| 108|0x00000000e6c00000, 0x00000000e6c00000, 0x00000000e6d00000|  0%| F|  |TAMS 0x00000000e6c00000| PB 0x00000000e6c00000| Untracked 
| 109|0x00000000e6d00000, 0x00000000e6d00000, 0x00000000e6e00000|  0%| F|  |TAMS 0x00000000e6d00000| PB 0x00000000e6d00000| Untracked 
| 110|0x00000000e6e00000, 0x00000000e6e00000, 0x00000000e6f00000|  0%| F|  |TAMS 0x00000000e6e00000| PB 0x00000000e6e00000| Untracked 
| 111|0x00000000e6f00000, 0x00000000e6f00000, 0x00000000e7000000|  0%| F|  |TAMS 0x00000000e6f00000| PB 0x00000000e6f00000| Untracked 
| 112|0x00000000e7000000, 0x00000000e7000000, 0x00000000e7100000|  0%| F|  |TAMS 0x00000000e7000000| PB 0x00000000e7000000| Untracked 
| 113|0x00000000e7100000, 0x00000000e7100000, 0x00000000e7200000|  0%| F|  |TAMS 0x00000000e7100000| PB 0x00000000e7100000| Untracked 
| 114|0x00000000e7200000, 0x00000000e7200000, 0x00000000e7300000|  0%| F|  |TAMS 0x00000000e7200000| PB 0x00000000e7200000| Untracked 
| 115|0x00000000e7300000, 0x00000000e7300000, 0x00000000e7400000|  0%| F|  |TAMS 0x00000000e7300000| PB 0x00000000e7300000| Untracked 
| 116|0x00000000e7400000, 0x00000000e7400000, 0x00000000e7500000|  0%| F|  |TAMS 0x00000000e7400000| PB 0x00000000e7400000| Untracked 
| 117|0x00000000e7500000, 0x00000000e7500000, 0x00000000e7600000|  0%| F|  |TAMS 0x00000000e7500000| PB 0x00000000e7500000| Untracked 
| 118|0x00000000e7600000, 0x00000000e7600000, 0x00000000e7700000|  0%| F|  |TAMS 0x00000000e7600000| PB 0x00000000e7600000| Untracked 
| 119|0x00000000e7700000, 0x00000000e7700000, 0x00000000e7800000|  0%| F|  |TAMS 0x00000000e7700000| PB 0x00000000e7700000| Untracked 
| 120|0x00000000e7800000, 0x00000000e7800000, 0x00000000e7900000|  0%| F|  |TAMS 0x00000000e7800000| PB 0x00000000e7800000| Untracked 
| 121|0x00000000e7900000, 0x00000000e7900000, 0x00000000e7a00000|  0%| F|  |TAMS 0x00000000e7900000| PB 0x00000000e7900000| Untracked 
| 122|0x00000000e7a00000, 0x00000000e7a00000, 0x00000000e7b00000|  0%| F|  |TAMS 0x00000000e7a00000| PB 0x00000000e7a00000| Untracked 
| 123|0x00000000e7b00000, 0x00000000e7b00000, 0x00000000e7c00000|  0%| F|  |TAMS 0x00000000e7b00000| PB 0x00000000e7b00000| Untracked 
| 124|0x00000000e7c00000, 0x00000000e7c00000, 0x00000000e7d00000|  0%| F|  |TAMS 0x00000000e7c00000| PB 0x00000000e7c00000| Untracked 
| 125|0x00000000e7d00000, 0x00000000e7d00000, 0x00000000e7e00000|  0%| F|  |TAMS 0x00000000e7d00000| PB 0x00000000e7d00000| Untracked 
| 126|0x00000000e7e00000, 0x00000000e7e00000, 0x00000000e7f00000|  0%| F|  |TAMS 0x00000000e7e00000| PB 0x00000000e7e00000| Untracked 
| 127|0x00000000e7f00000, 0x00000000e7f00000, 0x00000000e8000000|  0%| F|  |TAMS 0x00000000e7f00000| PB 0x00000000e7f00000| Untracked 
| 128|0x00000000e8000000, 0x00000000e8000000, 0x00000000e8100000|  0%| F|  |TAMS 0x00000000e8000000| PB 0x00000000e8000000| Untracked 
| 129|0x00000000e8100000, 0x00000000e8100000, 0x00000000e8200000|  0%| F|  |TAMS 0x00000000e8100000| PB 0x00000000e8100000| Untracked 
| 130|0x00000000e8200000, 0x00000000e8200000, 0x00000000e8300000|  0%| F|  |TAMS 0x00000000e8200000| PB 0x00000000e8200000| Untracked 
| 131|0x00000000e8300000, 0x00000000e8300000, 0x00000000e8400000|  0%| F|  |TAMS 0x00000000e8300000| PB 0x00000000e8300000| Untracked 
| 132|0x00000000e8400000, 0x00000000e8400000, 0x00000000e8500000|  0%| F|  |TAMS 0x00000000e8400000| PB 0x00000000e8400000| Untracked 
| 133|0x00000000e8500000, 0x00000000e8500000, 0x00000000e8600000|  0%| F|  |TAMS 0x00000000e8500000| PB 0x00000000e8500000| Untracked 
| 134|0x00000000e8600000, 0x00000000e8600000, 0x00000000e8700000|  0%| F|  |TAMS 0x00000000e8600000| PB 0x00000000e8600000| Untracked 
| 135|0x00000000e8700000, 0x00000000e8700000, 0x00000000e8800000|  0%| F|  |TAMS 0x00000000e8700000| PB 0x00000000e8700000| Untracked 
| 136|0x00000000e8800000, 0x00000000e8800000, 0x00000000e8900000|  0%| F|  |TAMS 0x00000000e8800000| PB 0x00000000e8800000| Untracked 
| 137|0x00000000e8900000, 0x00000000e8900000, 0x00000000e8a00000|  0%| F|  |TAMS 0x00000000e8900000| PB 0x00000000e8900000| Untracked 
| 138|0x00000000e8a00000, 0x00000000e8a00000, 0x00000000e8b00000|  0%| F|  |TAMS 0x00000000e8a00000| PB 0x00000000e8a00000| Untracked 
| 139|0x00000000e8b00000, 0x00000000e8b00000, 0x00000000e8c00000|  0%| F|  |TAMS 0x00000000e8b00000| PB 0x00000000e8b00000| Untracked 
| 140|0x00000000e8c00000, 0x00000000e8c00000, 0x00000000e8d00000|  0%| F|  |TAMS 0x00000000e8c00000| PB 0x00000000e8c00000| Untracked 
| 141|0x00000000e8d00000, 0x00000000e8d00000, 0x00000000e8e00000|  0%| F|  |TAMS 0x00000000e8d00000| PB 0x00000000e8d00000| Untracked 
| 142|0x00000000e8e00000, 0x00000000e8e00000, 0x00000000e8f00000|  0%| F|  |TAMS 0x00000000e8e00000| PB 0x00000000e8e00000| Untracked 
| 143|0x00000000e8f00000, 0x00000000e8f00000, 0x00000000e9000000|  0%| F|  |TAMS 0x00000000e8f00000| PB 0x00000000e8f00000| Untracked 
| 144|0x00000000e9000000, 0x00000000e9000000, 0x00000000e9100000|  0%| F|  |TAMS 0x00000000e9000000| PB 0x00000000e9000000| Untracked 
| 145|0x00000000e9100000, 0x00000000e9100000, 0x00000000e9200000|  0%| F|  |TAMS 0x00000000e9100000| PB 0x00000000e9100000| Untracked 
| 146|0x00000000e9200000, 0x00000000e9200000, 0x00000000e9300000|  0%| F|  |TAMS 0x00000000e9200000| PB 0x00000000e9200000| Untracked 
| 147|0x00000000e9300000, 0x00000000e9300000, 0x00000000e9400000|  0%| F|  |TAMS 0x00000000e9300000| PB 0x00000000e9300000| Untracked 
| 148|0x00000000e9400000, 0x00000000e9400000, 0x00000000e9500000|  0%| F|  |TAMS 0x00000000e9400000| PB 0x00000000e9400000| Untracked 
| 149|0x00000000e9500000, 0x00000000e9500000, 0x00000000e9600000|  0%| F|  |TAMS 0x00000000e9500000| PB 0x00000000e9500000| Untracked 
| 150|0x00000000e9600000, 0x00000000e9600000, 0x00000000e9700000|  0%| F|  |TAMS 0x00000000e9600000| PB 0x00000000e9600000| Untracked 
| 151|0x00000000e9700000, 0x00000000e9700000, 0x00000000e9800000|  0%| F|  |TAMS 0x00000000e9700000| PB 0x00000000e9700000| Untracked 
| 152|0x00000000e9800000, 0x00000000e9800000, 0x00000000e9900000|  0%| F|  |TAMS 0x00000000e9800000| PB 0x00000000e9800000| Untracked 
| 153|0x00000000e9900000, 0x00000000e9900000, 0x00000000e9a00000|  0%| F|  |TAMS 0x00000000e9900000| PB 0x00000000e9900000| Untracked 
| 154|0x00000000e9a00000, 0x00000000e9a00000, 0x00000000e9b00000|  0%| F|  |TAMS 0x00000000e9a00000| PB 0x00000000e9a00000| Untracked 
| 155|0x00000000e9b00000, 0x00000000e9b00000, 0x00000000e9c00000|  0%| F|  |TAMS 0x00000000e9b00000| PB 0x00000000e9b00000| Untracked 
| 156|0x00000000e9c00000, 0x00000000e9c00000, 0x00000000e9d00000|  0%| F|  |TAMS 0x00000000e9c00000| PB 0x00000000e9c00000| Untracked 
| 157|0x00000000e9d00000, 0x00000000e9d00000, 0x00000000e9e00000|  0%| F|  |TAMS 0x00000000e9d00000| PB 0x00000000e9d00000| Untracked 
| 158|0x00000000e9e00000, 0x00000000e9e00000, 0x00000000e9f00000|  0%| F|  |TAMS 0x00000000e9e00000| PB 0x00000000e9e00000| Untracked 
| 159|0x00000000e9f00000, 0x00000000e9f00000, 0x00000000ea000000|  0%| F|  |TAMS 0x00000000e9f00000| PB 0x00000000e9f00000| Untracked 
| 160|0x00000000ea000000, 0x00000000ea000000, 0x00000000ea100000|  0%| F|  |TAMS 0x00000000ea000000| PB 0x00000000ea000000| Untracked 
| 161|0x00000000ea100000, 0x00000000ea100000, 0x00000000ea200000|  0%| F|  |TAMS 0x00000000ea100000| PB 0x00000000ea100000| Untracked 
| 162|0x00000000ea200000, 0x00000000ea200000, 0x00000000ea300000|  0%| F|  |TAMS 0x00000000ea200000| PB 0x00000000ea200000| Untracked 
| 163|0x00000000ea300000, 0x00000000ea300000, 0x00000000ea400000|  0%| F|  |TAMS 0x00000000ea300000| PB 0x00000000ea300000| Untracked 
| 164|0x00000000ea400000, 0x00000000ea400000, 0x00000000ea500000|  0%| F|  |TAMS 0x00000000ea400000| PB 0x00000000ea400000| Untracked 
| 165|0x00000000ea500000, 0x00000000ea500000, 0x00000000ea600000|  0%| F|  |TAMS 0x00000000ea500000| PB 0x00000000ea500000| Untracked 
| 166|0x00000000ea600000, 0x00000000ea600000, 0x00000000ea700000|  0%| F|  |TAMS 0x00000000ea600000| PB 0x00000000ea600000| Untracked 
| 167|0x00000000ea700000, 0x00000000ea700000, 0x00000000ea800000|  0%| F|  |TAMS 0x00000000ea700000| PB 0x00000000ea700000| Untracked 
| 168|0x00000000ea800000, 0x00000000ea800000, 0x00000000ea900000|  0%| F|  |TAMS 0x00000000ea800000| PB 0x00000000ea800000| Untracked 
| 169|0x00000000ea900000, 0x00000000ea900000, 0x00000000eaa00000|  0%| F|  |TAMS 0x00000000ea900000| PB 0x00000000ea900000| Untracked 
| 170|0x00000000eaa00000, 0x00000000eaa00000, 0x00000000eab00000|  0%| F|  |TAMS 0x00000000eaa00000| PB 0x00000000eaa00000| Untracked 
| 171|0x00000000eab00000, 0x00000000eab00000, 0x00000000eac00000|  0%| F|  |TAMS 0x00000000eab00000| PB 0x00000000eab00000| Untracked 
| 172|0x00000000eac00000, 0x00000000eac00000, 0x00000000ead00000|  0%| F|  |TAMS 0x00000000eac00000| PB 0x00000000eac00000| Untracked 
| 173|0x00000000ead00000, 0x00000000ead00000, 0x00000000eae00000|  0%| F|  |TAMS 0x00000000ead00000| PB 0x00000000ead00000| Untracked 
| 174|0x00000000eae00000, 0x00000000eae00000, 0x00000000eaf00000|  0%| F|  |TAMS 0x00000000eae00000| PB 0x00000000eae00000| Untracked 
| 175|0x00000000eaf00000, 0x00000000eaf00000, 0x00000000eb000000|  0%| F|  |TAMS 0x00000000eaf00000| PB 0x00000000eaf00000| Untracked 
| 176|0x00000000eb000000, 0x00000000eb000000, 0x00000000eb100000|  0%| F|  |TAMS 0x00000000eb000000| PB 0x00000000eb000000| Untracked 
| 177|0x00000000eb100000, 0x00000000eb100000, 0x00000000eb200000|  0%| F|  |TAMS 0x00000000eb100000| PB 0x00000000eb100000| Untracked 
| 178|0x00000000eb200000, 0x00000000eb200000, 0x00000000eb300000|  0%| F|  |TAMS 0x00000000eb200000| PB 0x00000000eb200000| Untracked 
| 179|0x00000000eb300000, 0x00000000eb300000, 0x00000000eb400000|  0%| F|  |TAMS 0x00000000eb300000| PB 0x00000000eb300000| Untracked 
| 180|0x00000000eb400000, 0x00000000eb400000, 0x00000000eb500000|  0%| F|  |TAMS 0x00000000eb400000| PB 0x00000000eb400000| Untracked 
| 181|0x00000000eb500000, 0x00000000eb500000, 0x00000000eb600000|  0%| F|  |TAMS 0x00000000eb500000| PB 0x00000000eb500000| Untracked 
| 182|0x00000000eb600000, 0x00000000eb600000, 0x00000000eb700000|  0%| F|  |TAMS 0x00000000eb600000| PB 0x00000000eb600000| Untracked 
| 183|0x00000000eb700000, 0x00000000eb700000, 0x00000000eb800000|  0%| F|  |TAMS 0x00000000eb700000| PB 0x00000000eb700000| Untracked 
| 184|0x00000000eb800000, 0x00000000eb800000, 0x00000000eb900000|  0%| F|  |TAMS 0x00000000eb800000| PB 0x00000000eb800000| Untracked 
| 185|0x00000000eb900000, 0x00000000eb900000, 0x00000000eba00000|  0%| F|  |TAMS 0x00000000eb900000| PB 0x00000000eb900000| Untracked 
| 186|0x00000000eba00000, 0x00000000eba00000, 0x00000000ebb00000|  0%| F|  |TAMS 0x00000000eba00000| PB 0x00000000eba00000| Untracked 
| 187|0x00000000ebb00000, 0x00000000ebb00000, 0x00000000ebc00000|  0%| F|  |TAMS 0x00000000ebb00000| PB 0x00000000ebb00000| Untracked 
| 188|0x00000000ebc00000, 0x00000000ebc00000, 0x00000000ebd00000|  0%| F|  |TAMS 0x00000000ebc00000| PB 0x00000000ebc00000| Untracked 
| 189|0x00000000ebd00000, 0x00000000ebd00000, 0x00000000ebe00000|  0%| F|  |TAMS 0x00000000ebd00000| PB 0x00000000ebd00000| Untracked 
| 190|0x00000000ebe00000, 0x00000000ebe00000, 0x00000000ebf00000|  0%| F|  |TAMS 0x00000000ebe00000| PB 0x00000000ebe00000| Untracked 
| 191|0x00000000ebf00000, 0x00000000ebf00000, 0x00000000ec000000|  0%| F|  |TAMS 0x00000000ebf00000| PB 0x00000000ebf00000| Untracked 
| 192|0x00000000ec000000, 0x00000000ec000000, 0x00000000ec100000|  0%| F|  |TAMS 0x00000000ec000000| PB 0x00000000ec000000| Untracked 
| 193|0x00000000ec100000, 0x00000000ec100000, 0x00000000ec200000|  0%| F|  |TAMS 0x00000000ec100000| PB 0x00000000ec100000| Untracked 
| 194|0x00000000ec200000, 0x00000000ec200000, 0x00000000ec300000|  0%| F|  |TAMS 0x00000000ec200000| PB 0x00000000ec200000| Untracked 
| 195|0x00000000ec300000, 0x00000000ec300000, 0x00000000ec400000|  0%| F|  |TAMS 0x00000000ec300000| PB 0x00000000ec300000| Untracked 
| 196|0x00000000ec400000, 0x00000000ec400000, 0x00000000ec500000|  0%| F|  |TAMS 0x00000000ec400000| PB 0x00000000ec400000| Untracked 
| 197|0x00000000ec500000, 0x00000000ec500000, 0x00000000ec600000|  0%| F|  |TAMS 0x00000000ec500000| PB 0x00000000ec500000| Untracked 
| 198|0x00000000ec600000, 0x00000000ec600000, 0x00000000ec700000|  0%| F|  |TAMS 0x00000000ec600000| PB 0x00000000ec600000| Untracked 
| 199|0x00000000ec700000, 0x00000000ec700000, 0x00000000ec800000|  0%| F|  |TAMS 0x00000000ec700000| PB 0x00000000ec700000| Untracked 
| 200|0x00000000ec800000, 0x00000000ec800000, 0x00000000ec900000|  0%| F|  |TAMS 0x00000000ec800000| PB 0x00000000ec800000| Untracked 
| 201|0x00000000ec900000, 0x00000000ec900000, 0x00000000eca00000|  0%| F|  |TAMS 0x00000000ec900000| PB 0x00000000ec900000| Untracked 
| 202|0x00000000eca00000, 0x00000000eca00000, 0x00000000ecb00000|  0%| F|  |TAMS 0x00000000eca00000| PB 0x00000000eca00000| Untracked 
| 203|0x00000000ecb00000, 0x00000000ecb00000, 0x00000000ecc00000|  0%| F|  |TAMS 0x00000000ecb00000| PB 0x00000000ecb00000| Untracked 
| 204|0x00000000ecc00000, 0x00000000ecc00000, 0x00000000ecd00000|  0%| F|  |TAMS 0x00000000ecc00000| PB 0x00000000ecc00000| Untracked 
| 205|0x00000000ecd00000, 0x00000000ecd00000, 0x00000000ece00000|  0%| F|  |TAMS 0x00000000ecd00000| PB 0x00000000ecd00000| Untracked 
| 206|0x00000000ece00000, 0x00000000ece00000, 0x00000000ecf00000|  0%| F|  |TAMS 0x00000000ece00000| PB 0x00000000ece00000| Untracked 
| 207|0x00000000ecf00000, 0x00000000ecf00000, 0x00000000ed000000|  0%| F|  |TAMS 0x00000000ecf00000| PB 0x00000000ecf00000| Untracked 
| 208|0x00000000ed000000, 0x00000000ed000000, 0x00000000ed100000|  0%| F|  |TAMS 0x00000000ed000000| PB 0x00000000ed000000| Untracked 
| 209|0x00000000ed100000, 0x00000000ed100000, 0x00000000ed200000|  0%| F|  |TAMS 0x00000000ed100000| PB 0x00000000ed100000| Untracked 
| 210|0x00000000ed200000, 0x00000000ed200000, 0x00000000ed300000|  0%| F|  |TAMS 0x00000000ed200000| PB 0x00000000ed200000| Untracked 
| 211|0x00000000ed300000, 0x00000000ed300000, 0x00000000ed400000|  0%| F|  |TAMS 0x00000000ed300000| PB 0x00000000ed300000| Untracked 
| 212|0x00000000ed400000, 0x00000000ed400000, 0x00000000ed500000|  0%| F|  |TAMS 0x00000000ed400000| PB 0x00000000ed400000| Untracked 
| 213|0x00000000ed500000, 0x00000000ed500000, 0x00000000ed600000|  0%| F|  |TAMS 0x00000000ed500000| PB 0x00000000ed500000| Untracked 
| 214|0x00000000ed600000, 0x00000000ed600000, 0x00000000ed700000|  0%| F|  |TAMS 0x00000000ed600000| PB 0x00000000ed600000| Untracked 
| 215|0x00000000ed700000, 0x00000000ed700000, 0x00000000ed800000|  0%| F|  |TAMS 0x00000000ed700000| PB 0x00000000ed700000| Untracked 
| 216|0x00000000ed800000, 0x00000000ed800000, 0x00000000ed900000|  0%| F|  |TAMS 0x00000000ed800000| PB 0x00000000ed800000| Untracked 
| 217|0x00000000ed900000, 0x00000000ed900000, 0x00000000eda00000|  0%| F|  |TAMS 0x00000000ed900000| PB 0x00000000ed900000| Untracked 
| 218|0x00000000eda00000, 0x00000000eda00000, 0x00000000edb00000|  0%| F|  |TAMS 0x00000000eda00000| PB 0x00000000eda00000| Untracked 
| 219|0x00000000edb00000, 0x00000000edb00000, 0x00000000edc00000|  0%| F|  |TAMS 0x00000000edb00000| PB 0x00000000edb00000| Untracked 
| 220|0x00000000edc00000, 0x00000000edc00000, 0x00000000edd00000|  0%| F|  |TAMS 0x00000000edc00000| PB 0x00000000edc00000| Untracked 
| 221|0x00000000edd00000, 0x00000000edd00000, 0x00000000ede00000|  0%| F|  |TAMS 0x00000000edd00000| PB 0x00000000edd00000| Untracked 
| 222|0x00000000ede00000, 0x00000000ede00000, 0x00000000edf00000|  0%| F|  |TAMS 0x00000000ede00000| PB 0x00000000ede00000| Untracked 
| 223|0x00000000edf00000, 0x00000000edf00000, 0x00000000ee000000|  0%| F|  |TAMS 0x00000000edf00000| PB 0x00000000edf00000| Untracked 
| 224|0x00000000ee000000, 0x00000000ee000000, 0x00000000ee100000|  0%| F|  |TAMS 0x00000000ee000000| PB 0x00000000ee000000| Untracked 
| 225|0x00000000ee100000, 0x00000000ee100000, 0x00000000ee200000|  0%| F|  |TAMS 0x00000000ee100000| PB 0x00000000ee100000| Untracked 
| 226|0x00000000ee200000, 0x00000000ee200000, 0x00000000ee300000|  0%| F|  |TAMS 0x00000000ee200000| PB 0x00000000ee200000| Untracked 
| 227|0x00000000ee300000, 0x00000000ee300000, 0x00000000ee400000|  0%| F|  |TAMS 0x00000000ee300000| PB 0x00000000ee300000| Untracked 
| 228|0x00000000ee400000, 0x00000000ee400000, 0x00000000ee500000|  0%| F|  |TAMS 0x00000000ee400000| PB 0x00000000ee400000| Untracked 
| 229|0x00000000ee500000, 0x00000000ee500000, 0x00000000ee600000|  0%| F|  |TAMS 0x00000000ee500000| PB 0x00000000ee500000| Untracked 
| 230|0x00000000ee600000, 0x00000000ee600000, 0x00000000ee700000|  0%| F|  |TAMS 0x00000000ee600000| PB 0x00000000ee600000| Untracked 
| 231|0x00000000ee700000, 0x00000000ee700000, 0x00000000ee800000|  0%| F|  |TAMS 0x00000000ee700000| PB 0x00000000ee700000| Untracked 
| 232|0x00000000ee800000, 0x00000000ee800000, 0x00000000ee900000|  0%| F|  |TAMS 0x00000000ee800000| PB 0x00000000ee800000| Untracked 
| 233|0x00000000ee900000, 0x00000000ee900000, 0x00000000eea00000|  0%| F|  |TAMS 0x00000000ee900000| PB 0x00000000ee900000| Untracked 
| 234|0x00000000eea00000, 0x00000000eea00000, 0x00000000eeb00000|  0%| F|  |TAMS 0x00000000eea00000| PB 0x00000000eea00000| Untracked 
| 235|0x00000000eeb00000, 0x00000000eeb6c920, 0x00000000eec00000| 42%| E|  |TAMS 0x00000000eeb00000| PB 0x00000000eeb00000| Complete 
| 236|0x00000000eec00000, 0x00000000eed00000, 0x00000000eed00000|100%| E|CS|TAMS 0x00000000eec00000| PB 0x00000000eec00000| Complete 
| 237|0x00000000eed00000, 0x00000000eee00000, 0x00000000eee00000|100%| E|CS|TAMS 0x00000000eed00000| PB 0x00000000eed00000| Complete 
| 238|0x00000000eee00000, 0x00000000eef00000, 0x00000000eef00000|100%| E|CS|TAMS 0x00000000eee00000| PB 0x00000000eee00000| Complete 
| 239|0x00000000eef00000, 0x00000000ef000000, 0x00000000ef000000|100%| S|CS|TAMS 0x00000000eef00000| PB 0x00000000eef00000| Complete 
| 240|0x00000000ef000000, 0x00000000ef100000, 0x00000000ef100000|100%| S|CS|TAMS 0x00000000ef000000| PB 0x00000000ef000000| Complete 
| 241|0x00000000ef100000, 0x00000000ef200000, 0x00000000ef200000|100%| S|CS|TAMS 0x00000000ef100000| PB 0x00000000ef100000| Complete 
| 242|0x00000000ef200000, 0x00000000ef300000, 0x00000000ef300000|100%| S|CS|TAMS 0x00000000ef200000| PB 0x00000000ef200000| Complete 
| 243|0x00000000ef300000, 0x00000000ef400000, 0x00000000ef400000|100%| S|CS|TAMS 0x00000000ef300000| PB 0x00000000ef300000| Complete 
| 244|0x00000000ef400000, 0x00000000ef500000, 0x00000000ef500000|100%| S|CS|TAMS 0x00000000ef400000| PB 0x00000000ef400000| Complete 
| 245|0x00000000ef500000, 0x00000000ef600000, 0x00000000ef600000|100%| S|CS|TAMS 0x00000000ef500000| PB 0x00000000ef500000| Complete 
| 246|0x00000000ef600000, 0x00000000ef700000, 0x00000000ef700000|100%| E|CS|TAMS 0x00000000ef600000| PB 0x00000000ef600000| Complete 
| 247|0x00000000ef700000, 0x00000000ef800000, 0x00000000ef800000|100%| E|CS|TAMS 0x00000000ef700000| PB 0x00000000ef700000| Complete 
| 248|0x00000000ef800000, 0x00000000ef900000, 0x00000000ef900000|100%| E|CS|TAMS 0x00000000ef800000| PB 0x00000000ef800000| Complete 
| 249|0x00000000ef900000, 0x00000000efa00000, 0x00000000efa00000|100%| E|CS|TAMS 0x00000000ef900000| PB 0x00000000ef900000| Complete 
| 250|0x00000000efa00000, 0x00000000efb00000, 0x00000000efb00000|100%| E|CS|TAMS 0x00000000efa00000| PB 0x00000000efa00000| Complete 
| 251|0x00000000efb00000, 0x00000000efc00000, 0x00000000efc00000|100%| E|CS|TAMS 0x00000000efb00000| PB 0x00000000efb00000| Complete 
| 252|0x00000000efc00000, 0x00000000efd00000, 0x00000000efd00000|100%| E|CS|TAMS 0x00000000efc00000| PB 0x00000000efc00000| Complete 
| 253|0x00000000efd00000, 0x00000000efe00000, 0x00000000efe00000|100%| E|CS|TAMS 0x00000000efd00000| PB 0x00000000efd00000| Complete 
| 254|0x00000000efe00000, 0x00000000eff00000, 0x00000000eff00000|100%| E|CS|TAMS 0x00000000efe00000| PB 0x00000000efe00000| Complete 
| 255|0x00000000eff00000, 0x00000000f0000000, 0x00000000f0000000|100%| E|CS|TAMS 0x00000000eff00000| PB 0x00000000eff00000| Complete 

Card table byte_map: [0x0000018a2d700000,0x0000018a2d800000] _byte_map_base: 0x0000018a2d000000

Marking Bits: (CMBitMap*) 0x0000018a1abab8c0
 Bits: [0x0000018a2d800000, 0x0000018a2e000000)

Polling page: 0x0000018a1a340000

Metaspace:

Usage:
  Non-class:     30.99 MB used.
      Class:      5.21 MB used.
       Both:     36.19 MB used.

Virtual space:
  Non-class space:       64.00 MB reserved,      31.69 MB ( 50%) committed,  1 nodes.
      Class space:      320.00 MB reserved,       5.88 MB (  2%) committed,  1 nodes.
             Both:      384.00 MB reserved,      37.56 MB ( 10%) committed. 

Chunk freelists:
   Non-Class:  15.96 MB
       Class:  9.94 MB
        Both:  25.90 MB

MaxMetaspaceSize: 384.00 MB
CompressedClassSpaceSize: 320.00 MB
Initial GC threshold: 21.00 MB
Current GC threshold: 59.81 MB
CDS: on
 - commit_granule_bytes: 65536.
 - commit_granule_words: 8192.
 - virtual_space_node_default_size: 8388608.
 - enlarge_chunks_in_place: 1.
 - use_allocation_guard: 0.


Internal statistics:

num_allocs_failed_limit: 12.
num_arena_births: 2476.
num_arena_deaths: 0.
num_vsnodes_births: 2.
num_vsnodes_deaths: 0.
num_space_committed: 601.
num_space_uncommitted: 0.
num_chunks_returned_to_freelist: 12.
num_chunks_taken_from_freelist: 4261.
num_chunk_merges: 12.
num_chunk_splits: 2759.
num_chunks_enlarged: 1647.
num_inconsistent_stats: 0.

CodeHeap 'non-profiled nmethods': size=119168Kb used=2218Kb max_used=2412Kb free=116949Kb
 bounds [0x0000018a25920000, 0x0000018a25b90000, 0x0000018a2cd80000]
CodeHeap 'profiled nmethods': size=119104Kb used=7784Kb max_used=8551Kb free=111319Kb
 bounds [0x0000018a1dd80000, 0x0000018a1e5e0000, 0x0000018a251d0000]
CodeHeap 'non-nmethods': size=7488Kb used=1990Kb max_used=2590Kb free=5498Kb
 bounds [0x0000018a251d0000, 0x0000018a254c0000, 0x0000018a25920000]
CodeCache: size=245760Kb, used=11992Kb, max_used=13553Kb, free=233766Kb
 total_blobs=4860, nmethods=4161, adapters=602, full_count=0
Compilation: enabled, stopped_count=0, restarted_count=0

Compilation events (20 events):
Event: 189.317 Thread 0x0000018a46057e60 4604       1       java.lang.management.DefaultPlatformMBeanProvider$7::mbeanInterfaceNames (5 bytes)
Event: 189.317 Thread 0x0000018a46057e60 nmethod 4604 0x0000018a259df690 code [0x0000018a259df820, 0x0000018a259df8e8]
Event: 190.321 Thread 0x0000018a46057e60 4605       1       com.sun.management.internal.PlatformMBeanProviderImpl$2::mbeanInterfaceNames (5 bytes)
Event: 190.322 Thread 0x0000018a46057e60 nmethod 4605 0x0000018a259df110 code [0x0000018a259df2a0, 0x0000018a259df368]
Event: 190.322 Thread 0x0000018a46057e60 4609       3       java.util.HashMap::values (25 bytes)
Event: 190.322 Thread 0x0000018a46057e60 nmethod 4609 0x0000018a1dfcc990 code [0x0000018a1dfccb60, 0x0000018a1dfcced0]
Event: 190.322 Thread 0x0000018a46057e60 4606       1       com.sun.management.internal.PlatformMBeanProviderImpl$3::mbeanInterfaceNames (5 bytes)
Event: 190.322 Thread 0x0000018a46057e60 nmethod 4606 0x0000018a25a39a10 code [0x0000018a25a39ba0, 0x0000018a25a39c68]
Event: 190.322 Thread 0x0000018a46057e60 4607       1       java.lang.management.DefaultPlatformMBeanProvider$5::mbeanInterfaceNames (5 bytes)
Event: 190.322 Thread 0x0000018a46057e60 nmethod 4607 0x0000018a25a39710 code [0x0000018a25a398a0, 0x0000018a25a39968]
Event: 190.322 Thread 0x0000018a46057e60 4608       1       java.lang.management.DefaultPlatformMBeanProvider$6::mbeanInterfaceNames (5 bytes)
Event: 190.322 Thread 0x0000018a46057e60 nmethod 4608 0x0000018a25a39410 code [0x0000018a25a395a0, 0x0000018a25a39668]
Event: 190.510 Thread 0x0000018a46057e60 4610       3       java.util.regex.Pattern$CharPropertyGreedy::study (45 bytes)
Event: 190.510 Thread 0x0000018a46057e60 nmethod 4610 0x0000018a1e029b10 code [0x0000018a1e029cc0, 0x0000018a1e029ef8]
Event: 190.784 Thread 0x0000018a46057e60 4611       3       java.net.InetSocketAddress$InetSocketAddressHolder::isUnresolved (13 bytes)
Event: 190.785 Thread 0x0000018a46057e60 nmethod 4611 0x0000018a1e24f410 code [0x0000018a1e24f5a0, 0x0000018a1e24f700]
Event: 190.805 Thread 0x0000018a46057e60 4612       3       java.net.InetSocketAddress::isUnresolved (8 bytes)
Event: 190.805 Thread 0x0000018a46057e60 nmethod 4612 0x0000018a1df21410 code [0x0000018a1df215c0, 0x0000018a1df21790]
Event: 190.808 Thread 0x0000018a46052990 4613       4       java.io.DataOutputStream::writeUTF (389 bytes)
Event: 190.836 Thread 0x0000018a46057e60 4616       2       org.gradle.internal.logging.text.AbstractLineChoppingStyledTextOutput$2::execute (77 bytes)

GC Heap History (14 events):
Event: 79.139 GC heap before
{Heap before GC invocations=0 (full 0):
 garbage-first heap   total 262144K, used 26624K [0x00000000e0000000, 0x0000000100000000)
  region size 1024K, 23 young (23552K), 0 survivors (0K)
 Metaspace       used 1692K, committed 1856K, reserved 393216K
  class space    used 152K, committed 256K, reserved 327680K
}
Event: 79.146 GC heap after
{Heap after GC invocations=1 (full 0):
 garbage-first heap   total 262144K, used 11149K [0x00000000e0000000, 0x0000000100000000)
  region size 1024K, 3 young (3072K), 3 survivors (3072K)
 Metaspace       used 1692K, committed 1856K, reserved 393216K
  class space    used 152K, committed 256K, reserved 327680K
}
Event: 107.304 GC heap before
{Heap before GC invocations=1 (full 0):
 garbage-first heap   total 262144K, used 40845K [0x00000000e0000000, 0x0000000100000000)
  region size 1024K, 32 young (32768K), 3 survivors (3072K)
 Metaspace       used 4860K, committed 5056K, reserved 393216K
  class space    used 622K, committed 704K, reserved 327680K
}
Event: 107.311 GC heap after
{Heap after GC invocations=2 (full 0):
 garbage-first heap   total 262144K, used 13531K [0x00000000e0000000, 0x0000000100000000)
  region size 1024K, 3 young (3072K), 3 survivors (3072K)
 Metaspace       used 4860K, committed 5056K, reserved 393216K
  class space    used 622K, committed 704K, reserved 327680K
}
Event: 120.655 GC heap before
{Heap before GC invocations=2 (full 0):
 garbage-first heap   total 262144K, used 57563K [0x00000000e0000000, 0x0000000100000000)
  region size 1024K, 44 young (45056K), 3 survivors (3072K)
 Metaspace       used 4992K, committed 5184K, reserved 393216K
  class space    used 623K, committed 704K, reserved 327680K
}
Event: 120.661 GC heap after
{Heap after GC invocations=3 (full 0):
 garbage-first heap   total 262144K, used 18432K [0x00000000e0000000, 0x0000000100000000)
  region size 1024K, 6 young (6144K), 6 survivors (6144K)
 Metaspace       used 4992K, committed 5184K, reserved 393216K
  class space    used 623K, committed 704K, reserved 327680K
}
Event: 170.112 GC heap before
{Heap before GC invocations=3 (full 0):
 garbage-first heap   total 262144K, used 120832K [0x00000000e0000000, 0x0000000100000000)
  region size 1024K, 107 young (109568K), 6 survivors (6144K)
 Metaspace       used 20865K, committed 21504K, reserved 393216K
  class space    used 2970K, committed 3264K, reserved 327680K
}
Event: 170.470 GC heap after
{Heap after GC invocations=4 (full 0):
 garbage-first heap   total 262144K, used 25783K [0x00000000e0000000, 0x0000000100000000)
  region size 1024K, 14 young (14336K), 14 survivors (14336K)
 Metaspace       used 20865K, committed 21504K, reserved 393216K
  class space    used 2970K, committed 3264K, reserved 327680K
}
Event: 175.949 GC heap before
{Heap before GC invocations=5 (full 0):
 garbage-first heap   total 262144K, used 130231K [0x00000000e0000000, 0x0000000100000000)
  region size 1024K, 116 young (118784K), 14 survivors (14336K)
 Metaspace       used 34574K, committed 35968K, reserved 393216K
  class space    used 4979K, committed 5696K, reserved 327680K
}
Event: 175.961 GC heap after
{Heap after GC invocations=6 (full 0):
 garbage-first heap   total 262144K, used 31700K [0x00000000e0000000, 0x0000000100000000)
  region size 1024K, 14 young (14336K), 14 survivors (14336K)
 Metaspace       used 34574K, committed 35968K, reserved 393216K
  class space    used 4979K, committed 5696K, reserved 327680K
}
Event: 176.049 GC heap before
{Heap before GC invocations=6 (full 0):
 garbage-first heap   total 262144K, used 32724K [0x00000000e0000000, 0x0000000100000000)
  region size 1024K, 16 young (16384K), 14 survivors (14336K)
 Metaspace       used 34887K, committed 36288K, reserved 393216K
  class space    used 5016K, committed 5696K, reserved 327680K
}
Event: 176.060 GC heap after
{Heap after GC invocations=7 (full 0):
 garbage-first heap   total 262144K, used 32291K [0x00000000e0000000, 0x0000000100000000)
  region size 1024K, 7 young (7168K), 7 survivors (7168K)
 Metaspace       used 34887K, committed 36288K, reserved 393216K
  class space    used 5016K, committed 5696K, reserved 327680K
}
Event: 176.154 GC heap before
{Heap before GC invocations=7 (full 0):
 garbage-first heap   total 262144K, used 34339K [0x00000000e0000000, 0x0000000100000000)
  region size 1024K, 10 young (10240K), 7 survivors (7168K)
 Metaspace       used 35200K, committed 36608K, reserved 393216K
  class space    used 5052K, committed 5760K, reserved 327680K
}
Event: 176.162 GC heap after
{Heap after GC invocations=8 (full 0):
 garbage-first heap   total 262144K, used 32615K [0x00000000e0000000, 0x0000000100000000)
  region size 1024K, 7 young (7168K), 7 survivors (7168K)
 Metaspace       used 35200K, committed 36608K, reserved 393216K
  class space    used 5052K, committed 5760K, reserved 327680K
}

Dll operation events (20 events):
Event: 3.803 Attempting to load shared library C:\Users\AI¿∂«’_µ•¿Ã≈Õ∫–ºÆB\.vscode\extensions\redhat.java-1.56.0-win32-x64\jre\21.0.12.1-win32-x86_64\bin\nio.dll
Event: 3.874 Loaded shared library C:\Users\AI¿∂«’_µ•¿Ã≈Õ∫–ºÆB\.vscode\extensions\redhat.java-1.56.0-win32-x64\jre\21.0.12.1-win32-x86_64\bin\nio.dll
Event: 4.186 Attempting to load shared library C:\Users\AI¿∂«’_µ•¿Ã≈Õ∫–ºÆB\.vscode\extensions\redhat.java-1.56.0-win32-x64\jre\21.0.12.1-win32-x86_64\bin\zip.dll
Event: 4.186 Loaded shared library C:\Users\AI¿∂«’_µ•¿Ã≈Õ∫–ºÆB\.vscode\extensions\redhat.java-1.56.0-win32-x64\jre\21.0.12.1-win32-x86_64\bin\zip.dll
Event: 52.066 Attempting to load shared library C:\Users\AI¿∂«’_µ•¿Ã≈Õ∫–ºÆB\.vscode\extensions\redhat.java-1.56.0-win32-x64\jre\21.0.12.1-win32-x86_64\bin\jimage.dll
Event: 52.066 Loaded shared library C:\Users\AI¿∂«’_µ•¿Ã≈Õ∫–ºÆB\.vscode\extensions\redhat.java-1.56.0-win32-x64\jre\21.0.12.1-win32-x86_64\bin\jimage.dll
Event: 81.243 Attempting to load shared library C:\Users\AI¿∂«’_µ•¿Ã≈Õ∫–ºÆB\.vscode\extensions\redhat.java-1.56.0-win32-x64\jre\21.0.12.1-win32-x86_64\bin\verify.dll
Event: 81.323 Loaded shared library C:\Users\AI¿∂«’_µ•¿Ã≈Õ∫–ºÆB\.vscode\extensions\redhat.java-1.56.0-win32-x64\jre\21.0.12.1-win32-x86_64\bin\verify.dll
Event: 82.048 Attempting to load shared library C:\Users\AI¿∂«’_µ•¿Ã≈Õ∫–ºÆB\.gradle\native\660c5614fbf4a5f2a75b1949f50a0caf5cd603558e7d8a26e50b933a0cfb79d1\windows-amd64\native-platform.dll
Event: 82.132 Loaded shared library C:\Users\AI¿∂«’_µ•¿Ã≈Õ∫–ºÆB\.gradle\native\660c5614fbf4a5f2a75b1949f50a0caf5cd603558e7d8a26e50b933a0cfb79d1\windows-amd64\native-platform.dll
Event: 82.746 Attempting to load shared library C:\Users\AI¿∂«’_µ•¿Ã≈Õ∫–ºÆB\.gradle\native\0.2.8\x86_64-windows-gnu\gradle-fileevents.dll
Event: 83.004 Loaded shared library C:\Users\AI¿∂«’_µ•¿Ã≈Õ∫–ºÆB\.gradle\native\0.2.8\x86_64-windows-gnu\gradle-fileevents.dll
Event: 128.846 Attempting to load shared library C:\Users\AI¿∂«’_µ•¿Ã≈Õ∫–ºÆB\.vscode\extensions\redhat.java-1.56.0-win32-x64\jre\21.0.12.1-win32-x86_64\bin\management.dll
Event: 128.848 Loaded shared library C:\Users\AI¿∂«’_µ•¿Ã≈Õ∫–ºÆB\.vscode\extensions\redhat.java-1.56.0-win32-x64\jre\21.0.12.1-win32-x86_64\bin\management.dll
Event: 128.859 Attempting to load shared library C:\Users\AI¿∂«’_µ•¿Ã≈Õ∫–ºÆB\.vscode\extensions\redhat.java-1.56.0-win32-x64\jre\21.0.12.1-win32-x86_64\bin\management_ext.dll
Event: 128.861 Loaded shared library C:\Users\AI¿∂«’_µ•¿Ã≈Õ∫–ºÆB\.vscode\extensions\redhat.java-1.56.0-win32-x64\jre\21.0.12.1-win32-x86_64\bin\management_ext.dll
Event: 134.194 Attempting to load shared library C:\Users\AI¿∂«’_µ•¿Ã≈Õ∫–ºÆB\.vscode\extensions\redhat.java-1.56.0-win32-x64\jre\21.0.12.1-win32-x86_64\bin\extnet.dll
Event: 134.199 Loaded shared library C:\Users\AI¿∂«’_µ•¿Ã≈Õ∫–ºÆB\.vscode\extensions\redhat.java-1.56.0-win32-x64\jre\21.0.12.1-win32-x86_64\bin\extnet.dll
Event: 140.787 Attempting to load shared library C:\Users\AI¿∂«’_µ•¿Ã≈Õ∫–ºÆB\.vscode\extensions\redhat.java-1.56.0-win32-x64\jre\21.0.12.1-win32-x86_64\bin\sunmscapi.dll
Event: 140.798 Loaded shared library C:\Users\AI¿∂«’_µ•¿Ã≈Õ∫–ºÆB\.vscode\extensions\redhat.java-1.56.0-win32-x64\jre\21.0.12.1-win32-x86_64\bin\sunmscapi.dll

Deoptimization events (20 events):
Event: 177.803 Thread 0x0000018a4f624e50 Uncommon trap: trap_request=0xffffffc6 fr.pc=0x0000018a25a8865c relative=0x00000000000008fc
Event: 177.803 Thread 0x0000018a4f624e50 Uncommon trap: reason=bimorphic_or_optimized_type_check action=maybe_recompile pc=0x0000018a25a8865c method=java.io.DataInputStream.readFully([BII)V @ 30 c2
Event: 177.803 Thread 0x0000018a4f624e50 DEOPT PACKING pc=0x0000018a25a8865c sp=0x0000004a31cfdf00
Event: 177.803 Thread 0x0000018a4f624e50 DEOPT UNPACKING pc=0x0000018a25227ba2 sp=0x0000004a31cfdeb8 mode 2
Event: 177.821 Thread 0x0000018a4f624e50 DEOPT PACKING pc=0x0000018a1e266082 sp=0x0000004a31cfd500
Event: 177.821 Thread 0x0000018a4f624e50 DEOPT UNPACKING pc=0x0000018a252286e2 sp=0x0000004a31cfca10 mode 0
Event: 177.837 Thread 0x0000018a4f625b70 Uncommon trap: trap_request=0xffffffc6 fr.pc=0x0000018a25b6a334 relative=0x0000000000000bb4
Event: 177.837 Thread 0x0000018a4f625b70 Uncommon trap: reason=bimorphic_or_optimized_type_check action=maybe_recompile pc=0x0000018a25b6a334 method=java.io.BufferedInputStream.implRead([BII)I @ 100 c2
Event: 177.837 Thread 0x0000018a4f625b70 DEOPT PACKING pc=0x0000018a25b6a334 sp=0x0000004a31ffdfd0
Event: 177.837 Thread 0x0000018a4f625b70 DEOPT UNPACKING pc=0x0000018a25227ba2 sp=0x0000004a31ffdf98 mode 2
Event: 177.844 Thread 0x0000018a4f624e50 Uncommon trap: trap_request=0xffffff45 fr.pc=0x0000018a2598d038 relative=0x00000000000007d8
Event: 177.844 Thread 0x0000018a4f624e50 Uncommon trap: reason=unstable_if action=reinterpret pc=0x0000018a2598d038 method=java.io.BufferedOutputStream.write([BII)V @ 4 c2
Event: 177.844 Thread 0x0000018a4f624e50 DEOPT PACKING pc=0x0000018a2598d038 sp=0x0000004a31cfe1c0
Event: 177.844 Thread 0x0000018a4f624e50 DEOPT UNPACKING pc=0x0000018a25227ba2 sp=0x0000004a31cfe190 mode 2
Event: 177.855 Thread 0x0000018a4f625b70 Uncommon trap: trap_request=0xffffffc6 fr.pc=0x0000018a25b6a334 relative=0x0000000000000bb4
Event: 177.855 Thread 0x0000018a4f625b70 Uncommon trap: reason=bimorphic_or_optimized_type_check action=maybe_recompile pc=0x0000018a25b6a334 method=java.io.BufferedInputStream.implRead([BII)I @ 100 c2
Event: 177.855 Thread 0x0000018a4f625b70 DEOPT PACKING pc=0x0000018a25b6a334 sp=0x0000004a31ffe0c0
Event: 177.855 Thread 0x0000018a4f625b70 DEOPT UNPACKING pc=0x0000018a25227ba2 sp=0x0000004a31ffe088 mode 2
Event: 177.890 Thread 0x0000018a4f6c43e0 DEOPT PACKING pc=0x0000018a1e266061 sp=0x0000004a318f4fd0
Event: 177.890 Thread 0x0000018a4f6c43e0 DEOPT UNPACKING pc=0x0000018a252286e2 sp=0x0000004a318f44e0 mode 0

Classes loaded (20 events):
Event: 176.397 Loading class java/io/StringReader
Event: 176.397 Loading class java/io/StringReader done
Event: 176.421 Loading class java/math/MutableBigInteger
Event: 176.422 Loading class java/math/MutableBigInteger done
Event: 177.772 Loading class java/nio/file/FileTreeWalker
Event: 177.772 Loading class java/nio/file/FileTreeWalker done
Event: 177.773 Loading class java/nio/file/FileTreeWalker$DirectoryNode
Event: 177.774 Loading class java/nio/file/FileTreeWalker$DirectoryNode done
Event: 177.774 Loading class java/nio/file/FileTreeWalker$Event
Event: 177.774 Loading class java/nio/file/FileTreeWalker$Event done
Event: 177.774 Loading class java/nio/file/FileTreeWalker$EventType
Event: 177.774 Loading class java/nio/file/FileTreeWalker$EventType done
Event: 177.775 Loading class java/nio/file/Files$3
Event: 177.775 Loading class java/nio/file/Files$3 done
Event: 177.777 Loading class java/nio/file/FileVisitResult
Event: 177.777 Loading class java/nio/file/FileVisitResult done
Event: 177.814 Loading class java/nio/charset/CharacterCodingException
Event: 177.814 Loading class java/nio/charset/CharacterCodingException done
Event: 177.895 Loading class java/util/stream/Streams$RangeIntSpliterator
Event: 177.896 Loading class java/util/stream/Streams$RangeIntSpliterator done

Classes unloaded (0 events):
No events

Classes redefined (0 events):
No events

Internal exceptions (20 events):
Event: 176.280 Thread 0x0000018a4f6c43e0 Exception <a 'java/lang/ClassNotFoundException'{0x00000000efd8a860}: groovy/lang/ExpandoMetaClassCustomizer> (0x00000000efd8a860) 
thrown [s\src\hotspot\share\classfile\systemDictionary.cpp, line 313]
Event: 176.312 Thread 0x0000018a4f6c43e0 Exception <a 'java/lang/ClassNotFoundException'{0x00000000efc0b518}: org/gradle/internal/extensibility/DefaultExtraPropertiesExtensionBeanInfo> (0x00000000efc0b518) 
thrown [s\src\hotspot\share\classfile\systemDictionary.cpp, line 313]
Event: 176.312 Thread 0x0000018a4f6c43e0 Exception <a 'java/lang/ClassNotFoundException'{0x00000000efc14560}: groovy/lang/GroovyObjectSupportBeanInfo> (0x00000000efc14560) 
thrown [s\src\hotspot\share\classfile\systemDictionary.cpp, line 313]
Event: 176.313 Thread 0x0000018a4f6c43e0 Exception <a 'java/lang/ClassNotFoundException'{0x00000000efc1d5b0}: groovy/lang/GroovyObjectSupportCustomizer> (0x00000000efc1d5b0) 
thrown [s\src\hotspot\share\classfile\systemDictionary.cpp, line 313]
Event: 176.326 Thread 0x0000018a4f6c43e0 Exception <a 'java/lang/ClassNotFoundException'{0x00000000efc38570}: org/gradle/internal/extensibility/DefaultExtraPropertiesExtensionCustomizer> (0x00000000efc38570) 
thrown [s\src\hotspot\share\classfile\systemDictionary.cpp, line 313]
Event: 176.336 Thread 0x0000018a4f6c43e0 Exception <a 'java/lang/IncompatibleClassChangeError'{0x00000000efc5f618}: Found class java.lang.Object, but interface was expected> (0x00000000efc5f618) 
thrown [s\src\hotspot\share\interpreter\linkResolver.cpp, line 840]
Event: 176.369 Thread 0x0000018a4f6c43e0 Exception <a 'sun/nio/fs/WindowsException'{0x00000000efb130b8}> (0x00000000efb130b8) 
thrown [s\src\hotspot\share\prims\jni.cpp, line 520]
Event: 176.381 Thread 0x0000018a4f6c43e0 Exception <a 'sun/nio/fs/WindowsException'{0x00000000efb15298}> (0x00000000efb15298) 
thrown [s\src\hotspot\share\prims\jni.cpp, line 520]
Event: 176.382 Thread 0x0000018a4f6c43e0 Exception <a 'sun/nio/fs/WindowsException'{0x00000000efb16bf0}> (0x00000000efb16bf0) 
thrown [s\src\hotspot\share\prims\jni.cpp, line 520]
Event: 176.383 Thread 0x0000018a4f6c43e0 Exception <a 'sun/nio/fs/WindowsException'{0x00000000efb180a8}> (0x00000000efb180a8) 
thrown [s\src\hotspot\share\prims\jni.cpp, line 520]
Event: 176.436 Thread 0x0000018a4f6c43e0 Exception <a 'java/lang/IncompatibleClassChangeError'{0x00000000efaae208}: Found class java.lang.Object, but interface was expected> (0x00000000efaae208) 
thrown [s\src\hotspot\share\interpreter\linkResolver.cpp, line 840]
Event: 177.760 Thread 0x0000018a4f6c43e0 Exception <a 'java/lang/NoSuchMethodError'{0x00000000ef856350}: 'java.lang.Object java.lang.invoke.DirectMethodHandle$Holder.invokeSpecial(java.lang.Object, java.lang.Object, long, java.lang.Object)'> (0x00000000ef856350) 
thrown [s\src\hotspot\share\interpreter\linkResolver.cpp, line 773]
Event: 177.761 Thread 0x0000018a4f6c43e0 Exception <a 'java/lang/NoSuchMethodError'{0x00000000ef85d8c8}: 'java.lang.Object java.lang.invoke.DirectMethodHandle$Holder.newInvokeSpecial(java.lang.Object, java.lang.Object, long)'> (0x00000000ef85d8c8) 
thrown [s\src\hotspot\share\interpreter\linkResolver.cpp, line 773]
Event: 177.762 Thread 0x0000018a4f6c43e0 Exception <a 'java/lang/NoSuchMethodError'{0x00000000ef861f20}: 'java.lang.Object java.lang.invoke.Invokers$Holder.linkToTargetMethod(java.lang.Object, long, java.lang.Object)'> (0x00000000ef861f20) 
thrown [s\src\hotspot\share\interpreter\linkResolver.cpp, line 773]
Event: 177.803 Thread 0x0000018a4f624e50 Implicit null exception at 0x0000018a25ad4f61 to 0x0000018a25ad55d0
Event: 177.803 Thread 0x0000018a4f624e50 Implicit null exception at 0x0000018a25a8bf4f to 0x0000018a25a8c2cc
Event: 177.844 Thread 0x0000018a4f624e50 Implicit null exception at 0x0000018a2598c8af to 0x0000018a2598d018
Event: 177.863 Thread 0x0000018a4f6c43e0 Exception <a 'java/lang/NoSuchMethodError'{0x00000000ef6485c8}: 'int java.lang.invoke.DirectMethodHandle$Holder.invokeSpecial(java.lang.Object, java.lang.Object, java.lang.Object, java.lang.Object)'> (0x00000000ef6485c8) 
thrown [s\src\hotspot\share\interpreter\linkResolver.cpp, line 773]
Event: 177.869 Thread 0x0000018a4f6c43e0 Exception <a 'java/lang/NoSuchMethodError'{0x00000000ef66b460}: 'int java.lang.invoke.DirectMethodHandle$Holder.invokeInterface(java.lang.Object, java.lang.Object)'> (0x00000000ef66b460) 
thrown [s\src\hotspot\share\interpreter\linkResolver.cpp, line 773]
Event: 177.893 Thread 0x0000018a4f6c43e0 Exception <a 'java/lang/NoSuchMethodError'{0x00000000eee05ef8}: 'java.lang.Object java.lang.invoke.DirectMethodHandle$Holder.invokeVirtual(java.lang.Object, java.lang.Object, int)'> (0x00000000eee05ef8) 
thrown [s\src\hotspot\share\interpreter\linkResolver.cpp, line 773]

ZGC Phase Switch (0 events):
No events

VM Operations (20 events):
Event: 177.793 Executing non-safepoint VM operation: HandshakeAllThreads (Deoptimize)
Event: 177.793 Executing non-safepoint VM operation: HandshakeAllThreads (Deoptimize) done
Event: 177.796 Executing non-safepoint VM operation: HandshakeAllThreads (Deoptimize)
Event: 177.796 Executing non-safepoint VM operation: HandshakeAllThreads (Deoptimize) done
Event: 178.808 Executing safepoint VM operation: Cleanup
Event: 178.808 Executing safepoint VM operation: Cleanup done
Event: 179.818 Executing safepoint VM operation: Cleanup
Event: 179.818 Executing safepoint VM operation: Cleanup done
Event: 180.829 Executing safepoint VM operation: Cleanup
Event: 180.829 Executing safepoint VM operation: Cleanup done
Event: 181.320 Executing non-safepoint VM operation: HandshakeAllThreads (HandshakeForDeflation)
Event: 181.320 Executing non-safepoint VM operation: HandshakeAllThreads (HandshakeForDeflation) done
Event: 181.320 Executing non-safepoint VM operation: RendezvousGCThreads
Event: 181.320 Executing non-safepoint VM operation: RendezvousGCThreads done
Event: 187.371 Executing safepoint VM operation: Cleanup
Event: 187.371 Executing safepoint VM operation: Cleanup done
Event: 188.382 Executing safepoint VM operation: Cleanup
Event: 188.382 Executing safepoint VM operation: Cleanup done
Event: 190.394 Executing safepoint VM operation: Cleanup
Event: 190.394 Executing safepoint VM operation: Cleanup done

Memory protections (0 events):
No events

Nmethod flushes (20 events):
Event: 176.179 Thread 0x0000018a4600c630 flushing  nmethod 0x0000018a1e239c10
Event: 176.179 Thread 0x0000018a4600c630 flushing  nmethod 0x0000018a1e240290
Event: 176.179 Thread 0x0000018a4600c630 flushing  nmethod 0x0000018a1e242390
Event: 176.179 Thread 0x0000018a4600c630 flushing  nmethod 0x0000018a1df93910
Event: 176.179 Thread 0x0000018a4600c630 flushing  nmethod 0x0000018a1df98390
Event: 176.179 Thread 0x0000018a4600c630 flushing  nmethod 0x0000018a1dfcc990
Event: 176.179 Thread 0x0000018a4600c630 flushing  nmethod 0x0000018a1e031990
Event: 176.179 Thread 0x0000018a4600c630 flushing  nmethod 0x0000018a1e032190
Event: 176.179 Thread 0x0000018a4600c630 flushing  nmethod 0x0000018a1e033590
Event: 176.179 Thread 0x0000018a4600c630 flushing  nmethod 0x0000018a1e072510
Event: 176.179 Thread 0x0000018a4600c630 flushing  nmethod 0x0000018a1e0f6110
Event: 176.179 Thread 0x0000018a4600c630 flushing  nmethod 0x0000018a1e15a910
Event: 176.179 Thread 0x0000018a4600c630 flushing  nmethod 0x0000018a1e199910
Event: 176.179 Thread 0x0000018a4600c630 flushing  nmethod 0x0000018a1e36ae90
Event: 176.179 Thread 0x0000018a4600c630 flushing  nmethod 0x0000018a1e37aa90
Event: 176.179 Thread 0x0000018a4600c630 flushing  nmethod 0x0000018a1dfea290
Event: 176.179 Thread 0x0000018a4600c630 flushing  nmethod 0x0000018a1dfea710
Event: 176.179 Thread 0x0000018a4600c630 flushing  nmethod 0x0000018a1e082110
Event: 176.179 Thread 0x0000018a4600c630 flushing  nmethod 0x0000018a1e082990
Event: 176.179 Thread 0x0000018a4600c630 flushing  nmethod 0x0000018a1e082f90

Events (20 events):
Event: 141.305 Thread 0x0000018a4f65b900 Thread added: 0x0000018a4f413850
Event: 141.441 Thread 0x0000018a4f65b900 Thread added: 0x0000018a4f45aa50
Event: 162.196 Thread 0x0000018a4f65b900 Thread added: 0x0000018a4f6c43e0
Event: 162.277 Thread 0x0000018a4f6c43e0 Thread added: 0x0000018a4f626890
Event: 162.321 Thread 0x0000018a4f6c43e0 Thread added: 0x0000018a4f626f20
Event: 162.354 Thread 0x0000018a4f6c43e0 Thread added: 0x0000018a4f623aa0
Event: 164.826 Thread 0x0000018a4f6c43e0 Thread added: 0x0000018a4f624e50
Event: 164.869 Thread 0x0000018a4f6c43e0 Thread added: 0x0000018a4f6254e0
Event: 166.379 Thread 0x0000018a4f6254e0 Thread added: 0x0000018a4f624130
Event: 166.695 Thread 0x0000018a4f6c43e0 Thread added: 0x0000018a4f625b70
Event: 169.403 Thread 0x0000018a46052990 Thread added: 0x0000018a5047fed0
Event: 170.815 Thread 0x0000018a5047fed0 Thread exited: 0x0000018a5047fed0
Event: 172.462 Thread 0x0000018a4f6c43e0 Thread added: 0x0000018a4fc63140
Event: 172.525 Thread 0x0000018a4f6c43e0 Thread added: 0x0000018a4fc637d0
Event: 173.325 Thread 0x0000018a4f6c43e0 Thread added: 0x0000018a4fc61d90
Event: 173.337 Thread 0x0000018a4f6c43e0 Thread added: 0x0000018a4fc61070
Event: 174.114 Thread 0x0000018a4f6c43e0 Thread added: 0x0000018a4fc61700
Event: 174.344 Thread 0x0000018a4f6c43e0 Thread added: 0x0000018a4fc658a0
Event: 175.012 Thread 0x0000018a4f6c43e0 Thread added: 0x0000018a4fc65f30
Event: 175.274 Thread 0x0000018a4f6c43e0 Thread added: 0x0000018a4fc63e60


Dynamic libraries:
0x00007ff62fb60000 - 0x00007ff62fb6e000 	C:\Users\AI¿∂«’_µ•¿Ã≈Õ∫–ºÆB\.vscode\extensions\redhat.java-1.56.0-win32-x64\jre\21.0.12.1-win32-x86_64\bin\java.exe
0x00007ffcd5960000 - 0x00007ffcd5bc7000 	C:\WINDOWS\SYSTEM32\ntdll.dll
0x00007ffcd4770000 - 0x00007ffcd483b000 	C:\WINDOWS\System32\KERNEL32.DLL
0x00007ffcd2c20000 - 0x00007ffcd3022000 	C:\WINDOWS\System32\KERNELBASE.dll
0x00007ffcd3470000 - 0x00007ffcd35bc000 	C:\WINDOWS\System32\ucrtbase.dll
0x00007ffca8580000 - 0x00007ffca859e000 	C:\Users\AI¿∂«’_µ•¿Ã≈Õ∫–ºÆB\.vscode\extensions\redhat.java-1.56.0-win32-x64\jre\21.0.12.1-win32-x86_64\bin\VCRUNTIME140.dll
0x00007ffca8820000 - 0x00007ffca8838000 	C:\Users\AI¿∂«’_µ•¿Ã≈Õ∫–ºÆB\.vscode\extensions\redhat.java-1.56.0-win32-x64\jre\21.0.12.1-win32-x86_64\bin\jli.dll
0x00007ffcd3b10000 - 0x00007ffcd3cdf000 	C:\WINDOWS\System32\USER32.dll
0x00007ffcd3030000 - 0x00007ffcd3057000 	C:\WINDOWS\System32\win32u.dll
0x00007ffcd4a70000 - 0x00007ffcd4a9b000 	C:\WINDOWS\System32\GDI32.dll
0x00007ffcd3340000 - 0x00007ffcd3469000 	C:\WINDOWS\System32\gdi32full.dll
0x00007ffcd35d0000 - 0x00007ffcd3673000 	C:\WINDOWS\System32\msvcp_win.dll
0x00007ffcbff30000 - 0x00007ffcc01c0000 	C:\WINDOWS\WinSxS\amd64_microsoft.windows.common-controls_6595b64144ccf1df_6.0.26100.9278_none_3e0d1ba8e3303201\COMCTL32.dll
0x00007ffcd3890000 - 0x00007ffcd3939000 	C:\WINDOWS\System32\msvcrt.dll
0x00007ffcd4fd0000 - 0x00007ffcd5001000 	C:\WINDOWS\System32\IMM32.DLL
0x00007ffcbf020000 - 0x00007ffcbf02c000 	C:\Users\AI¿∂«’_µ•¿Ã≈Õ∫–ºÆB\.vscode\extensions\redhat.java-1.56.0-win32-x64\jre\21.0.12.1-win32-x86_64\bin\vcruntime140_1.dll
0x00007ffc80da0000 - 0x00007ffc80e2d000 	C:\Users\AI¿∂«’_µ•¿Ã≈Õ∫–ºÆB\.vscode\extensions\redhat.java-1.56.0-win32-x64\jre\21.0.12.1-win32-x86_64\bin\msvcp140.dll
0x00007ffc62500000 - 0x00007ffc632a2000 	C:\Users\AI¿∂«’_µ•¿Ã≈Õ∫–ºÆB\.vscode\extensions\redhat.java-1.56.0-win32-x64\jre\21.0.12.1-win32-x86_64\bin\server\jvm.dll
0x00007ffcd49a0000 - 0x00007ffcd4a5c000 	C:\WINDOWS\System32\ADVAPI32.dll
0x00007ffcd3a30000 - 0x00007ffcd3ad9000 	C:\WINDOWS\System32\sechost.dll
0x00007ffcd5800000 - 0x00007ffcd5918000 	C:\WINDOWS\System32\RPCRT4.dll
0x00007ffcd4540000 - 0x00007ffcd45c0000 	C:\WINDOWS\System32\WS2_32.dll
0x00007ffcd29c0000 - 0x00007ffcd2a1e000 	C:\WINDOWS\SYSTEM32\POWRPROF.dll
0x00007ffcc3580000 - 0x00007ffcc358b000 	C:\WINDOWS\SYSTEM32\VERSION.dll
0x00007ffcc9e40000 - 0x00007ffcc9e76000 	C:\WINDOWS\SYSTEM32\WINMM.dll
0x00007ffcd29a0000 - 0x00007ffcd29b5000 	C:\WINDOWS\SYSTEM32\UMPDC.dll
0x00007ffcd17f0000 - 0x00007ffcd180b000 	C:\WINDOWS\SYSTEM32\kernel.appcore.dll
0x00007ffcbefd0000 - 0x00007ffcbefda000 	C:\Users\AI¿∂«’_µ•¿Ã≈Õ∫–ºÆB\.vscode\extensions\redhat.java-1.56.0-win32-x64\jre\21.0.12.1-win32-x86_64\bin\jimage.dll
0x00007ffcbf6f0000 - 0x00007ffcbf93c000 	C:\WINDOWS\SYSTEM32\DBGHELP.DLL
0x00007ffcd4b40000 - 0x00007ffcd4ec5000 	C:\WINDOWS\System32\combase.dll
0x00007ffcd3df0000 - 0x00007ffcd3ec9000 	C:\WINDOWS\System32\OLEAUT32.dll
0x00007ffcc0530000 - 0x00007ffcc056b000 	C:\WINDOWS\SYSTEM32\dbgcore.DLL
0x00007ffcd3060000 - 0x00007ffcd310c000 	C:\WINDOWS\System32\bcryptPrimitives.dll
0x00007ffcb01b0000 - 0x00007ffcb01bf000 	C:\Users\AI¿∂«’_µ•¿Ã≈Õ∫–ºÆB\.vscode\extensions\redhat.java-1.56.0-win32-x64\jre\21.0.12.1-win32-x86_64\bin\instrument.dll
0x00007ffca7d60000 - 0x00007ffca7d80000 	C:\Users\AI¿∂«’_µ•¿Ã≈Õ∫–ºÆB\.vscode\extensions\redhat.java-1.56.0-win32-x64\jre\21.0.12.1-win32-x86_64\bin\java.dll
0x00007ffcd5060000 - 0x00007ffcd57f8000 	C:\WINDOWS\System32\SHELL32.dll
0x00007ffcd05a0000 - 0x00007ffcd0e4e000 	C:\WINDOWS\SYSTEM32\windows.storage.dll
0x00007ffcd3cf0000 - 0x00007ffcd3deb000 	C:\WINDOWS\System32\SHCORE.dll
0x00007ffcd3690000 - 0x00007ffcd36f6000 	C:\WINDOWS\System32\shlwapi.dll
0x00007ffcd2a80000 - 0x00007ffcd2aa9000 	C:\WINDOWS\SYSTEM32\profapi.dll
0x00007ffca7d40000 - 0x00007ffca7d58000 	C:\Users\AI¿∂«’_µ•¿Ã≈Õ∫–ºÆB\.vscode\extensions\redhat.java-1.56.0-win32-x64\jre\21.0.12.1-win32-x86_64\bin\zip.dll
0x00007ffcafea0000 - 0x00007ffcafeb0000 	C:\Users\AI¿∂«’_µ•¿Ã≈Õ∫–ºÆB\.vscode\extensions\redhat.java-1.56.0-win32-x64\jre\21.0.12.1-win32-x86_64\bin\net.dll
0x00007ffccbaf0000 - 0x00007ffccbc1a000 	C:\WINDOWS\SYSTEM32\WINHTTP.dll
0x00007ffcd1d90000 - 0x00007ffcd1dfc000 	C:\WINDOWS\system32\mswsock.dll
0x00007ffca75c0000 - 0x00007ffca75d6000 	C:\Users\AI¿∂«’_µ•¿Ã≈Õ∫–ºÆB\.vscode\extensions\redhat.java-1.56.0-win32-x64\jre\21.0.12.1-win32-x86_64\bin\nio.dll
0x00007ffcafb70000 - 0x00007ffcafb80000 	C:\Users\AI¿∂«’_µ•¿Ã≈Õ∫–ºÆB\.vscode\extensions\redhat.java-1.56.0-win32-x64\jre\21.0.12.1-win32-x86_64\bin\verify.dll
0x00007ffcb7610000 - 0x00007ffcb7637000 	C:\Users\AI¿∂«’_µ•¿Ã≈Õ∫–ºÆB\.gradle\native\660c5614fbf4a5f2a75b1949f50a0caf5cd603558e7d8a26e50b933a0cfb79d1\windows-amd64\native-platform.dll
0x00007ffc878c0000 - 0x00007ffc87937000 	C:\Users\AI¿∂«’_µ•¿Ã≈Õ∫–ºÆB\.gradle\native\0.2.8\x86_64-windows-gnu\gradle-fileevents.dll
0x00007ffcb71b0000 - 0x00007ffcb71ba000 	C:\Users\AI¿∂«’_µ•¿Ã≈Õ∫–ºÆB\.vscode\extensions\redhat.java-1.56.0-win32-x64\jre\21.0.12.1-win32-x86_64\bin\management.dll
0x00007ffcb71a0000 - 0x00007ffcb71ac000 	C:\Users\AI¿∂«’_µ•¿Ã≈Õ∫–ºÆB\.vscode\extensions\redhat.java-1.56.0-win32-x64\jre\21.0.12.1-win32-x86_64\bin\management_ext.dll
0x00007ffcd3680000 - 0x00007ffcd3688000 	C:\WINDOWS\System32\PSAPI.DLL
0x00007ffcd11a0000 - 0x00007ffcd11d3000 	C:\WINDOWS\SYSTEM32\IPHLPAPI.DLL
0x00007ffcd4990000 - 0x00007ffcd499a000 	C:\WINDOWS\System32\NSI.dll
0x00007ffcafd60000 - 0x00007ffcafd69000 	C:\Users\AI¿∂«’_µ•¿Ã≈Õ∫–ºÆB\.vscode\extensions\redhat.java-1.56.0-win32-x64\jre\21.0.12.1-win32-x86_64\bin\extnet.dll
0x00007ffcd21b0000 - 0x00007ffcd21cb000 	C:\WINDOWS\SYSTEM32\CRYPTSP.dll
0x00007ffcd1750000 - 0x00007ffcd1789000 	C:\WINDOWS\system32\rsaenh.dll
0x00007ffcd1e40000 - 0x00007ffcd1e74000 	C:\WINDOWS\SYSTEM32\USERENV.dll
0x00007ffcd2a50000 - 0x00007ffcd2a7a000 	C:\WINDOWS\SYSTEM32\bcrypt.dll
0x00007ffcd1ff0000 - 0x00007ffcd1ffc000 	C:\WINDOWS\SYSTEM32\CRYPTBASE.dll
0x00007ffc940c0000 - 0x00007ffc940ce000 	C:\Users\AI¿∂«’_µ•¿Ã≈Õ∫–ºÆB\.vscode\extensions\redhat.java-1.56.0-win32-x64\jre\21.0.12.1-win32-x86_64\bin\sunmscapi.dll
0x00007ffcd31b0000 - 0x00007ffcd332e000 	C:\WINDOWS\System32\CRYPT32.dll
0x00007ffcd2320000 - 0x00007ffcd2350000 	C:\WINDOWS\SYSTEM32\ncrypt.dll
0x00007ffcd22d0000 - 0x00007ffcd230f000 	C:\WINDOWS\SYSTEM32\NTASN1.dll
0x00007ffc8a890000 - 0x00007ffc8a898000 	C:\WINDOWS\system32\wshunix.dll

JVMTI agents:
C:\Users\AI¿∂«’_µ•¿Ã≈Õ∫–ºÆB\.gradle\wrapper\dists\gradle-9.7.1-bin\1w1c7tv4s851m17nbqdsro2tv\gradle-9.7.1\lib\agents\gradle-instrumentation-agent-9.7.1.jar path:C:\Users\AI¿∂«’_µ•¿Ã≈Õ∫–ºÆB\.vscode\extensions\redhat.java-1.56.0-win32-x64\jre\21.0.12.1-win32-x86_64\bin\instrument.dll, loaded, initialized, instrumentlib options:none

dbghelp: loaded successfully - version: 4.0.5 - missing functions: none
symbol engine: initialized successfully - sym options: 0x614 - pdb path: .;C:\Users\AI¿∂«’_µ•¿Ã≈Õ∫–ºÆB\.vscode\extensions\redhat.java-1.56.0-win32-x64\jre\21.0.12.1-win32-x86_64\bin;C:\WINDOWS\SYSTEM32;C:\WINDOWS\WinSxS\amd64_microsoft.windows.common-controls_6595b64144ccf1df_6.0.26100.9278_none_3e0d1ba8e3303201;C:\Users\AI¿∂«’_µ•¿Ã≈Õ∫–ºÆB\.vscode\extensions\redhat.java-1.56.0-win32-x64\jre\21.0.12.1-win32-x86;C:\Users\AI¿∂«’_µ•¿Ã≈Õ∫–ºÆB\.vscode\extensions\redhat.java-1.56.0-win32-x64\jre\21.0.12.1-wi;C:\Users\AI¿∂«’_µ•¿Ã≈Õ∫–ºÆB\.vscode\extensions\redhat.java-1.56.0-win32-x64\jre\21.0.;C:\Users\AI¿∂«’_µ•¿Ã≈Õ∫–ºÆB\.vscode\extensions\redhat.java-1.56.0-win32-x64\jr;C:\Users\AI¿∂«’_µ•¿Ã≈Õ∫–ºÆB\.vscode\extensions\redhat.java-1.56.0-win32;C:\Users\AI¿∂«’_µ•¿Ã≈Õ∫–ºÆB\.vscode\extensions\redhat.java-1.56.;C:\Users\AI¿∂«’_µ•¿Ã≈Õ∫–ºÆB\.vscode\extensions\redhat.java-1.56.0-win32-x64\jre\21.0.12.1-win32-x86_64\bin\server;C:\Users\AI¿∂«’_µ•¿Ã≈Õ∫–ºÆB\.gradle\native\660c5614fbf4a5f;C:\Users\AI¿∂«’_µ•¿Ã≈Õ∫–ºÆB\.gradle\native\660c5614fbf4a5f2a75b1949f50a0caf5cd603558e7d8a26e50b933a0cfb79d1\wind;C:\Users\AI¿∂«’_µ•¿Ã≈Õ∫–ºÆB\.gradle\native\660c5614fbf4a5f2a75b1949f50a0caf5cd603558e7d8a26e50b933a0cfb79;C:\Users\AI¿∂«’_µ•¿Ã≈Õ∫–ºÆB\.gradle\native\660c5614fbf4a5f2a75b1949f50a0caf5cd603558e7d8a26e50b933;C:\Users\AI¿∂«’_µ•¿Ã≈Õ∫–ºÆB\.gradle\native\660c5614fbf4a5f2a75b1949f50a0caf5cd603558e7d8a26;C:\Users\AI¿∂«’_µ•¿Ã≈Õ∫–ºÆB\.gradle\native\660c5614fbf4a5f2a75b1949f50a0caf5cd603558;C:\Users\AI¿∂«’_µ•¿Ã≈Õ∫–ºÆB\.gradle\native\660c5614fbf4a5f2a75b1949f50a0caf5c

VM Arguments:
jvm_args: --add-opens=java.base/java.lang=ALL-UNNAMED --add-opens=java.base/java.lang.invoke=ALL-UNNAMED --add-opens=java.base/java.util=ALL-UNNAMED --add-opens=java.prefs/java.util.prefs=ALL-UNNAMED --add-exports=jdk.compiler/com.sun.tools.javac.api=ALL-UNNAMED --add-exports=jdk.compiler/com.sun.tools.javac.util=ALL-UNNAMED --add-opens=java.base/java.nio.charset=ALL-UNNAMED --add-opens=java.base/java.net=ALL-UNNAMED --add-opens=java.base/java.util.concurrent=ALL-UNNAMED --add-opens=java.base/java.util.concurrent.atomic=ALL-UNNAMED --add-opens=java.xml/javax.xml.namespace=ALL-UNNAMED --add-opens=java.base/java.time=ALL-UNNAMED -XX:MaxMetaspaceSize=384m -XX:+HeapDumpOnOutOfMemoryError -Xms256m -Xmx512m -Dfile.encoding=UTF-8 -Duser.country=KR -Duser.language=ko -Duser.variant -javaagent:C:\Users\AI¿∂«’_µ•¿Ã≈Õ∫–ºÆB\.gradle\wrapper\dists\gradle-9.7.1-bin\1w1c7tv4s851m17nbqdsro2tv\gradle-9.7.1\lib\agents\gradle-instrumentation-agent-9.7.1.jar 
java_command: org.gradle.launcher.daemon.bootstrap.GradleDaemon 9.7.1
java_class_path (initial): C:\Users\AI¿∂«’_µ•¿Ã≈Õ∫–ºÆB\.gradle\wrapper\dists\gradle-9.7.1-bin\1w1c7tv4s851m17nbqdsro2tv\gradle-9.7.1\lib\gradle-daemon-main-9.7.1.jar
Launcher Type: SUN_STANDARD

[Global flags]
     intx CICompilerCount                          = 12                                        {product} {ergonomic}
   size_t CompressedClassSpaceSize                 = 335544320                                 {product} {ergonomic}
     uint ConcGCThreads                            = 3                                         {product} {ergonomic}
     uint G1ConcRefinementThreads                  = 13                                        {product} {ergonomic}
   size_t G1HeapRegionSize                         = 1048576                                   {product} {ergonomic}
    uintx GCDrainStackTargetSize                   = 64                                        {product} {ergonomic}
     bool HeapDumpOnOutOfMemoryError               = true                                   {manageable} {command line}
   size_t InitialHeapSize                          = 268435456                                 {product} {command line}
   size_t MarkStackSize                            = 4194304                                   {product} {ergonomic}
   size_t MaxHeapSize                              = 536870912                                 {product} {command line}
   size_t MaxMetaspaceSize                         = 402653184                                 {product} {command line}
   size_t MaxNewSize                               = 321912832                                 {product} {ergonomic}
   size_t MinHeapDeltaBytes                        = 1048576                                   {product} {ergonomic}
   size_t MinHeapSize                              = 268435456                                 {product} {command line}
    uintx NonNMethodCodeHeapSize                   = 7602480                                {pd product} {ergonomic}
    uintx NonProfiledCodeHeapSize                  = 122027880                              {pd product} {ergonomic}
    uintx ProfiledCodeHeapSize                     = 122027880                              {pd product} {ergonomic}
    uintx ReservedCodeCacheSize                    = 251658240                              {pd product} {ergonomic}
     bool SegmentedCodeCache                       = true                                      {product} {ergonomic}
   size_t SoftMaxHeapSize                          = 536870912                              {manageable} {ergonomic}
     bool UseCompressedOops                        = true                           {product lp64_product} {ergonomic}
     bool UseG1GC                                  = true                                      {product} {ergonomic}
     bool UseLargePagesIndividualAllocation        = false                                  {pd product} {ergonomic}

Logging:
Log output configuration:
 #0: stdout all=warning uptime,level,tags foldmultilines=false
 #1: stderr all=off uptime,level,tags foldmultilines=false

Release file:
JAVA_VERSION="21.0.12.1" 
MODULES="java.base java.compiler java.datatransfer java.xml java.prefs java.desktop java.instrument java.logging java.management java.security.sasl java.naming java.rmi java.management.rmi java.net.http java.scripting java.security.jgss java.transaction.xa java.sql java.sql.rowset java.xml.crypto java.se java.smartcardio jdk.accessibility jdk.internal.jvmstat jdk.attach jdk.charsets jdk.internal.opt jdk.zipfs jdk.compiler jdk.crypto.ec jdk.crypto.cryptoki jdk.crypto.mscapi jdk.dynalink jdk.internal.ed jdk.editpad jdk.hotspot.agent jdk.httpserver jdk.internal.le jdk.internal.vm.ci jdk.internal.vm.compiler jdk.internal.vm.compiler.management jdk.jartool jdk.javadoc jdk.jcmd jdk.management jdk.management.agent jdk.jconsole jdk.jdeps jdk.jdwp.agent jdk.jdi jdk.jfr jdk.jshell jdk.jsobject jdk.jstatd jdk.localedata jdk.management.jfr jdk.naming.dns jdk.naming.rmi jdk.net jdk.nio.mapmode jdk.random jdk.sctp jdk.security.auth jdk.security.jgss jdk.unsupported jdk.unsupported.desktop jdk.xml.dom" 

Environment Variables:
PATH=C:\Python314\Scripts\;C:\Python314\;C:\Program Files\Eclipse Adoptium\jdk-21.0.12.101-hotspot\bin;C:\WINDOWS\system32;C:\WINDOWS;C:\WINDOWS\System32\Wbem;C:\WINDOWS\System32\WindowsPowerShell\v1.0\;C:\WINDOWS\System32\OpenSSH\;C:\Program Files\dotnet\;C:\Program Files\Git\cmd;C:\Program Files\Bandizip\;C:\Program Files\Kubernetes\Minikube;C:\Program Files\nodejs\;C:\ProgramData\chocolatey\bin;D:\nginx;C:\miniconda3;C:\miniconda3\Library\mingw-w64\bin;C:\miniconda3\Library\usr\bin;C:\miniconda3\Library\bin;C:\miniconda3\Scripts;C:\Users\AI¿∂«’_µ•¿Ã≈Õ∫–ºÆB\AppData\Local\Microsoft\WindowsApps;C:\Users\AI¿∂«’_µ•¿Ã≈Õ∫–ºÆB\AppData\Local\Programs\Microsoft VS Code\bin;C:\Users\AI¿∂«’_µ•¿Ã≈Õ∫–ºÆB\AppData\Local\Microsoft\WinGet\Links;C:\Users\AI¿∂«’_µ•¿Ã≈Õ∫–ºÆB\AppData\Roaming\npm;C:\Users\AI¿∂«’_µ•¿Ã≈Õ∫–ºÆB\AppData\Local\Programs\DockerDesktop\resources\bin
USERNAME=AI¿∂«’_µ•¿Ã≈Õ∫–ºÆB
OS=Windows_NT
PROCESSOR_IDENTIFIER=Intel64 Family 6 Model 167 Stepping 1, GenuineIntel
TMP=C:\Users\AI¿∂«’~1\AppData\Local\Temp
TEMP=C:\Users\AI¿∂«’~1\AppData\Local\Temp




Periodic native trim disabled

---------------  S Y S T E M  ---------------

OS:
 Windows 11 , 64 bit Build 26100 (10.0.26100.9444)
OS uptime: 0 days 0:21 hours
Hyper-V role detected

CPU: total 16 (initial active 16) (8 cores per cpu, 2 threads per core) family 6 model 167 stepping 1 microcode 0x40, cx8, cmov, fxsr, ht, mmx, 3dnowpref, sse, sse2, sse3, ssse3, sse4.1, sse4.2, popcnt, lzcnt, tsc, tscinvbit, avx, avx2, aes, erms, clmul, bmi1, bmi2, adx, avx512f, avx512dq, avx512cd, avx512bw, avx512vl, sha, fma, vzeroupper, avx512_vpopcntdq, avx512_vpclmulqdq, avx512_vaes, avx512_vnni, clflush, clflushopt, avx512_vbmi2, avx512_vbmi, hv, rdtscp, rdpid, fsrm, gfni, avx512_bitalg, f16c, avx512_ifma
Processor Information for the first 16 processors :
  Max Mhz: 2496, Current Mhz: 2496, Mhz Limit: 2496

Memory: 4k page, system-wide physical 16149M (1684M free)
TotalPageFile size 65301M (AvailPageFile size 1414M)
current process WorkingSet (physical memory assigned to process): 56M, peak: 267M
current process commit charge ("private bytes"): 447M, peak: 461M

vm_info: OpenJDK 64-Bit Server VM (21.0.12.1+1-LTS) for windows-amd64 JRE (21.0.12.1+1-LTS), built on 2026-08-18T00:00:00Z by "admin" with MS VC++ 17.12 (VS2022)

END.
