#
# There is insufficient memory for the Java Runtime Environment to continue.
# Native memory allocation (malloc) failed to allocate 1419280 bytes. Error detail: Chunk::new
# Possible reasons:
#   The system is out of physical RAM or swap space
#   This process is running with CompressedOops enabled, and the Java Heap may be blocking the growth of the native heap
# Possible solutions:
#   Reduce memory load on the system
#   Increase physical memory or swap space
#   Check if swap backing store is full
#   Decrease Java heap size (-Xmx/-Xms)
#   Decrease number of Java threads
#   Decrease Java thread stack sizes (-Xss)
#   Set larger code cache with -XX:ReservedCodeCacheSize=
#   JVM is running with Unscaled Compressed Oops mode in which the Java heap is
#     placed in the first 4GB address space. The Java Heap base address is the
#     maximum limit for the native heap growth. Please use -XX:HeapBaseMinAddress
#     to set the Java Heap base and to place the Java Heap above 4GB virtual address.
# This output file may be truncated or incomplete.
#
#  Out of Memory Error (arena.cpp:168), pid=23904, tid=43852
#
# JRE version: OpenJDK Runtime Environment Temurin-21.0.12.1+1 (21.0.12.1+1) (build 21.0.12.1+1-LTS)
# Java VM: OpenJDK 64-Bit Server VM Temurin-21.0.12.1+1 (21.0.12.1+1-LTS, mixed mode, sharing, tiered, compressed oops, compressed class ptrs, g1 gc, windows-amd64)
# No core dump will be written. Minidumps are not enabled by default on client versions of Windows
#

---------------  S U M M A R Y ------------

Command Line: --add-opens=java.base/java.lang=ALL-UNNAMED --add-opens=java.base/java.lang.invoke=ALL-UNNAMED --add-opens=java.base/java.util=ALL-UNNAMED --add-opens=java.prefs/java.util.prefs=ALL-UNNAMED --add-exports=jdk.compiler/com.sun.tools.javac.api=ALL-UNNAMED --add-exports=jdk.compiler/com.sun.tools.javac.util=ALL-UNNAMED --add-opens=java.base/java.nio.charset=ALL-UNNAMED --add-opens=java.base/java.net=ALL-UNNAMED --add-opens=java.base/java.util.concurrent=ALL-UNNAMED --add-opens=java.base/java.util.concurrent.atomic=ALL-UNNAMED --add-opens=java.xml/javax.xml.namespace=ALL-UNNAMED --add-opens=java.base/java.time=ALL-UNNAMED -XX:MaxMetaspaceSize=384m -XX:+HeapDumpOnOutOfMemoryError -Xms256m -Xmx512m -Dfile.encoding=UTF-8 -Duser.country=KR -Duser.language=ko -Duser.variant -javaagent:C:\Users\AI¿∂«’_µ•¿Ã≈Õ∫–ºÆB\.gradle\wrapper\dists\gradle-9.7.1-bin\1w1c7tv4s851m17nbqdsro2tv\gradle-9.7.1\lib\agents\gradle-instrumentation-agent-9.7.1.jar org.gradle.launcher.daemon.bootstrap.GradleDaemon 9.7.1

Host: 11th Gen Intel(R) Core(TM) i7-11700 @ 2.50GHz, 16 cores, 15G,  Windows 11 , 64 bit Build 26100 (10.0.26100.9444)
Time: Thu Sep 17 17:11:36 2026 elapsed time: 244.609095 seconds (0d 0h 4m 4s)

---------------  T H R E A D  ---------------

Current thread (0x000002ecfd018c20):  JavaThread "C2 CompilerThread0" daemon [_thread_in_native, id=43852, stack(0x000000f3d1900000,0x000000f3d1a00000) (1024K)]


Current CompileTask:
C2:244609 3221       4       java.lang.invoke.MethodType::makeImpl (109 bytes)

Stack: [0x000000f3d1900000,0x000000f3d1a00000]
Native frames: (J=compiled Java code, j=interpreted, Vv=VM code, C=native code)
V  [jvm.dll+0x6d83e9]
V  [jvm.dll+0x8b5736]
V  [jvm.dll+0x8b7cee]
V  [jvm.dll+0x8b83d3]
V  [jvm.dll+0x284596]
V  [jvm.dll+0xc685d]
V  [jvm.dll+0xc6da1]
V  [jvm.dll+0x3bf18b]
V  [jvm.dll+0x1e4149]
V  [jvm.dll+0x24c853]
V  [jvm.dll+0x24bce0]
V  [jvm.dll+0x1cb4ae]
V  [jvm.dll+0x25baad]
V  [jvm.dll+0x25a03a]
V  [jvm.dll+0x3f8aae]
V  [jvm.dll+0x8600cd]
V  [jvm.dll+0x6d6c1d]
C  [ucrtbase.dll+0x2cd30]
C  [KERNEL32.DLL+0x2cd87]
C  [ntdll.dll+0xacaec]


---------------  P R O C E S S  ---------------

Threads class SMR info:
_java_thread_list=0x000002ecfecd4e00, length=23, elements={
0x000002ece03f7800, 0x000002ecfd00cb80, 0x000002ecfd00e300, 0x000002ecfd011230,
0x000002ecfd013ca0, 0x000002ecfd017430, 0x000002ecfd017e90, 0x000002ecfd018c20,
0x000002ecfd01f110, 0x000002ecfd23cdd0, 0x000002ecfd2c0130, 0x000002ecfeeef270,
0x000002ecfdff3b40, 0x000002ecfd78b1b0, 0x000002ecff4be830, 0x000002ecff1b3c40,
0x000002ecff14d0f0, 0x000002ecff187410, 0x000002ecfef0a2b0, 0x000002ecfef0a940,
0x000002ecfef08870, 0x000002ecfef0afd0, 0x000002ecfef09c20
}

Java Threads: ( => current thread )
  0x000002ece03f7800 JavaThread "main"                              [_thread_blocked, id=33148, stack(0x000000f3d0b00000,0x000000f3d0c00000) (1024K)]
  0x000002ecfd00cb80 JavaThread "Reference Handler"          daemon [_thread_blocked, id=39740, stack(0x000000f3d1300000,0x000000f3d1400000) (1024K)]
  0x000002ecfd00e300 JavaThread "Finalizer"                  daemon [_thread_blocked, id=35636, stack(0x000000f3d1400000,0x000000f3d1500000) (1024K)]
  0x000002ecfd011230 JavaThread "Signal Dispatcher"          daemon [_thread_blocked, id=34688, stack(0x000000f3d1500000,0x000000f3d1600000) (1024K)]
  0x000002ecfd013ca0 JavaThread "Attach Listener"            daemon [_thread_blocked, id=24324, stack(0x000000f3d1600000,0x000000f3d1700000) (1024K)]
  0x000002ecfd017430 JavaThread "Service Thread"             daemon [_thread_blocked, id=40664, stack(0x000000f3d1700000,0x000000f3d1800000) (1024K)]
  0x000002ecfd017e90 JavaThread "Monitor Deflation Thread"   daemon [_thread_blocked, id=42180, stack(0x000000f3d1800000,0x000000f3d1900000) (1024K)]
=>0x000002ecfd018c20 JavaThread "C2 CompilerThread0"         daemon [_thread_in_native, id=43852, stack(0x000000f3d1900000,0x000000f3d1a00000) (1024K)]
  0x000002ecfd01f110 JavaThread "C1 CompilerThread0"         daemon [_thread_blocked, id=38856, stack(0x000000f3d1a00000,0x000000f3d1b00000) (1024K)]
  0x000002ecfd23cdd0 JavaThread "Common-Cleaner"             daemon [_thread_blocked, id=36680, stack(0x000000f3d1e00000,0x000000f3d1f00000) (1024K)]
  0x000002ecfd2c0130 JavaThread "Notification Thread"        daemon [_thread_blocked, id=33116, stack(0x000000f3d1f00000,0x000000f3d2000000) (1024K)]
  0x000002ecfeeef270 JavaThread "Daemon health stats"               [_thread_blocked, id=40136, stack(0x000000f3d0800000,0x000000f3d0900000) (1024K)]
  0x000002ecfdff3b40 JavaThread "Incoming local TCP Connector on port 52928"        [_thread_in_native, id=34580, stack(0x000000f3d0a00000,0x000000f3d0b00000) (1024K)]
  0x000002ecfd78b1b0 JavaThread "Daemon periodic checks"            [_thread_blocked, id=50120, stack(0x000000f3d0900000,0x000000f3d0a00000) (1024K)]
  0x000002ecff4be830 JavaThread "Daemon"                            [_thread_blocked, id=30496, stack(0x000000f3d2400000,0x000000f3d2500000) (1024K)]
  0x000002ecff1b3c40 JavaThread "Handler for socket connection from /127.0.0.1:52928 to /127.0.0.1:64059"        [_thread_in_native, id=19796, stack(0x000000f3d2500000,0x000000f3d2600000) (1024K)]
  0x000002ecff14d0f0 JavaThread "Cancel handler"                    [_thread_blocked, id=48200, stack(0x000000f3d2600000,0x000000f3d2700000) (1024K)]
  0x000002ecff187410 JavaThread "Daemon worker"                     [_thread_blocked, id=51264, stack(0x000000f3d2700000,0x000000f3d2800000) (1024K)]
  0x000002ecfef0a2b0 JavaThread "Asynchronous log dispatcher for DefaultDaemonConnection: socket connection from /127.0.0.1:52928 to /127.0.0.1:64059"        [_thread_blocked, id=51276, stack(0x000000f3d2800000,0x000000f3d2900000) (1024K)]
  0x000002ecfef0a940 JavaThread "Stdin handler"                     [_thread_blocked, id=51300, stack(0x000000f3d2900000,0x000000f3d2a00000) (1024K)]
  0x000002ecfef08870 JavaThread "Daemon client event forwarder"        [_thread_blocked, id=51304, stack(0x000000f3d2a00000,0x000000f3d2b00000) (1024K)]
  0x000002ecfef0afd0 JavaThread "Cache worker for journal cache (C:\Users\AIÏúµÌï©_Îç∞Ïù¥ÌÑ∞Î∂ÑÏÑùB\.gradle\caches\journal-1)"        [_thread_blocked, id=51692, stack(0x000000f3d2b00000,0x000000f3d2c00000) (1024K)]
  0x000002ecfef09c20 JavaThread "File lock request listener"        [_thread_in_native, id=51696, stack(0x000000f3d2c00000,0x000000f3d2d00000) (1024K)]
Total: 23

Other Threads:
  0x000002ecf8c8f560 VMThread "VM Thread"                           [id=2028, stack(0x000000f3d1200000,0x000000f3d1300000) (1024K)]
  0x000002ecf8c7fab0 WatcherThread "VM Periodic Task Thread"        [id=18748, stack(0x000000f3d1100000,0x000000f3d1200000) (1024K)]
  0x000002ece286d650 WorkerThread "GC Thread#0"                     [id=30840, stack(0x000000f3d0c00000,0x000000f3d0d00000) (1024K)]
  0x000002ecfd763150 WorkerThread "GC Thread#1"                     [id=28344, stack(0x000000f3d1b00000,0x000000f3d1c00000) (1024K)]
  0x000002ecfd763500 WorkerThread "GC Thread#2"                     [id=39884, stack(0x000000f3d1c00000,0x000000f3d1d00000) (1024K)]
  0x000002ecfd3eb500 WorkerThread "GC Thread#3"                     [id=21580, stack(0x000000f3d1d00000,0x000000f3d1e00000) (1024K)]
  0x000002ecfd3eb8b0 WorkerThread "GC Thread#4"                     [id=41544, stack(0x000000f3d2000000,0x000000f3d2100000) (1024K)]
  0x000002ecfd3ebc60 WorkerThread "GC Thread#5"                     [id=30008, stack(0x000000f3d2100000,0x000000f3d2200000) (1024K)]
  0x000002ece2872450 ConcurrentGCThread "G1 Main Marker"            [id=33248, stack(0x000000f3d0d00000,0x000000f3d0e00000) (1024K)]
  0x000002ece2872d70 WorkerThread "G1 Conc#0"                       [id=31724, stack(0x000000f3d0e00000,0x000000f3d0f00000) (1024K)]
  0x000002ecf8b4ca40 ConcurrentGCThread "G1 Refine#0"               [id=12472, stack(0x000000f3d0f00000,0x000000f3d1000000) (1024K)]
  0x000002ecf8b4d270 ConcurrentGCThread "G1 Service"                [id=35100, stack(0x000000f3d1000000,0x000000f3d1100000) (1024K)]
Total: 12

Threads with active compile tasks:
C2 CompilerThread0  246056 3221       4       java.lang.invoke.MethodType::makeImpl (109 bytes)
Total: 1

VM state: not at safepoint (normal execution)

VM Mutex/Monitor currently owned by a thread: None

Heap address: 0x00000000e0000000, size: 512 MB, Compressed Oops mode: 32-bit

CDS archive(s) mapped at: [0x000002ec80000000-0x000002ec80ba0000-0x000002ec80ba0000), size 12189696, SharedBaseAddress: 0x000002ec80000000, ArchiveRelocationMode: 1.
Compressed class space mapped at: 0x000002ec81000000-0x000002ec95000000, reserved size: 335544320
Narrow klass base: 0x000002ec80000000, Narrow klass shift: 0, Narrow klass range: 0x100000000

GC Precious Log:
 CardTable entry size: 512
 Card Set container configuration: InlinePtr #cards 5 size 8 Array Of Cards #cards 12 size 40 Howl #buckets 4 coarsen threshold 1843 Howl Bitmap #cards 512 size 80 coarsen threshold 460 Card regions per heap region 1 cards per card region 2048
 CPUs: 16 total, 16 available
 Memory: 16149M
 Large Page Support: Disabled
 NUMA Support: Disabled
 Compressed Oops: Enabled (32-bit)
 Heap Region Size: 1M
 Heap Min Capacity: 256M
 Heap Initial Capacity: 256M
 Heap Max Capacity: 512M
 Pre-touch: Disabled
 Parallel Workers: 13
 Concurrent Workers: 3
 Concurrent Refinement Workers: 13
 Periodic GC: Disabled

Heap:
 garbage-first heap   total 262144K, used 86325K [0x00000000e0000000, 0x0000000100000000)
  region size 1024K, 74 young (75776K), 6 survivors (6144K)
 Metaspace       used 15667K, committed 16064K, reserved 393216K
  class space    used 2153K, committed 2368K, reserved 327680K

Heap Regions: E=young(eden), S=young(survivor), O=old, HS=humongous(starts), HC=humongous(continues), CS=collection set, F=free, TAMS=top-at-mark-start, PB=parsable bottom
|   0|0x00000000e0000000, 0x00000000e0100000, 0x00000000e0100000|100%|HS|  |TAMS 0x00000000e0000000| PB 0x00000000e0000000| Complete 
|   1|0x00000000e0100000, 0x00000000e0200000, 0x00000000e0200000|100%|HC|  |TAMS 0x00000000e0100000| PB 0x00000000e0100000| Complete 
|   2|0x00000000e0200000, 0x00000000e0300000, 0x00000000e0300000|100%|HC|  |TAMS 0x00000000e0200000| PB 0x00000000e0200000| Complete 
|   3|0x00000000e0300000, 0x00000000e0400000, 0x00000000e0400000|100%|HC|  |TAMS 0x00000000e0300000| PB 0x00000000e0300000| Complete 
|   4|0x00000000e0400000, 0x00000000e0500000, 0x00000000e0500000|100%| O|  |TAMS 0x00000000e0400000| PB 0x00000000e0400000| Untracked 
|   5|0x00000000e0500000, 0x00000000e0600000, 0x00000000e0600000|100%| O|  |TAMS 0x00000000e0500000| PB 0x00000000e0500000| Untracked 
|   6|0x00000000e0600000, 0x00000000e0700000, 0x00000000e0700000|100%| O|  |TAMS 0x00000000e0600000| PB 0x00000000e0600000| Untracked 
|   7|0x00000000e0700000, 0x00000000e0800000, 0x00000000e0800000|100%| O|  |TAMS 0x00000000e0700000| PB 0x00000000e0700000| Untracked 
|   8|0x00000000e0800000, 0x00000000e0900000, 0x00000000e0900000|100%| O|  |TAMS 0x00000000e0800000| PB 0x00000000e0800000| Untracked 
|   9|0x00000000e0900000, 0x00000000e0a00000, 0x00000000e0a00000|100%| O|  |TAMS 0x00000000e0900000| PB 0x00000000e0900000| Untracked 
|  10|0x00000000e0a00000, 0x00000000e0a4d6b8, 0x00000000e0b00000| 30%| O|  |TAMS 0x00000000e0a00000| PB 0x00000000e0a00000| Untracked 
|  11|0x00000000e0b00000, 0x00000000e0c00000, 0x00000000e0c00000|100%|HS|  |TAMS 0x00000000e0b00000| PB 0x00000000e0b00000| Complete 
|  12|0x00000000e0c00000, 0x00000000e0c00000, 0x00000000e0d00000|  0%| F|  |TAMS 0x00000000e0c00000| PB 0x00000000e0c00000| Untracked 
|  13|0x00000000e0d00000, 0x00000000e0d00000, 0x00000000e0e00000|  0%| F|  |TAMS 0x00000000e0d00000| PB 0x00000000e0d00000| Untracked 
|  14|0x00000000e0e00000, 0x00000000e0e00000, 0x00000000e0f00000|  0%| F|  |TAMS 0x00000000e0e00000| PB 0x00000000e0e00000| Untracked 
|  15|0x00000000e0f00000, 0x00000000e0f00000, 0x00000000e1000000|  0%| F|  |TAMS 0x00000000e0f00000| PB 0x00000000e0f00000| Untracked 
|  16|0x00000000e1000000, 0x00000000e1000000, 0x00000000e1100000|  0%| F|  |TAMS 0x00000000e1000000| PB 0x00000000e1000000| Untracked 
|  17|0x00000000e1100000, 0x00000000e1100000, 0x00000000e1200000|  0%| F|  |TAMS 0x00000000e1100000| PB 0x00000000e1100000| Untracked 
|  18|0x00000000e1200000, 0x00000000e1200000, 0x00000000e1300000|  0%| F|  |TAMS 0x00000000e1200000| PB 0x00000000e1200000| Untracked 
|  19|0x00000000e1300000, 0x00000000e1300000, 0x00000000e1400000|  0%| F|  |TAMS 0x00000000e1300000| PB 0x00000000e1300000| Untracked 
|  20|0x00000000e1400000, 0x00000000e1400000, 0x00000000e1500000|  0%| F|  |TAMS 0x00000000e1400000| PB 0x00000000e1400000| Untracked 
|  21|0x00000000e1500000, 0x00000000e1500000, 0x00000000e1600000|  0%| F|  |TAMS 0x00000000e1500000| PB 0x00000000e1500000| Untracked 
|  22|0x00000000e1600000, 0x00000000e1600000, 0x00000000e1700000|  0%| F|  |TAMS 0x00000000e1600000| PB 0x00000000e1600000| Untracked 
|  23|0x00000000e1700000, 0x00000000e1700000, 0x00000000e1800000|  0%| F|  |TAMS 0x00000000e1700000| PB 0x00000000e1700000| Untracked 
|  24|0x00000000e1800000, 0x00000000e1800000, 0x00000000e1900000|  0%| F|  |TAMS 0x00000000e1800000| PB 0x00000000e1800000| Untracked 
|  25|0x00000000e1900000, 0x00000000e1900000, 0x00000000e1a00000|  0%| F|  |TAMS 0x00000000e1900000| PB 0x00000000e1900000| Untracked 
|  26|0x00000000e1a00000, 0x00000000e1a00000, 0x00000000e1b00000|  0%| F|  |TAMS 0x00000000e1a00000| PB 0x00000000e1a00000| Untracked 
|  27|0x00000000e1b00000, 0x00000000e1b00000, 0x00000000e1c00000|  0%| F|  |TAMS 0x00000000e1b00000| PB 0x00000000e1b00000| Untracked 
|  28|0x00000000e1c00000, 0x00000000e1c00000, 0x00000000e1d00000|  0%| F|  |TAMS 0x00000000e1c00000| PB 0x00000000e1c00000| Untracked 
|  29|0x00000000e1d00000, 0x00000000e1d00000, 0x00000000e1e00000|  0%| F|  |TAMS 0x00000000e1d00000| PB 0x00000000e1d00000| Untracked 
|  30|0x00000000e1e00000, 0x00000000e1e00000, 0x00000000e1f00000|  0%| F|  |TAMS 0x00000000e1e00000| PB 0x00000000e1e00000| Untracked 
|  31|0x00000000e1f00000, 0x00000000e1f00000, 0x00000000e2000000|  0%| F|  |TAMS 0x00000000e1f00000| PB 0x00000000e1f00000| Untracked 
|  32|0x00000000e2000000, 0x00000000e2000000, 0x00000000e2100000|  0%| F|  |TAMS 0x00000000e2000000| PB 0x00000000e2000000| Untracked 
|  33|0x00000000e2100000, 0x00000000e2100000, 0x00000000e2200000|  0%| F|  |TAMS 0x00000000e2100000| PB 0x00000000e2100000| Untracked 
|  34|0x00000000e2200000, 0x00000000e2200000, 0x00000000e2300000|  0%| F|  |TAMS 0x00000000e2200000| PB 0x00000000e2200000| Untracked 
|  35|0x00000000e2300000, 0x00000000e2300000, 0x00000000e2400000|  0%| F|  |TAMS 0x00000000e2300000| PB 0x00000000e2300000| Untracked 
|  36|0x00000000e2400000, 0x00000000e2400000, 0x00000000e2500000|  0%| F|  |TAMS 0x00000000e2400000| PB 0x00000000e2400000| Untracked 
|  37|0x00000000e2500000, 0x00000000e2500000, 0x00000000e2600000|  0%| F|  |TAMS 0x00000000e2500000| PB 0x00000000e2500000| Untracked 
|  38|0x00000000e2600000, 0x00000000e2600000, 0x00000000e2700000|  0%| F|  |TAMS 0x00000000e2600000| PB 0x00000000e2600000| Untracked 
|  39|0x00000000e2700000, 0x00000000e2700000, 0x00000000e2800000|  0%| F|  |TAMS 0x00000000e2700000| PB 0x00000000e2700000| Untracked 
|  40|0x00000000e2800000, 0x00000000e2800000, 0x00000000e2900000|  0%| F|  |TAMS 0x00000000e2800000| PB 0x00000000e2800000| Untracked 
|  41|0x00000000e2900000, 0x00000000e2900000, 0x00000000e2a00000|  0%| F|  |TAMS 0x00000000e2900000| PB 0x00000000e2900000| Untracked 
|  42|0x00000000e2a00000, 0x00000000e2a00000, 0x00000000e2b00000|  0%| F|  |TAMS 0x00000000e2a00000| PB 0x00000000e2a00000| Untracked 
|  43|0x00000000e2b00000, 0x00000000e2b00000, 0x00000000e2c00000|  0%| F|  |TAMS 0x00000000e2b00000| PB 0x00000000e2b00000| Untracked 
|  44|0x00000000e2c00000, 0x00000000e2c00000, 0x00000000e2d00000|  0%| F|  |TAMS 0x00000000e2c00000| PB 0x00000000e2c00000| Untracked 
|  45|0x00000000e2d00000, 0x00000000e2d00000, 0x00000000e2e00000|  0%| F|  |TAMS 0x00000000e2d00000| PB 0x00000000e2d00000| Untracked 
|  46|0x00000000e2e00000, 0x00000000e2e00000, 0x00000000e2f00000|  0%| F|  |TAMS 0x00000000e2e00000| PB 0x00000000e2e00000| Untracked 
|  47|0x00000000e2f00000, 0x00000000e2f00000, 0x00000000e3000000|  0%| F|  |TAMS 0x00000000e2f00000| PB 0x00000000e2f00000| Untracked 
|  48|0x00000000e3000000, 0x00000000e3000000, 0x00000000e3100000|  0%| F|  |TAMS 0x00000000e3000000| PB 0x00000000e3000000| Untracked 
|  49|0x00000000e3100000, 0x00000000e3100000, 0x00000000e3200000|  0%| F|  |TAMS 0x00000000e3100000| PB 0x00000000e3100000| Untracked 
|  50|0x00000000e3200000, 0x00000000e3200000, 0x00000000e3300000|  0%| F|  |TAMS 0x00000000e3200000| PB 0x00000000e3200000| Untracked 
|  51|0x00000000e3300000, 0x00000000e3300000, 0x00000000e3400000|  0%| F|  |TAMS 0x00000000e3300000| PB 0x00000000e3300000| Untracked 
|  52|0x00000000e3400000, 0x00000000e3400000, 0x00000000e3500000|  0%| F|  |TAMS 0x00000000e3400000| PB 0x00000000e3400000| Untracked 
|  53|0x00000000e3500000, 0x00000000e3500000, 0x00000000e3600000|  0%| F|  |TAMS 0x00000000e3500000| PB 0x00000000e3500000| Untracked 
|  54|0x00000000e3600000, 0x00000000e3600000, 0x00000000e3700000|  0%| F|  |TAMS 0x00000000e3600000| PB 0x00000000e3600000| Untracked 
|  55|0x00000000e3700000, 0x00000000e3700000, 0x00000000e3800000|  0%| F|  |TAMS 0x00000000e3700000| PB 0x00000000e3700000| Untracked 
|  56|0x00000000e3800000, 0x00000000e3800000, 0x00000000e3900000|  0%| F|  |TAMS 0x00000000e3800000| PB 0x00000000e3800000| Untracked 
|  57|0x00000000e3900000, 0x00000000e3900000, 0x00000000e3a00000|  0%| F|  |TAMS 0x00000000e3900000| PB 0x00000000e3900000| Untracked 
|  58|0x00000000e3a00000, 0x00000000e3a00000, 0x00000000e3b00000|  0%| F|  |TAMS 0x00000000e3a00000| PB 0x00000000e3a00000| Untracked 
|  59|0x00000000e3b00000, 0x00000000e3b00000, 0x00000000e3c00000|  0%| F|  |TAMS 0x00000000e3b00000| PB 0x00000000e3b00000| Untracked 
|  60|0x00000000e3c00000, 0x00000000e3c00000, 0x00000000e3d00000|  0%| F|  |TAMS 0x00000000e3c00000| PB 0x00000000e3c00000| Untracked 
|  61|0x00000000e3d00000, 0x00000000e3d00000, 0x00000000e3e00000|  0%| F|  |TAMS 0x00000000e3d00000| PB 0x00000000e3d00000| Untracked 
|  62|0x00000000e3e00000, 0x00000000e3e00000, 0x00000000e3f00000|  0%| F|  |TAMS 0x00000000e3e00000| PB 0x00000000e3e00000| Untracked 
|  63|0x00000000e3f00000, 0x00000000e3f00000, 0x00000000e4000000|  0%| F|  |TAMS 0x00000000e3f00000| PB 0x00000000e3f00000| Untracked 
|  64|0x00000000e4000000, 0x00000000e4000000, 0x00000000e4100000|  0%| F|  |TAMS 0x00000000e4000000| PB 0x00000000e4000000| Untracked 
|  65|0x00000000e4100000, 0x00000000e4100000, 0x00000000e4200000|  0%| F|  |TAMS 0x00000000e4100000| PB 0x00000000e4100000| Untracked 
|  66|0x00000000e4200000, 0x00000000e4200000, 0x00000000e4300000|  0%| F|  |TAMS 0x00000000e4200000| PB 0x00000000e4200000| Untracked 
|  67|0x00000000e4300000, 0x00000000e4300000, 0x00000000e4400000|  0%| F|  |TAMS 0x00000000e4300000| PB 0x00000000e4300000| Untracked 
|  68|0x00000000e4400000, 0x00000000e4400000, 0x00000000e4500000|  0%| F|  |TAMS 0x00000000e4400000| PB 0x00000000e4400000| Untracked 
|  69|0x00000000e4500000, 0x00000000e4500000, 0x00000000e4600000|  0%| F|  |TAMS 0x00000000e4500000| PB 0x00000000e4500000| Untracked 
|  70|0x00000000e4600000, 0x00000000e4600000, 0x00000000e4700000|  0%| F|  |TAMS 0x00000000e4600000| PB 0x00000000e4600000| Untracked 
|  71|0x00000000e4700000, 0x00000000e4700000, 0x00000000e4800000|  0%| F|  |TAMS 0x00000000e4700000| PB 0x00000000e4700000| Untracked 
|  72|0x00000000e4800000, 0x00000000e4800000, 0x00000000e4900000|  0%| F|  |TAMS 0x00000000e4800000| PB 0x00000000e4800000| Untracked 
|  73|0x00000000e4900000, 0x00000000e4900000, 0x00000000e4a00000|  0%| F|  |TAMS 0x00000000e4900000| PB 0x00000000e4900000| Untracked 
|  74|0x00000000e4a00000, 0x00000000e4a00000, 0x00000000e4b00000|  0%| F|  |TAMS 0x00000000e4a00000| PB 0x00000000e4a00000| Untracked 
|  75|0x00000000e4b00000, 0x00000000e4b00000, 0x00000000e4c00000|  0%| F|  |TAMS 0x00000000e4b00000| PB 0x00000000e4b00000| Untracked 
|  76|0x00000000e4c00000, 0x00000000e4c00000, 0x00000000e4d00000|  0%| F|  |TAMS 0x00000000e4c00000| PB 0x00000000e4c00000| Untracked 
|  77|0x00000000e4d00000, 0x00000000e4d00000, 0x00000000e4e00000|  0%| F|  |TAMS 0x00000000e4d00000| PB 0x00000000e4d00000| Untracked 
|  78|0x00000000e4e00000, 0x00000000e4e00000, 0x00000000e4f00000|  0%| F|  |TAMS 0x00000000e4e00000| PB 0x00000000e4e00000| Untracked 
|  79|0x00000000e4f00000, 0x00000000e4f00000, 0x00000000e5000000|  0%| F|  |TAMS 0x00000000e4f00000| PB 0x00000000e4f00000| Untracked 
|  80|0x00000000e5000000, 0x00000000e5000000, 0x00000000e5100000|  0%| F|  |TAMS 0x00000000e5000000| PB 0x00000000e5000000| Untracked 
|  81|0x00000000e5100000, 0x00000000e5100000, 0x00000000e5200000|  0%| F|  |TAMS 0x00000000e5100000| PB 0x00000000e5100000| Untracked 
|  82|0x00000000e5200000, 0x00000000e5200000, 0x00000000e5300000|  0%| F|  |TAMS 0x00000000e5200000| PB 0x00000000e5200000| Untracked 
|  83|0x00000000e5300000, 0x00000000e5300000, 0x00000000e5400000|  0%| F|  |TAMS 0x00000000e5300000| PB 0x00000000e5300000| Untracked 
|  84|0x00000000e5400000, 0x00000000e5400000, 0x00000000e5500000|  0%| F|  |TAMS 0x00000000e5400000| PB 0x00000000e5400000| Untracked 
|  85|0x00000000e5500000, 0x00000000e5500000, 0x00000000e5600000|  0%| F|  |TAMS 0x00000000e5500000| PB 0x00000000e5500000| Untracked 
|  86|0x00000000e5600000, 0x00000000e5600000, 0x00000000e5700000|  0%| F|  |TAMS 0x00000000e5600000| PB 0x00000000e5600000| Untracked 
|  87|0x00000000e5700000, 0x00000000e5700000, 0x00000000e5800000|  0%| F|  |TAMS 0x00000000e5700000| PB 0x00000000e5700000| Untracked 
|  88|0x00000000e5800000, 0x00000000e5800000, 0x00000000e5900000|  0%| F|  |TAMS 0x00000000e5800000| PB 0x00000000e5800000| Untracked 
|  89|0x00000000e5900000, 0x00000000e5900000, 0x00000000e5a00000|  0%| F|  |TAMS 0x00000000e5900000| PB 0x00000000e5900000| Untracked 
|  90|0x00000000e5a00000, 0x00000000e5a00000, 0x00000000e5b00000|  0%| F|  |TAMS 0x00000000e5a00000| PB 0x00000000e5a00000| Untracked 
|  91|0x00000000e5b00000, 0x00000000e5b00000, 0x00000000e5c00000|  0%| F|  |TAMS 0x00000000e5b00000| PB 0x00000000e5b00000| Untracked 
|  92|0x00000000e5c00000, 0x00000000e5c00000, 0x00000000e5d00000|  0%| F|  |TAMS 0x00000000e5c00000| PB 0x00000000e5c00000| Untracked 
|  93|0x00000000e5d00000, 0x00000000e5d00000, 0x00000000e5e00000|  0%| F|  |TAMS 0x00000000e5d00000| PB 0x00000000e5d00000| Untracked 
|  94|0x00000000e5e00000, 0x00000000e5e00000, 0x00000000e5f00000|  0%| F|  |TAMS 0x00000000e5e00000| PB 0x00000000e5e00000| Untracked 
|  95|0x00000000e5f00000, 0x00000000e5f00000, 0x00000000e6000000|  0%| F|  |TAMS 0x00000000e5f00000| PB 0x00000000e5f00000| Untracked 
|  96|0x00000000e6000000, 0x00000000e6000000, 0x00000000e6100000|  0%| F|  |TAMS 0x00000000e6000000| PB 0x00000000e6000000| Untracked 
|  97|0x00000000e6100000, 0x00000000e6100000, 0x00000000e6200000|  0%| F|  |TAMS 0x00000000e6100000| PB 0x00000000e6100000| Untracked 
|  98|0x00000000e6200000, 0x00000000e6200000, 0x00000000e6300000|  0%| F|  |TAMS 0x00000000e6200000| PB 0x00000000e6200000| Untracked 
|  99|0x00000000e6300000, 0x00000000e6300000, 0x00000000e6400000|  0%| F|  |TAMS 0x00000000e6300000| PB 0x00000000e6300000| Untracked 
| 100|0x00000000e6400000, 0x00000000e6400000, 0x00000000e6500000|  0%| F|  |TAMS 0x00000000e6400000| PB 0x00000000e6400000| Untracked 
| 101|0x00000000e6500000, 0x00000000e6500000, 0x00000000e6600000|  0%| F|  |TAMS 0x00000000e6500000| PB 0x00000000e6500000| Untracked 
| 102|0x00000000e6600000, 0x00000000e6600000, 0x00000000e6700000|  0%| F|  |TAMS 0x00000000e6600000| PB 0x00000000e6600000| Untracked 
| 103|0x00000000e6700000, 0x00000000e6700000, 0x00000000e6800000|  0%| F|  |TAMS 0x00000000e6700000| PB 0x00000000e6700000| Untracked 
| 104|0x00000000e6800000, 0x00000000e6800000, 0x00000000e6900000|  0%| F|  |TAMS 0x00000000e6800000| PB 0x00000000e6800000| Untracked 
| 105|0x00000000e6900000, 0x00000000e6900000, 0x00000000e6a00000|  0%| F|  |TAMS 0x00000000e6900000| PB 0x00000000e6900000| Untracked 
| 106|0x00000000e6a00000, 0x00000000e6a00000, 0x00000000e6b00000|  0%| F|  |TAMS 0x00000000e6a00000| PB 0x00000000e6a00000| Untracked 
| 107|0x00000000e6b00000, 0x00000000e6b00000, 0x00000000e6c00000|  0%| F|  |TAMS 0x00000000e6b00000| PB 0x00000000e6b00000| Untracked 
| 108|0x00000000e6c00000, 0x00000000e6c00000, 0x00000000e6d00000|  0%| F|  |TAMS 0x00000000e6c00000| PB 0x00000000e6c00000| Untracked 
| 109|0x00000000e6d00000, 0x00000000e6d00000, 0x00000000e6e00000|  0%| F|  |TAMS 0x00000000e6d00000| PB 0x00000000e6d00000| Untracked 
| 110|0x00000000e6e00000, 0x00000000e6e00000, 0x00000000e6f00000|  0%| F|  |TAMS 0x00000000e6e00000| PB 0x00000000e6e00000| Untracked 
| 111|0x00000000e6f00000, 0x00000000e6f00000, 0x00000000e7000000|  0%| F|  |TAMS 0x00000000e6f00000| PB 0x00000000e6f00000| Untracked 
| 112|0x00000000e7000000, 0x00000000e7000000, 0x00000000e7100000|  0%| F|  |TAMS 0x00000000e7000000| PB 0x00000000e7000000| Untracked 
| 113|0x00000000e7100000, 0x00000000e7100000, 0x00000000e7200000|  0%| F|  |TAMS 0x00000000e7100000| PB 0x00000000e7100000| Untracked 
| 114|0x00000000e7200000, 0x00000000e7200000, 0x00000000e7300000|  0%| F|  |TAMS 0x00000000e7200000| PB 0x00000000e7200000| Untracked 
| 115|0x00000000e7300000, 0x00000000e7300000, 0x00000000e7400000|  0%| F|  |TAMS 0x00000000e7300000| PB 0x00000000e7300000| Untracked 
| 116|0x00000000e7400000, 0x00000000e7400000, 0x00000000e7500000|  0%| F|  |TAMS 0x00000000e7400000| PB 0x00000000e7400000| Untracked 
| 117|0x00000000e7500000, 0x00000000e7500000, 0x00000000e7600000|  0%| F|  |TAMS 0x00000000e7500000| PB 0x00000000e7500000| Untracked 
| 118|0x00000000e7600000, 0x00000000e7600000, 0x00000000e7700000|  0%| F|  |TAMS 0x00000000e7600000| PB 0x00000000e7600000| Untracked 
| 119|0x00000000e7700000, 0x00000000e7700000, 0x00000000e7800000|  0%| F|  |TAMS 0x00000000e7700000| PB 0x00000000e7700000| Untracked 
| 120|0x00000000e7800000, 0x00000000e7800000, 0x00000000e7900000|  0%| F|  |TAMS 0x00000000e7800000| PB 0x00000000e7800000| Untracked 
| 121|0x00000000e7900000, 0x00000000e7900000, 0x00000000e7a00000|  0%| F|  |TAMS 0x00000000e7900000| PB 0x00000000e7900000| Untracked 
| 122|0x00000000e7a00000, 0x00000000e7a00000, 0x00000000e7b00000|  0%| F|  |TAMS 0x00000000e7a00000| PB 0x00000000e7a00000| Untracked 
| 123|0x00000000e7b00000, 0x00000000e7b00000, 0x00000000e7c00000|  0%| F|  |TAMS 0x00000000e7b00000| PB 0x00000000e7b00000| Untracked 
| 124|0x00000000e7c00000, 0x00000000e7c00000, 0x00000000e7d00000|  0%| F|  |TAMS 0x00000000e7c00000| PB 0x00000000e7c00000| Untracked 
| 125|0x00000000e7d00000, 0x00000000e7d00000, 0x00000000e7e00000|  0%| F|  |TAMS 0x00000000e7d00000| PB 0x00000000e7d00000| Untracked 
| 126|0x00000000e7e00000, 0x00000000e7e00000, 0x00000000e7f00000|  0%| F|  |TAMS 0x00000000e7e00000| PB 0x00000000e7e00000| Untracked 
| 127|0x00000000e7f00000, 0x00000000e7f00000, 0x00000000e8000000|  0%| F|  |TAMS 0x00000000e7f00000| PB 0x00000000e7f00000| Untracked 
| 128|0x00000000e8000000, 0x00000000e8000000, 0x00000000e8100000|  0%| F|  |TAMS 0x00000000e8000000| PB 0x00000000e8000000| Untracked 
| 129|0x00000000e8100000, 0x00000000e8100000, 0x00000000e8200000|  0%| F|  |TAMS 0x00000000e8100000| PB 0x00000000e8100000| Untracked 
| 130|0x00000000e8200000, 0x00000000e8200000, 0x00000000e8300000|  0%| F|  |TAMS 0x00000000e8200000| PB 0x00000000e8200000| Untracked 
| 131|0x00000000e8300000, 0x00000000e8300000, 0x00000000e8400000|  0%| F|  |TAMS 0x00000000e8300000| PB 0x00000000e8300000| Untracked 
| 132|0x00000000e8400000, 0x00000000e8400000, 0x00000000e8500000|  0%| F|  |TAMS 0x00000000e8400000| PB 0x00000000e8400000| Untracked 
| 133|0x00000000e8500000, 0x00000000e8500000, 0x00000000e8600000|  0%| F|  |TAMS 0x00000000e8500000| PB 0x00000000e8500000| Untracked 
| 134|0x00000000e8600000, 0x00000000e8600000, 0x00000000e8700000|  0%| F|  |TAMS 0x00000000e8600000| PB 0x00000000e8600000| Untracked 
| 135|0x00000000e8700000, 0x00000000e8700000, 0x00000000e8800000|  0%| F|  |TAMS 0x00000000e8700000| PB 0x00000000e8700000| Untracked 
| 136|0x00000000e8800000, 0x00000000e8800000, 0x00000000e8900000|  0%| F|  |TAMS 0x00000000e8800000| PB 0x00000000e8800000| Untracked 
| 137|0x00000000e8900000, 0x00000000e8900000, 0x00000000e8a00000|  0%| F|  |TAMS 0x00000000e8900000| PB 0x00000000e8900000| Untracked 
| 138|0x00000000e8a00000, 0x00000000e8a00000, 0x00000000e8b00000|  0%| F|  |TAMS 0x00000000e8a00000| PB 0x00000000e8a00000| Untracked 
| 139|0x00000000e8b00000, 0x00000000e8b00000, 0x00000000e8c00000|  0%| F|  |TAMS 0x00000000e8b00000| PB 0x00000000e8b00000| Untracked 
| 140|0x00000000e8c00000, 0x00000000e8c00000, 0x00000000e8d00000|  0%| F|  |TAMS 0x00000000e8c00000| PB 0x00000000e8c00000| Untracked 
| 141|0x00000000e8d00000, 0x00000000e8d00000, 0x00000000e8e00000|  0%| F|  |TAMS 0x00000000e8d00000| PB 0x00000000e8d00000| Untracked 
| 142|0x00000000e8e00000, 0x00000000e8e00000, 0x00000000e8f00000|  0%| F|  |TAMS 0x00000000e8e00000| PB 0x00000000e8e00000| Untracked 
| 143|0x00000000e8f00000, 0x00000000e8f00000, 0x00000000e9000000|  0%| F|  |TAMS 0x00000000e8f00000| PB 0x00000000e8f00000| Untracked 
| 144|0x00000000e9000000, 0x00000000e9000000, 0x00000000e9100000|  0%| F|  |TAMS 0x00000000e9000000| PB 0x00000000e9000000| Untracked 
| 145|0x00000000e9100000, 0x00000000e9100000, 0x00000000e9200000|  0%| F|  |TAMS 0x00000000e9100000| PB 0x00000000e9100000| Untracked 
| 146|0x00000000e9200000, 0x00000000e9200000, 0x00000000e9300000|  0%| F|  |TAMS 0x00000000e9200000| PB 0x00000000e9200000| Untracked 
| 147|0x00000000e9300000, 0x00000000e9300000, 0x00000000e9400000|  0%| F|  |TAMS 0x00000000e9300000| PB 0x00000000e9300000| Untracked 
| 148|0x00000000e9400000, 0x00000000e9400000, 0x00000000e9500000|  0%| F|  |TAMS 0x00000000e9400000| PB 0x00000000e9400000| Untracked 
| 149|0x00000000e9500000, 0x00000000e9500000, 0x00000000e9600000|  0%| F|  |TAMS 0x00000000e9500000| PB 0x00000000e9500000| Untracked 
| 150|0x00000000e9600000, 0x00000000e9600000, 0x00000000e9700000|  0%| F|  |TAMS 0x00000000e9600000| PB 0x00000000e9600000| Untracked 
| 151|0x00000000e9700000, 0x00000000e9700000, 0x00000000e9800000|  0%| F|  |TAMS 0x00000000e9700000| PB 0x00000000e9700000| Untracked 
| 152|0x00000000e9800000, 0x00000000e9800000, 0x00000000e9900000|  0%| F|  |TAMS 0x00000000e9800000| PB 0x00000000e9800000| Untracked 
| 153|0x00000000e9900000, 0x00000000e9900000, 0x00000000e9a00000|  0%| F|  |TAMS 0x00000000e9900000| PB 0x00000000e9900000| Untracked 
| 154|0x00000000e9a00000, 0x00000000e9a00000, 0x00000000e9b00000|  0%| F|  |TAMS 0x00000000e9a00000| PB 0x00000000e9a00000| Untracked 
| 155|0x00000000e9b00000, 0x00000000e9b00000, 0x00000000e9c00000|  0%| F|  |TAMS 0x00000000e9b00000| PB 0x00000000e9b00000| Untracked 
| 156|0x00000000e9c00000, 0x00000000e9c00000, 0x00000000e9d00000|  0%| F|  |TAMS 0x00000000e9c00000| PB 0x00000000e9c00000| Untracked 
| 157|0x00000000e9d00000, 0x00000000e9d00000, 0x00000000e9e00000|  0%| F|  |TAMS 0x00000000e9d00000| PB 0x00000000e9d00000| Untracked 
| 158|0x00000000e9e00000, 0x00000000e9e00000, 0x00000000e9f00000|  0%| F|  |TAMS 0x00000000e9e00000| PB 0x00000000e9e00000| Untracked 
| 159|0x00000000e9f00000, 0x00000000e9f00000, 0x00000000ea000000|  0%| F|  |TAMS 0x00000000e9f00000| PB 0x00000000e9f00000| Untracked 
| 160|0x00000000ea000000, 0x00000000ea000000, 0x00000000ea100000|  0%| F|  |TAMS 0x00000000ea000000| PB 0x00000000ea000000| Untracked 
| 161|0x00000000ea100000, 0x00000000ea100000, 0x00000000ea200000|  0%| F|  |TAMS 0x00000000ea100000| PB 0x00000000ea100000| Untracked 
| 162|0x00000000ea200000, 0x00000000ea200000, 0x00000000ea300000|  0%| F|  |TAMS 0x00000000ea200000| PB 0x00000000ea200000| Untracked 
| 163|0x00000000ea300000, 0x00000000ea300000, 0x00000000ea400000|  0%| F|  |TAMS 0x00000000ea300000| PB 0x00000000ea300000| Untracked 
| 164|0x00000000ea400000, 0x00000000ea400000, 0x00000000ea500000|  0%| F|  |TAMS 0x00000000ea400000| PB 0x00000000ea400000| Untracked 
| 165|0x00000000ea500000, 0x00000000ea500000, 0x00000000ea600000|  0%| F|  |TAMS 0x00000000ea500000| PB 0x00000000ea500000| Untracked 
| 166|0x00000000ea600000, 0x00000000ea600000, 0x00000000ea700000|  0%| F|  |TAMS 0x00000000ea600000| PB 0x00000000ea600000| Untracked 
| 167|0x00000000ea700000, 0x00000000ea700000, 0x00000000ea800000|  0%| F|  |TAMS 0x00000000ea700000| PB 0x00000000ea700000| Untracked 
| 168|0x00000000ea800000, 0x00000000ea800000, 0x00000000ea900000|  0%| F|  |TAMS 0x00000000ea800000| PB 0x00000000ea800000| Untracked 
| 169|0x00000000ea900000, 0x00000000ea900000, 0x00000000eaa00000|  0%| F|  |TAMS 0x00000000ea900000| PB 0x00000000ea900000| Untracked 
| 170|0x00000000eaa00000, 0x00000000eaa00000, 0x00000000eab00000|  0%| F|  |TAMS 0x00000000eaa00000| PB 0x00000000eaa00000| Untracked 
| 171|0x00000000eab00000, 0x00000000eab00000, 0x00000000eac00000|  0%| F|  |TAMS 0x00000000eab00000| PB 0x00000000eab00000| Untracked 
| 172|0x00000000eac00000, 0x00000000eac00000, 0x00000000ead00000|  0%| F|  |TAMS 0x00000000eac00000| PB 0x00000000eac00000| Untracked 
| 173|0x00000000ead00000, 0x00000000ead00000, 0x00000000eae00000|  0%| F|  |TAMS 0x00000000ead00000| PB 0x00000000ead00000| Untracked 
| 174|0x00000000eae00000, 0x00000000eae00000, 0x00000000eaf00000|  0%| F|  |TAMS 0x00000000eae00000| PB 0x00000000eae00000| Untracked 
| 175|0x00000000eaf00000, 0x00000000eaf00000, 0x00000000eb000000|  0%| F|  |TAMS 0x00000000eaf00000| PB 0x00000000eaf00000| Untracked 
| 176|0x00000000eb000000, 0x00000000eb000000, 0x00000000eb100000|  0%| F|  |TAMS 0x00000000eb000000| PB 0x00000000eb000000| Untracked 
| 177|0x00000000eb100000, 0x00000000eb100000, 0x00000000eb200000|  0%| F|  |TAMS 0x00000000eb100000| PB 0x00000000eb100000| Untracked 
| 178|0x00000000eb200000, 0x00000000eb200000, 0x00000000eb300000|  0%| F|  |TAMS 0x00000000eb200000| PB 0x00000000eb200000| Untracked 
| 179|0x00000000eb300000, 0x00000000eb300000, 0x00000000eb400000|  0%| F|  |TAMS 0x00000000eb300000| PB 0x00000000eb300000| Untracked 
| 180|0x00000000eb400000, 0x00000000eb400000, 0x00000000eb500000|  0%| F|  |TAMS 0x00000000eb400000| PB 0x00000000eb400000| Untracked 
| 181|0x00000000eb500000, 0x00000000eb500000, 0x00000000eb600000|  0%| F|  |TAMS 0x00000000eb500000| PB 0x00000000eb500000| Untracked 
| 182|0x00000000eb600000, 0x00000000eb680000, 0x00000000eb700000| 50%| E|  |TAMS 0x00000000eb600000| PB 0x00000000eb600000| Complete 
| 183|0x00000000eb700000, 0x00000000eb800000, 0x00000000eb800000|100%| E|CS|TAMS 0x00000000eb700000| PB 0x00000000eb700000| Complete 
| 184|0x00000000eb800000, 0x00000000eb900000, 0x00000000eb900000|100%| E|CS|TAMS 0x00000000eb800000| PB 0x00000000eb800000| Complete 
| 185|0x00000000eb900000, 0x00000000eba00000, 0x00000000eba00000|100%| E|CS|TAMS 0x00000000eb900000| PB 0x00000000eb900000| Complete 
| 186|0x00000000eba00000, 0x00000000ebb00000, 0x00000000ebb00000|100%| E|CS|TAMS 0x00000000eba00000| PB 0x00000000eba00000| Complete 
| 187|0x00000000ebb00000, 0x00000000ebc00000, 0x00000000ebc00000|100%| E|CS|TAMS 0x00000000ebb00000| PB 0x00000000ebb00000| Complete 
| 188|0x00000000ebc00000, 0x00000000ebd00000, 0x00000000ebd00000|100%| E|CS|TAMS 0x00000000ebc00000| PB 0x00000000ebc00000| Complete 
| 189|0x00000000ebd00000, 0x00000000ebe00000, 0x00000000ebe00000|100%| E|CS|TAMS 0x00000000ebd00000| PB 0x00000000ebd00000| Complete 
| 190|0x00000000ebe00000, 0x00000000ebf00000, 0x00000000ebf00000|100%| E|CS|TAMS 0x00000000ebe00000| PB 0x00000000ebe00000| Complete 
| 191|0x00000000ebf00000, 0x00000000ec000000, 0x00000000ec000000|100%| E|CS|TAMS 0x00000000ebf00000| PB 0x00000000ebf00000| Complete 
| 192|0x00000000ec000000, 0x00000000ec100000, 0x00000000ec100000|100%| E|CS|TAMS 0x00000000ec000000| PB 0x00000000ec000000| Complete 
| 193|0x00000000ec100000, 0x00000000ec200000, 0x00000000ec200000|100%| E|CS|TAMS 0x00000000ec100000| PB 0x00000000ec100000| Complete 
| 194|0x00000000ec200000, 0x00000000ec300000, 0x00000000ec300000|100%| E|CS|TAMS 0x00000000ec200000| PB 0x00000000ec200000| Complete 
| 195|0x00000000ec300000, 0x00000000ec400000, 0x00000000ec400000|100%| E|CS|TAMS 0x00000000ec300000| PB 0x00000000ec300000| Complete 
| 196|0x00000000ec400000, 0x00000000ec500000, 0x00000000ec500000|100%| E|CS|TAMS 0x00000000ec400000| PB 0x00000000ec400000| Complete 
| 197|0x00000000ec500000, 0x00000000ec600000, 0x00000000ec600000|100%| E|CS|TAMS 0x00000000ec500000| PB 0x00000000ec500000| Complete 
| 198|0x00000000ec600000, 0x00000000ec700000, 0x00000000ec700000|100%| E|CS|TAMS 0x00000000ec600000| PB 0x00000000ec600000| Complete 
| 199|0x00000000ec700000, 0x00000000ec800000, 0x00000000ec800000|100%| E|CS|TAMS 0x00000000ec700000| PB 0x00000000ec700000| Complete 
| 200|0x00000000ec800000, 0x00000000ec900000, 0x00000000ec900000|100%| E|CS|TAMS 0x00000000ec800000| PB 0x00000000ec800000| Complete 
| 201|0x00000000ec900000, 0x00000000eca00000, 0x00000000eca00000|100%| E|CS|TAMS 0x00000000ec900000| PB 0x00000000ec900000| Complete 
| 202|0x00000000eca00000, 0x00000000ecb00000, 0x00000000ecb00000|100%| E|CS|TAMS 0x00000000eca00000| PB 0x00000000eca00000| Complete 
| 203|0x00000000ecb00000, 0x00000000ecc00000, 0x00000000ecc00000|100%| E|CS|TAMS 0x00000000ecb00000| PB 0x00000000ecb00000| Complete 
| 204|0x00000000ecc00000, 0x00000000ecd00000, 0x00000000ecd00000|100%| E|CS|TAMS 0x00000000ecc00000| PB 0x00000000ecc00000| Complete 
| 205|0x00000000ecd00000, 0x00000000ece00000, 0x00000000ece00000|100%| E|CS|TAMS 0x00000000ecd00000| PB 0x00000000ecd00000| Complete 
| 206|0x00000000ece00000, 0x00000000ecf00000, 0x00000000ecf00000|100%| E|CS|TAMS 0x00000000ece00000| PB 0x00000000ece00000| Complete 
| 207|0x00000000ecf00000, 0x00000000ed000000, 0x00000000ed000000|100%| E|CS|TAMS 0x00000000ecf00000| PB 0x00000000ecf00000| Complete 
| 208|0x00000000ed000000, 0x00000000ed100000, 0x00000000ed100000|100%| S|CS|TAMS 0x00000000ed000000| PB 0x00000000ed000000| Complete 
| 209|0x00000000ed100000, 0x00000000ed200000, 0x00000000ed200000|100%| S|CS|TAMS 0x00000000ed100000| PB 0x00000000ed100000| Complete 
| 210|0x00000000ed200000, 0x00000000ed300000, 0x00000000ed300000|100%| S|CS|TAMS 0x00000000ed200000| PB 0x00000000ed200000| Complete 
| 211|0x00000000ed300000, 0x00000000ed400000, 0x00000000ed400000|100%| S|CS|TAMS 0x00000000ed300000| PB 0x00000000ed300000| Complete 
| 212|0x00000000ed400000, 0x00000000ed500000, 0x00000000ed500000|100%| S|CS|TAMS 0x00000000ed400000| PB 0x00000000ed400000| Complete 
| 213|0x00000000ed500000, 0x00000000ed600000, 0x00000000ed600000|100%| S|CS|TAMS 0x00000000ed500000| PB 0x00000000ed500000| Complete 
| 214|0x00000000ed600000, 0x00000000ed700000, 0x00000000ed700000|100%| E|CS|TAMS 0x00000000ed600000| PB 0x00000000ed600000| Complete 
| 215|0x00000000ed700000, 0x00000000ed800000, 0x00000000ed800000|100%| E|CS|TAMS 0x00000000ed700000| PB 0x00000000ed700000| Complete 
| 216|0x00000000ed800000, 0x00000000ed900000, 0x00000000ed900000|100%| E|CS|TAMS 0x00000000ed800000| PB 0x00000000ed800000| Complete 
| 217|0x00000000ed900000, 0x00000000eda00000, 0x00000000eda00000|100%| E|CS|TAMS 0x00000000ed900000| PB 0x00000000ed900000| Complete 
| 218|0x00000000eda00000, 0x00000000edb00000, 0x00000000edb00000|100%| E|CS|TAMS 0x00000000eda00000| PB 0x00000000eda00000| Complete 
| 219|0x00000000edb00000, 0x00000000edc00000, 0x00000000edc00000|100%| E|CS|TAMS 0x00000000edb00000| PB 0x00000000edb00000| Complete 
| 220|0x00000000edc00000, 0x00000000edd00000, 0x00000000edd00000|100%| E|CS|TAMS 0x00000000edc00000| PB 0x00000000edc00000| Complete 
| 221|0x00000000edd00000, 0x00000000ede00000, 0x00000000ede00000|100%| E|CS|TAMS 0x00000000edd00000| PB 0x00000000edd00000| Complete 
| 222|0x00000000ede00000, 0x00000000edf00000, 0x00000000edf00000|100%| E|CS|TAMS 0x00000000ede00000| PB 0x00000000ede00000| Complete 
| 223|0x00000000edf00000, 0x00000000ee000000, 0x00000000ee000000|100%| E|CS|TAMS 0x00000000edf00000| PB 0x00000000edf00000| Complete 
| 224|0x00000000ee000000, 0x00000000ee100000, 0x00000000ee100000|100%| E|CS|TAMS 0x00000000ee000000| PB 0x00000000ee000000| Complete 
| 225|0x00000000ee100000, 0x00000000ee200000, 0x00000000ee200000|100%| E|CS|TAMS 0x00000000ee100000| PB 0x00000000ee100000| Complete 
| 226|0x00000000ee200000, 0x00000000ee300000, 0x00000000ee300000|100%| E|CS|TAMS 0x00000000ee200000| PB 0x00000000ee200000| Complete 
| 227|0x00000000ee300000, 0x00000000ee400000, 0x00000000ee400000|100%| E|CS|TAMS 0x00000000ee300000| PB 0x00000000ee300000| Complete 
| 228|0x00000000ee400000, 0x00000000ee500000, 0x00000000ee500000|100%| E|CS|TAMS 0x00000000ee400000| PB 0x00000000ee400000| Complete 
| 229|0x00000000ee500000, 0x00000000ee600000, 0x00000000ee600000|100%| E|CS|TAMS 0x00000000ee500000| PB 0x00000000ee500000| Complete 
| 230|0x00000000ee600000, 0x00000000ee700000, 0x00000000ee700000|100%| E|CS|TAMS 0x00000000ee600000| PB 0x00000000ee600000| Complete 
| 231|0x00000000ee700000, 0x00000000ee800000, 0x00000000ee800000|100%| E|CS|TAMS 0x00000000ee700000| PB 0x00000000ee700000| Complete 
| 232|0x00000000ee800000, 0x00000000ee900000, 0x00000000ee900000|100%| E|CS|TAMS 0x00000000ee800000| PB 0x00000000ee800000| Complete 
| 233|0x00000000ee900000, 0x00000000eea00000, 0x00000000eea00000|100%| E|CS|TAMS 0x00000000ee900000| PB 0x00000000ee900000| Complete 
| 234|0x00000000eea00000, 0x00000000eeb00000, 0x00000000eeb00000|100%| E|CS|TAMS 0x00000000eea00000| PB 0x00000000eea00000| Complete 
| 235|0x00000000eeb00000, 0x00000000eec00000, 0x00000000eec00000|100%| E|CS|TAMS 0x00000000eeb00000| PB 0x00000000eeb00000| Complete 
| 236|0x00000000eec00000, 0x00000000eed00000, 0x00000000eed00000|100%| E|CS|TAMS 0x00000000eec00000| PB 0x00000000eec00000| Complete 
| 237|0x00000000eed00000, 0x00000000eee00000, 0x00000000eee00000|100%| E|CS|TAMS 0x00000000eed00000| PB 0x00000000eed00000| Complete 
| 238|0x00000000eee00000, 0x00000000eef00000, 0x00000000eef00000|100%| E|CS|TAMS 0x00000000eee00000| PB 0x00000000eee00000| Complete 
| 239|0x00000000eef00000, 0x00000000ef000000, 0x00000000ef000000|100%| E|CS|TAMS 0x00000000eef00000| PB 0x00000000eef00000| Complete 
| 240|0x00000000ef000000, 0x00000000ef100000, 0x00000000ef100000|100%| E|CS|TAMS 0x00000000ef000000| PB 0x00000000ef000000| Complete 
| 241|0x00000000ef100000, 0x00000000ef200000, 0x00000000ef200000|100%| E|CS|TAMS 0x00000000ef100000| PB 0x00000000ef100000| Complete 
| 242|0x00000000ef200000, 0x00000000ef300000, 0x00000000ef300000|100%| E|CS|TAMS 0x00000000ef200000| PB 0x00000000ef200000| Complete 
| 243|0x00000000ef300000, 0x00000000ef400000, 0x00000000ef400000|100%| E|CS|TAMS 0x00000000ef300000| PB 0x00000000ef300000| Complete 
| 244|0x00000000ef400000, 0x00000000ef500000, 0x00000000ef500000|100%| E|CS|TAMS 0x00000000ef400000| PB 0x00000000ef400000| Complete 
| 245|0x00000000ef500000, 0x00000000ef600000, 0x00000000ef600000|100%| E|CS|TAMS 0x00000000ef500000| PB 0x00000000ef500000| Complete 
| 246|0x00000000ef600000, 0x00000000ef700000, 0x00000000ef700000|100%| E|CS|TAMS 0x00000000ef600000| PB 0x00000000ef600000| Complete 
| 247|0x00000000ef700000, 0x00000000ef800000, 0x00000000ef800000|100%| E|CS|TAMS 0x00000000ef700000| PB 0x00000000ef700000| Complete 
| 248|0x00000000ef800000, 0x00000000ef900000, 0x00000000ef900000|100%| E|CS|TAMS 0x00000000ef800000| PB 0x00000000ef800000| Complete 
| 249|0x00000000ef900000, 0x00000000efa00000, 0x00000000efa00000|100%| E|CS|TAMS 0x00000000ef900000| PB 0x00000000ef900000| Complete 
| 250|0x00000000efa00000, 0x00000000efb00000, 0x00000000efb00000|100%| E|CS|TAMS 0x00000000efa00000| PB 0x00000000efa00000| Complete 
| 251|0x00000000efb00000, 0x00000000efc00000, 0x00000000efc00000|100%| E|CS|TAMS 0x00000000efb00000| PB 0x00000000efb00000| Complete 
| 252|0x00000000efc00000, 0x00000000efd00000, 0x00000000efd00000|100%| E|CS|TAMS 0x00000000efc00000| PB 0x00000000efc00000| Complete 
| 253|0x00000000efd00000, 0x00000000efe00000, 0x00000000efe00000|100%| E|CS|TAMS 0x00000000efd00000| PB 0x00000000efd00000| Complete 
| 254|0x00000000efe00000, 0x00000000eff00000, 0x00000000eff00000|100%| E|CS|TAMS 0x00000000efe00000| PB 0x00000000efe00000| Complete 
| 255|0x00000000eff00000, 0x00000000f0000000, 0x00000000f0000000|100%| E|CS|TAMS 0x00000000eff00000| PB 0x00000000eff00000| Complete 

Card table byte_map: [0x000002ecf53d0000,0x000002ecf54d0000] _byte_map_base: 0x000002ecf4cd0000

Marking Bits: (CMBitMap*) 0x000002ece286db70
 Bits: [0x000002ecf54d0000, 0x000002ecf5cd0000)

Polling page: 0x000002ece07e0000

Metaspace:

Usage:
  Non-class:     13.20 MB used.
      Class:      2.10 MB used.
       Both:     15.30 MB used.

Virtual space:
  Non-class space:       64.00 MB reserved,      13.38 MB ( 21%) committed,  1 nodes.
      Class space:      320.00 MB reserved,       2.31 MB ( <1%) committed,  1 nodes.
             Both:      384.00 MB reserved,      15.69 MB (  4%) committed. 

Chunk freelists:
   Non-Class:  1.75 MB
       Class:  13.73 MB
        Both:  15.48 MB

MaxMetaspaceSize: 384.00 MB
CompressedClassSpaceSize: 320.00 MB
Initial GC threshold: 21.00 MB
Current GC threshold: 21.00 MB
CDS: on
 - commit_granule_bytes: 65536.
 - commit_granule_words: 8192.
 - virtual_space_node_default_size: 8388608.
 - enlarge_chunks_in_place: 1.
 - use_allocation_guard: 0.


Internal statistics:

num_allocs_failed_limit: 0.
num_arena_births: 508.
num_arena_deaths: 0.
num_vsnodes_births: 2.
num_vsnodes_deaths: 0.
num_space_committed: 251.
num_space_uncommitted: 0.
num_chunks_returned_to_freelist: 0.
num_chunks_taken_from_freelist: 1026.
num_chunk_merges: 0.
num_chunk_splits: 670.
num_chunks_enlarged: 474.
num_inconsistent_stats: 0.

CodeHeap 'non-profiled nmethods': size=119168Kb used=1493Kb max_used=1493Kb free=117675Kb
 bounds [0x000002eced5e0000, 0x000002eced850000, 0x000002ecf4a40000]
CodeHeap 'profiled nmethods': size=119104Kb used=6291Kb max_used=6291Kb free=112812Kb
 bounds [0x000002ece5a40000, 0x000002ece6070000, 0x000002ecece90000]
CodeHeap 'non-nmethods': size=7488Kb used=1534Kb max_used=3028Kb free=5953Kb
 bounds [0x000002ecece90000, 0x000002eced190000, 0x000002eced5e0000]
CodeCache: size=245760Kb, used=9318Kb, max_used=10812Kb, free=236440Kb
 total_blobs=3851, nmethods=3288, adapters=467, full_count=0
Compilation: enabled, stopped_count=0, restarted_count=0

Compilation events (20 events):
Event: 243.863 Thread 0x000002ecfd01f110 3278       3       java.util.concurrent.locks.AbstractQueuedSynchronizer$ConditionObject::unlinkCancelledWaiters (91 bytes)
Event: 243.864 Thread 0x000002ecfd01f110 nmethod 3278 0x000002ece605de90 code [0x000002ece605e060, 0x000002ece605e4c0]
Event: 243.956 Thread 0x000002ecfd01f110 3280       1       org.gradle.cache.internal.DefaultFileLockManager$DefaultFileLock::access$1100 (5 bytes)
Event: 243.956 Thread 0x000002ecfd01f110 nmethod 3280 0x000002eced73f310 code [0x000002eced73f4a0, 0x000002eced73f550]
Event: 244.125 Thread 0x000002ecfd018c20 nmethod 3209 0x000002eced73f610 code [0x000002eced7401a0, 0x000002eced74ab00]
Event: 244.127 Thread 0x000002ecfd018c20 3231       4       java.io.DataInputStream::readFully (59 bytes)
Event: 244.143 Thread 0x000002ecfd018c20 nmethod 3231 0x000002eced751c10 code [0x000002eced751e60, 0x000002eced752bc0]
Event: 244.143 Thread 0x000002ecfd018c20 3261       4       jdk.internal.misc.InternalLock::unlock (8 bytes)
Event: 244.146 Thread 0x000002ecfd018c20 nmethod 3261 0x000002eced753310 code [0x000002eced7534c0, 0x000002eced7536b0]
Event: 244.146 Thread 0x000002ecfd018c20 3227       4       java.util.concurrent.locks.ReentrantLock::lock (8 bytes)
Event: 244.149 Thread 0x000002ecfd018c20 nmethod 3227 0x000002eced753890 code [0x000002eced753a40, 0x000002eced753c70]
Event: 244.149 Thread 0x000002ecfd018c20 3279       4       jdk.internal.misc.InternalLock::lock (8 bytes)
Event: 244.152 Thread 0x000002ecfd018c20 nmethod 3279 0x000002eced753d90 code [0x000002eced753f40, 0x000002eced754190]
Event: 244.152 Thread 0x000002ecfd018c20 3281   !   4       java.io.BufferedInputStream::read (69 bytes)
Event: 244.160 Thread 0x000002ecfd018c20 nmethod 3281 0x000002eced754310 code [0x000002eced754500, 0x000002eced7549d0]
Event: 244.160 Thread 0x000002ecfd018c20 3221       4       java.lang.invoke.MethodType::makeImpl (109 bytes)
Event: 244.317 Thread 0x000002ecfd01f110 3282       3       org.gradle.cache.internal.filelock.LockInfo::<init> (22 bytes)
Event: 244.317 Thread 0x000002ecfd01f110 nmethod 3282 0x000002ece605e610 code [0x000002ece605e7c0, 0x000002ece605ea18]
Event: 244.347 Thread 0x000002ecfd01f110 3283       1       org.gradle.cache.internal.DefaultFileLockManager$DefaultFileLock::access$1200 (5 bytes)
Event: 244.347 Thread 0x000002ecfd01f110 nmethod 3283 0x000002eced754e10 code [0x000002eced754fa0, 0x000002eced755050]

GC Heap History (6 events):
Event: 40.173 GC heap before
{Heap before GC invocations=0 (full 0):
 garbage-first heap   total 262144K, used 26624K [0x00000000e0000000, 0x0000000100000000)
  region size 1024K, 23 young (23552K), 0 survivors (0K)
 Metaspace       used 1701K, committed 1856K, reserved 393216K
  class space    used 152K, committed 256K, reserved 327680K
}
Event: 40.178 GC heap after
{Heap after GC invocations=1 (full 0):
 garbage-first heap   total 262144K, used 10447K [0x00000000e0000000, 0x0000000100000000)
  region size 1024K, 3 young (3072K), 3 survivors (3072K)
 Metaspace       used 1701K, committed 1856K, reserved 393216K
  class space    used 152K, committed 256K, reserved 327680K
}
Event: 109.286 GC heap before
{Heap before GC invocations=1 (full 0):
 garbage-first heap   total 262144K, used 40143K [0x00000000e0000000, 0x0000000100000000)
  region size 1024K, 32 young (32768K), 3 survivors (3072K)
 Metaspace       used 4876K, committed 5056K, reserved 393216K
  class space    used 622K, committed 704K, reserved 327680K
}
Event: 109.304 GC heap after
{Heap after GC invocations=2 (full 0):
 garbage-first heap   total 262144K, used 12887K [0x00000000e0000000, 0x0000000100000000)
  region size 1024K, 3 young (3072K), 3 survivors (3072K)
 Metaspace       used 4876K, committed 5056K, reserved 393216K
  class space    used 622K, committed 704K, reserved 327680K
}
Event: 148.351 GC heap before
{Heap before GC invocations=2 (full 0):
 garbage-first heap   total 262144K, used 53847K [0x00000000e0000000, 0x0000000100000000)
  region size 1024K, 42 young (43008K), 3 survivors (3072K)
 Metaspace       used 5009K, committed 5184K, reserved 393216K
  class space    used 623K, committed 704K, reserved 327680K
}
Event: 148.380 GC heap after
{Heap after GC invocations=3 (full 0):
 garbage-first heap   total 262144K, used 17717K [0x00000000e0000000, 0x0000000100000000)
  region size 1024K, 6 young (6144K), 6 survivors (6144K)
 Metaspace       used 5009K, committed 5184K, reserved 393216K
  class space    used 623K, committed 704K, reserved 327680K
}

Dll operation events (20 events):
Event: 3.038 Attempting to load shared library C:\Users\AI¿∂«’_µ•¿Ã≈Õ∫–ºÆB\.vscode\extensions\redhat.java-1.56.0-win32-x64\jre\21.0.12.1-win32-x86_64\bin\nio.dll
Event: 3.071 Loaded shared library C:\Users\AI¿∂«’_µ•¿Ã≈Õ∫–ºÆB\.vscode\extensions\redhat.java-1.56.0-win32-x64\jre\21.0.12.1-win32-x86_64\bin\nio.dll
Event: 3.226 Attempting to load shared library C:\Users\AI¿∂«’_µ•¿Ã≈Õ∫–ºÆB\.vscode\extensions\redhat.java-1.56.0-win32-x64\jre\21.0.12.1-win32-x86_64\bin\zip.dll
Event: 3.226 Loaded shared library C:\Users\AI¿∂«’_µ•¿Ã≈Õ∫–ºÆB\.vscode\extensions\redhat.java-1.56.0-win32-x64\jre\21.0.12.1-win32-x86_64\bin\zip.dll
Event: 25.190 Attempting to load shared library C:\Users\AI¿∂«’_µ•¿Ã≈Õ∫–ºÆB\.vscode\extensions\redhat.java-1.56.0-win32-x64\jre\21.0.12.1-win32-x86_64\bin\jimage.dll
Event: 25.190 Loaded shared library C:\Users\AI¿∂«’_µ•¿Ã≈Õ∫–ºÆB\.vscode\extensions\redhat.java-1.56.0-win32-x64\jre\21.0.12.1-win32-x86_64\bin\jimage.dll
Event: 41.886 Attempting to load shared library C:\Users\AI¿∂«’_µ•¿Ã≈Õ∫–ºÆB\.vscode\extensions\redhat.java-1.56.0-win32-x64\jre\21.0.12.1-win32-x86_64\bin\verify.dll
Event: 41.937 Loaded shared library C:\Users\AI¿∂«’_µ•¿Ã≈Õ∫–ºÆB\.vscode\extensions\redhat.java-1.56.0-win32-x64\jre\21.0.12.1-win32-x86_64\bin\verify.dll
Event: 42.495 Attempting to load shared library C:\Users\AI¿∂«’_µ•¿Ã≈Õ∫–ºÆB\.gradle\native\660c5614fbf4a5f2a75b1949f50a0caf5cd603558e7d8a26e50b933a0cfb79d1\windows-amd64\native-platform.dll
Event: 42.548 Loaded shared library C:\Users\AI¿∂«’_µ•¿Ã≈Õ∫–ºÆB\.gradle\native\660c5614fbf4a5f2a75b1949f50a0caf5cd603558e7d8a26e50b933a0cfb79d1\windows-amd64\native-platform.dll
Event: 42.996 Attempting to load shared library C:\Users\AI¿∂«’_µ•¿Ã≈Õ∫–ºÆB\.gradle\native\0.2.8\x86_64-windows-gnu\gradle-fileevents.dll
Event: 43.051 Loaded shared library C:\Users\AI¿∂«’_µ•¿Ã≈Õ∫–ºÆB\.gradle\native\0.2.8\x86_64-windows-gnu\gradle-fileevents.dll
Event: 162.638 Attempting to load shared library C:\Users\AI¿∂«’_µ•¿Ã≈Õ∫–ºÆB\.vscode\extensions\redhat.java-1.56.0-win32-x64\jre\21.0.12.1-win32-x86_64\bin\management.dll
Event: 162.649 Loaded shared library C:\Users\AI¿∂«’_µ•¿Ã≈Õ∫–ºÆB\.vscode\extensions\redhat.java-1.56.0-win32-x64\jre\21.0.12.1-win32-x86_64\bin\management.dll
Event: 162.669 Attempting to load shared library C:\Users\AI¿∂«’_µ•¿Ã≈Õ∫–ºÆB\.vscode\extensions\redhat.java-1.56.0-win32-x64\jre\21.0.12.1-win32-x86_64\bin\management_ext.dll
Event: 162.680 Loaded shared library C:\Users\AI¿∂«’_µ•¿Ã≈Õ∫–ºÆB\.vscode\extensions\redhat.java-1.56.0-win32-x64\jre\21.0.12.1-win32-x86_64\bin\management_ext.dll
Event: 170.120 Attempting to load shared library C:\Users\AI¿∂«’_µ•¿Ã≈Õ∫–ºÆB\.vscode\extensions\redhat.java-1.56.0-win32-x64\jre\21.0.12.1-win32-x86_64\bin\extnet.dll
Event: 170.142 Loaded shared library C:\Users\AI¿∂«’_µ•¿Ã≈Õ∫–ºÆB\.vscode\extensions\redhat.java-1.56.0-win32-x64\jre\21.0.12.1-win32-x86_64\bin\extnet.dll
Event: 220.563 Attempting to load shared library C:\Users\AI¿∂«’_µ•¿Ã≈Õ∫–ºÆB\.vscode\extensions\redhat.java-1.56.0-win32-x64\jre\21.0.12.1-win32-x86_64\bin\sunmscapi.dll
Event: 220.592 Loaded shared library C:\Users\AI¿∂«’_µ•¿Ã≈Õ∫–ºÆB\.vscode\extensions\redhat.java-1.56.0-win32-x64\jre\21.0.12.1-win32-x86_64\bin\sunmscapi.dll

Deoptimization events (20 events):
Event: 240.748 Thread 0x000002ecff187410 Uncommon trap: trap_request=0xffffffcc fr.pc=0x000002eced71959c relative=0x000000000000035c
Event: 240.748 Thread 0x000002ecff187410 Uncommon trap: reason=intrinsic_or_type_checked_inlining action=make_not_entrant pc=0x000002eced71959c method=java.util.Arrays.copyOf([Ljava/lang/Object;ILjava/lang/Class;)[Ljava/lang/Object; @ 35 c2
Event: 240.748 Thread 0x000002ecff187410 DEOPT PACKING pc=0x000002eced71959c sp=0x000000f3d27fdf40
Event: 240.748 Thread 0x000002ecff187410 DEOPT UNPACKING pc=0x000002ececee7ba2 sp=0x000000f3d27fdee8 mode 2
Event: 242.374 Thread 0x000002ecff187410 Uncommon trap: trap_request=0xffffff45 fr.pc=0x000002eced71be8c relative=0x000000000000022c
Event: 242.374 Thread 0x000002ecff187410 Uncommon trap: reason=unstable_if action=reinterpret pc=0x000002eced71be8c method=java.util.HashMap.getNode(Ljava/lang/Object;)Ljava/util/HashMap$Node; @ 66 c2
Event: 242.374 Thread 0x000002ecff187410 DEOPT PACKING pc=0x000002eced71be8c sp=0x000000f3d27fc120
Event: 242.374 Thread 0x000002ecff187410 DEOPT UNPACKING pc=0x000002ececee7ba2 sp=0x000000f3d27fc040 mode 2
Event: 242.393 Thread 0x000002ecff187410 Uncommon trap: trap_request=0xffffff45 fr.pc=0x000002eced65ec30 relative=0x0000000000000270
Event: 242.393 Thread 0x000002ecff187410 Uncommon trap: reason=unstable_if action=reinterpret pc=0x000002eced65ec30 method=java.util.concurrent.ConcurrentHashMap.get(Ljava/lang/Object;)Ljava/lang/Object; @ 76 c2
Event: 242.393 Thread 0x000002ecff187410 DEOPT PACKING pc=0x000002eced65ec30 sp=0x000000f3d27fb6c0
Event: 242.393 Thread 0x000002ecff187410 DEOPT UNPACKING pc=0x000002ececee7ba2 sp=0x000000f3d27fb628 mode 2
Event: 243.208 Thread 0x000002ecff187410 Uncommon trap: trap_request=0xffffff76 fr.pc=0x000002eced6b23f0 relative=0x0000000000000210
Event: 243.208 Thread 0x000002ecff187410 Uncommon trap: reason=predicate action=maybe_recompile pc=0x000002eced6b23f0 method=java.util.regex.Pattern$BmpCharPropertyGreedy.match(Ljava/util/regex/Matcher;ILjava/lang/CharSequence;)Z @ 12 c2
Event: 243.208 Thread 0x000002ecff187410 DEOPT PACKING pc=0x000002eced6b23f0 sp=0x000000f3d27fc400
Event: 243.208 Thread 0x000002ecff187410 DEOPT UNPACKING pc=0x000002ececee7ba2 sp=0x000000f3d27fc398 mode 2
Event: 243.302 Thread 0x000002ecfef09c20 Uncommon trap: trap_request=0xffffff45 fr.pc=0x000002eced6cc19c relative=0x000000000000017c
Event: 243.302 Thread 0x000002ecfef09c20 Uncommon trap: reason=unstable_if action=reinterpret pc=0x000002eced6cc19c method=java.util.concurrent.locks.ReentrantLock$NonfairSync.initialTryLock()Z @ 25 c2
Event: 243.302 Thread 0x000002ecfef09c20 DEOPT PACKING pc=0x000002eced6cc19c sp=0x000000f3d2cff110
Event: 243.302 Thread 0x000002ecfef09c20 DEOPT UNPACKING pc=0x000002ececee7ba2 sp=0x000000f3d2cff0b0 mode 2

Classes loaded (20 events):
Event: 242.407 Loading class java/util/stream/MatchOps$MatchOp
Event: 242.407 Loading class java/util/stream/MatchOps$MatchOp done
Event: 242.407 Loading class java/util/stream/MatchOps$BooleanTerminalSink
Event: 242.408 Loading class java/util/stream/MatchOps$BooleanTerminalSink done
Event: 242.408 Loading class java/util/stream/MatchOps$1MatchSink
Event: 242.408 Loading class java/util/stream/MatchOps$1MatchSink done
Event: 242.519 Loading class java/lang/TypeNotPresentException
Event: 242.519 Loading class java/lang/TypeNotPresentException done
Event: 242.641 Loading class java/util/ConcurrentModificationException
Event: 242.641 Loading class java/util/ConcurrentModificationException done
Event: 242.679 Loading class jdk/internal/org/objectweb/asm/ClassReader
Event: 242.680 Loading class jdk/internal/org/objectweb/asm/ClassReader done
Event: 242.703 Loading class sun/reflect/generics/scope/ConstructorScope
Event: 242.703 Loading class sun/reflect/generics/scope/ConstructorScope done
Event: 243.256 Loading class java/util/concurrent/ArrayBlockingQueue
Event: 243.257 Loading class java/util/concurrent/ArrayBlockingQueue done
Event: 243.257 Loading class java/util/concurrent/locks/ReentrantLock$FairSync
Event: 243.257 Loading class java/util/concurrent/locks/ReentrantLock$FairSync done
Event: 243.307 Loading class sun/nio/ch/DatagramChannelImpl$DatagramPackets
Event: 243.307 Loading class sun/nio/ch/DatagramChannelImpl$DatagramPackets done

Classes unloaded (0 events):
No events

Classes redefined (0 events):
No events

Internal exceptions (20 events):
Event: 163.799 Thread 0x000002ece03f7800 Exception <a 'java/lang/NoSuchMethodError'{0x00000000ee84c230}: 'java.lang.Object java.lang.invoke.DirectMethodHandle$Holder.invokeStatic(java.lang.Object, java.lang.Object, java.lang.Object, java.lang.Object, java.lang.Object, java.lang.Object, java.lang.Object, java.lang.Object, java.lang.Object, java.lang.Object, java.lang.Object, java.lang.Object, java.lang.Object, java.lang.Object, java.lang.Object)'> (0x00000000ee84c230) 
thrown [s\src\hotspot\share\interpreter\linkResolver.cpp, line 773]
Event: 163.802 Thread 0x000002ece03f7800 Exception <a 'java/lang/NoSuchMethodError'{0x00000000ee86ee00}: 'java.lang.Object java.lang.invoke.DirectMethodHandle$Holder.invokeStatic(java.lang.Object, java.lang.Object, java.lang.Object, java.lang.Object, java.lang.Object, java.lang.Object, java.lang.Object, java.lang.Object, java.lang.Object, java.lang.Object, java.lang.Object, java.lang.Object, java.lang.Object, java.lang.Object, java.lang.Object, java.lang.Object)'> (0x00000000ee86ee00) 
thrown [s\src\hotspot\share\interpreter\linkResolver.cpp, lin
Event: 170.896 Thread 0x000002ece03f7800 Exception <a 'java/lang/NoSuchMethodError'{0x00000000ee481bc8}: 'java.lang.Object java.lang.invoke.DirectMethodHandle$Holder.invokeVirtual(java.lang.Object, java.lang.Object, java.lang.Object, java.lang.Object, java.lang.Object, java.lang.Object, java.lang.Object, java.lang.Object, java.lang.Object)'> (0x00000000ee481bc8) 
thrown [s\src\hotspot\share\interpreter\linkResolver.cpp, line 773]
Event: 171.846 Thread 0x000002ece03f7800 Exception <a 'java/lang/NoSuchMethodError'{0x00000000ee22b3b0}: 'java.lang.Object java.lang.invoke.DirectMethodHandle$Holder.invokeStaticInit(java.lang.Object, int, int, int, int)'> (0x00000000ee22b3b0) 
thrown [s\src\hotspot\share\interpreter\linkResolver.cpp, line 773]
Event: 174.122 Thread 0x000002ece03f7800 Exception <a 'java/lang/NoSuchMethodError'{0x00000000ee140950}: 'java.lang.Object java.lang.invoke.DirectMethodHandle$Holder.invokeStaticInit(java.lang.Object, java.lang.Object, int, int, int, int)'> (0x00000000ee140950) 
thrown [s\src\hotspot\share\interpreter\linkResolver.cpp, line 773]
Event: 220.006 Thread 0x000002ece03f7800 Exception <a 'java/io/IOException'{0x00000000edddc9e0}> (0x00000000edddc9e0) 
thrown [s\src\hotspot\share\prims\jni.cpp, line 520]
Event: 220.061 Thread 0x000002ece03f7800 Implicit null exception at 0x000002eced62e9e8 to 0x000002eced62f674
Event: 220.240 Thread 0x000002ece03f7800 Exception <a 'java/lang/NoSuchMethodError'{0x00000000edc52bf0}: 'java.lang.Object java.lang.invoke.DirectMethodHandle$Holder.newInvokeSpecial(java.lang.Object, java.lang.Object, java.lang.Object, java.lang.Object, java.lang.Object)'> (0x00000000edc52bf0) 
thrown [s\src\hotspot\share\interpreter\linkResolver.cpp, line 773]
Event: 240.919 Thread 0x000002ecff187410 Exception <a 'java/lang/NoSuchMethodError'{0x00000000ecc1ab68}: 'java.lang.Object java.lang.invoke.DirectMethodHandle$Holder.invokeVirtual(java.lang.Object, java.lang.Object, java.lang.Object, java.lang.Object, java.lang.Object, java.lang.Object, java.lang.Object)'> (0x00000000ecc1ab68) 
thrown [s\src\hotspot\share\interpreter\linkResolver.cpp, line 773]
Event: 240.949 Thread 0x000002ecff187410 Exception <a 'java/lang/NoSuchMethodError'{0x00000000eccbb668}: 'long java.lang.invoke.DirectMethodHandle$Holder.invokeInterface(java.lang.Object, java.lang.Object)'> (0x00000000eccbb668) 
thrown [s\src\hotspot\share\interpreter\linkResolver.cpp, line 773]
Event: 242.250 Thread 0x000002ecff187410 Exception <a 'java/lang/NoSuchMethodError'{0x00000000ec747058}: 'void java.lang.invoke.DirectMethodHandle$Holder.invokeStatic(java.lang.Object, java.lang.Object)'> (0x00000000ec747058) 
thrown [s\src\hotspot\share\interpreter\linkResolver.cpp, line 773]
Event: 242.267 Thread 0x000002ecff187410 Exception <a 'java/lang/NoSuchMethodError'{0x00000000ec7a5938}: 'java.lang.Object java.lang.invoke.DirectMethodHandle$Holder.invokeVirtual(java.lang.Object, java.lang.Object, java.lang.Object, java.lang.Object, java.lang.Object, java.lang.Object, java.lang.Object, java.lang.Object, java.lang.Object, java.lang.Object, java.lang.Object, java.lang.Object)'> (0x00000000ec7a5938) 
thrown [s\src\hotspot\share\interpreter\linkResolver.cpp, line 773]
Event: 242.268 Thread 0x000002ecff187410 Exception <a 'java/lang/NoSuchMethodError'{0x00000000ec7aa960}: 'java.lang.Object java.lang.invoke.DirectMethodHandle$Holder.invokeSpecial(java.lang.Object, java.lang.Object, java.lang.Object, java.lang.Object, java.lang.Object, java.lang.Object, java.lang.Object, java.lang.Object, java.lang.Object, java.lang.Object, java.lang.Object, java.lang.Object, java.lang.Object)'> (0x00000000ec7aa960) 
thrown [s\src\hotspot\share\interpreter\linkResolver.cpp, line 773]
Event: 242.351 Thread 0x000002ecff187410 Exception <a 'java/lang/NoSuchMethodError'{0x00000000ec5578c0}: 'void java.lang.invoke.DirectMethodHandle$Holder.invokeStatic(java.lang.Object, java.lang.Object, java.lang.Object, java.lang.Object)'> (0x00000000ec5578c0) 
thrown [s\src\hotspot\share\interpreter\linkResolver.cpp, line 773]
Event: 242.409 Thread 0x000002ecff187410 Exception <a 'java/lang/NoSuchMethodError'{0x00000000ec4179d0}: 'int java.lang.invoke.DirectMethodHandle$Holder.invokeVirtual(java.lang.Object, java.lang.Object, java.lang.Object)'> (0x00000000ec4179d0) 
thrown [s\src\hotspot\share\interpreter\linkResolver.cpp, line 773]
Event: 242.611 Thread 0x000002ecff187410 Exception <a 'java/lang/NoSuchMethodError'{0x00000000ec298a20}: 'java.lang.Object java.lang.invoke.DirectMethodHandle$Holder.newInvokeSpecial(java.lang.Object, java.lang.Object, java.lang.Object, java.lang.Object, java.lang.Object, java.lang.Object)'> (0x00000000ec298a20) 
thrown [s\src\hotspot\share\interpreter\linkResolver.cpp, line 773]
Event: 242.752 Thread 0x000002ecff187410 Exception <a 'java/lang/NoSuchMethodError'{0x00000000ebf365f8}: 'void java.lang.invoke.DelegatingMethodHandle$Holder.reinvoke_L(java.lang.Object, java.lang.Object, java.lang.Object, java.lang.Object, java.lang.Object, java.lang.Object, java.lang.Object, java.lang.Object, java.lang.Object, java.lang.Object)'> (0x00000000ebf365f8) 
thrown [s\src\hotspot\share\interpreter\linkResolver.cpp, line 773]
Event: 242.752 Thread 0x000002ecff187410 Exception <a 'java/lang/NoSuchMethodError'{0x00000000ebf3e0d8}: 'java.lang.Object java.lang.invoke.Invokers$Holder.invoker(java.lang.Object, java.lang.Object, java.lang.Object, java.lang.Object, java.lang.Object, java.lang.Object, java.lang.Object, java.lang.Object, java.lang.Object, java.lang.Object)'> (0x00000000ebf3e0d8) 
thrown [s\src\hotspot\share\interpreter\linkResolver.cpp, line 773]
Event: 243.219 Thread 0x000002ecff187410 Exception <a 'java/lang/NoSuchMethodError'{0x00000000eb99df30}: 'java.lang.Object java.lang.invoke.DirectMethodHandle$Holder.newInvokeSpecial(java.lang.Object, java.lang.Object, java.lang.Object, java.lang.Object, java.lang.Object, java.lang.Object, java.lang.Object, java.lang.Object)'> (0x00000000eb99df30) 
thrown [s\src\hotspot\share\interpreter\linkResolver.cpp, line 773]
Event: 243.262 Thread 0x000002ecff187410 Exception <a 'java/lang/NoSuchMethodError'{0x00000000eb8be750}: 'java.lang.Object java.lang.invoke.DirectMethodHandle$Holder.newInvokeSpecial(java.lang.Object, java.lang.Object, int)'> (0x00000000eb8be750) 
thrown [s\src\hotspot\share\interpreter\linkResolver.cpp, line 773]

ZGC Phase Switch (0 events):
No events

VM Operations (20 events):
Event: 227.500 Executing safepoint VM operation: Cleanup
Event: 227.500 Executing safepoint VM operation: Cleanup done
Event: 228.502 Executing safepoint VM operation: Cleanup
Event: 228.502 Executing safepoint VM operation: Cleanup done
Event: 230.512 Executing safepoint VM operation: Cleanup
Event: 230.512 Executing safepoint VM operation: Cleanup done
Event: 240.606 Executing safepoint VM operation: Cleanup
Event: 240.623 Executing safepoint VM operation: Cleanup done
Event: 241.039 Executing non-safepoint VM operation: HandshakeAllThreads (HandshakeForDeflation)
Event: 241.116 Executing non-safepoint VM operation: HandshakeAllThreads (HandshakeForDeflation) done
Event: 241.116 Executing non-safepoint VM operation: RendezvousGCThreads
Event: 241.116 Executing non-safepoint VM operation: RendezvousGCThreads done
Event: 242.123 Executing safepoint VM operation: Cleanup
Event: 242.123 Executing safepoint VM operation: Cleanup done
Event: 243.132 Executing safepoint VM operation: Cleanup
Event: 243.132 Executing safepoint VM operation: Cleanup done
Event: 243.259 Executing non-safepoint VM operation: HandshakeAllThreads (Deoptimize)
Event: 243.259 Executing non-safepoint VM operation: HandshakeAllThreads (Deoptimize) done
Event: 244.267 Executing safepoint VM operation: Cleanup
Event: 244.267 Executing safepoint VM operation: Cleanup done

Memory protections (0 events):
No events

Nmethod flushes (0 events):
No events

Events (20 events):
Event: 48.307 Thread 0x000002ecfdd417f0 Thread exited: 0x000002ecfdd417f0
Event: 49.484 Thread 0x000002ecfd995270 Thread exited: 0x000002ecfd995270
Event: 63.209 Thread 0x000002ecfd01f110 Thread added: 0x000002ecfd79add0
Event: 65.333 Thread 0x000002ecfd79add0 Thread exited: 0x000002ecfd79add0
Event: 161.616 Thread 0x000002ecfd01f110 Thread added: 0x000002ecfeeef270
Event: 161.617 Thread 0x000002ecfd01f110 Thread added: 0x000002ecfdfb9be0
Event: 162.183 Thread 0x000002ecfdfb9be0 Thread exited: 0x000002ecfdfb9be0
Event: 163.460 Thread 0x000002ecfeeef270 Thread exited: 0x000002ecfeeef270
Event: 163.474 Thread 0x000002ece03f7800 Thread added: 0x000002ecfeeef270
Event: 174.430 Thread 0x000002ece03f7800 Thread added: 0x000002ecfdff3b40
Event: 220.308 Thread 0x000002ece03f7800 Thread added: 0x000002ecfd78b1b0
Event: 220.966 Thread 0x000002ecfdff3b40 Thread added: 0x000002ecff4be830
Event: 221.090 Thread 0x000002ecff4be830 Thread added: 0x000002ecff1b3c40
Event: 221.670 Thread 0x000002ecff4be830 Thread added: 0x000002ecff14d0f0
Event: 240.486 Thread 0x000002ecff4be830 Thread added: 0x000002ecff187410
Event: 240.527 Thread 0x000002ecff187410 Thread added: 0x000002ecfef0a2b0
Event: 240.690 Thread 0x000002ecff187410 Thread added: 0x000002ecfef0a940
Event: 240.714 Thread 0x000002ecff187410 Thread added: 0x000002ecfef08870
Event: 243.260 Thread 0x000002ecff187410 Thread added: 0x000002ecfef0afd0
Event: 243.301 Thread 0x000002ecff187410 Thread added: 0x000002ecfef09c20


Dynamic libraries:
0x00007ff62fb60000 - 0x00007ff62fb6e000 	C:\Users\AI¿∂«’_µ•¿Ã≈Õ∫–ºÆB\.vscode\extensions\redhat.java-1.56.0-win32-x64\jre\21.0.12.1-win32-x86_64\bin\java.exe
0x00007ffcd5960000 - 0x00007ffcd5bc7000 	C:\WINDOWS\SYSTEM32\ntdll.dll
0x00007ffcd4770000 - 0x00007ffcd483b000 	C:\WINDOWS\System32\KERNEL32.DLL
0x00007ffcd2c20000 - 0x00007ffcd3022000 	C:\WINDOWS\System32\KERNELBASE.dll
0x00007ffcd3470000 - 0x00007ffcd35bc000 	C:\WINDOWS\System32\ucrtbase.dll
0x00007ffca8580000 - 0x00007ffca859e000 	C:\Users\AI¿∂«’_µ•¿Ã≈Õ∫–ºÆB\.vscode\extensions\redhat.java-1.56.0-win32-x64\jre\21.0.12.1-win32-x86_64\bin\VCRUNTIME140.dll
0x00007ffca8820000 - 0x00007ffca8838000 	C:\Users\AI¿∂«’_µ•¿Ã≈Õ∫–ºÆB\.vscode\extensions\redhat.java-1.56.0-win32-x64\jre\21.0.12.1-win32-x86_64\bin\jli.dll
0x00007ffcd3b10000 - 0x00007ffcd3cdf000 	C:\WINDOWS\System32\USER32.dll
0x00007ffcd3030000 - 0x00007ffcd3057000 	C:\WINDOWS\System32\win32u.dll
0x00007ffcd4a70000 - 0x00007ffcd4a9b000 	C:\WINDOWS\System32\GDI32.dll
0x00007ffcd3340000 - 0x00007ffcd3469000 	C:\WINDOWS\System32\gdi32full.dll
0x00007ffcd35d0000 - 0x00007ffcd3673000 	C:\WINDOWS\System32\msvcp_win.dll
0x00007ffcbff30000 - 0x00007ffcc01c0000 	C:\WINDOWS\WinSxS\amd64_microsoft.windows.common-controls_6595b64144ccf1df_6.0.26100.9278_none_3e0d1ba8e3303201\COMCTL32.dll
0x00007ffcd3890000 - 0x00007ffcd3939000 	C:\WINDOWS\System32\msvcrt.dll
0x00007ffcd4fd0000 - 0x00007ffcd5001000 	C:\WINDOWS\System32\IMM32.DLL
0x00007ffcbf020000 - 0x00007ffcbf02c000 	C:\Users\AI¿∂«’_µ•¿Ã≈Õ∫–ºÆB\.vscode\extensions\redhat.java-1.56.0-win32-x64\jre\21.0.12.1-win32-x86_64\bin\vcruntime140_1.dll
0x00007ffc80da0000 - 0x00007ffc80e2d000 	C:\Users\AI¿∂«’_µ•¿Ã≈Õ∫–ºÆB\.vscode\extensions\redhat.java-1.56.0-win32-x64\jre\21.0.12.1-win32-x86_64\bin\msvcp140.dll
0x00007ffc62500000 - 0x00007ffc632a2000 	C:\Users\AI¿∂«’_µ•¿Ã≈Õ∫–ºÆB\.vscode\extensions\redhat.java-1.56.0-win32-x64\jre\21.0.12.1-win32-x86_64\bin\server\jvm.dll
0x00007ffcd49a0000 - 0x00007ffcd4a5c000 	C:\WINDOWS\System32\ADVAPI32.dll
0x00007ffcd3a30000 - 0x00007ffcd3ad9000 	C:\WINDOWS\System32\sechost.dll
0x00007ffcd5800000 - 0x00007ffcd5918000 	C:\WINDOWS\System32\RPCRT4.dll
0x00007ffcd4540000 - 0x00007ffcd45c0000 	C:\WINDOWS\System32\WS2_32.dll
0x00007ffcc9e40000 - 0x00007ffcc9e76000 	C:\WINDOWS\SYSTEM32\WINMM.dll
0x00007ffcd29c0000 - 0x00007ffcd2a1e000 	C:\WINDOWS\SYSTEM32\POWRPROF.dll
0x00007ffcc3580000 - 0x00007ffcc358b000 	C:\WINDOWS\SYSTEM32\VERSION.dll
0x00007ffcd29a0000 - 0x00007ffcd29b5000 	C:\WINDOWS\SYSTEM32\UMPDC.dll
0x00007ffcd17f0000 - 0x00007ffcd180b000 	C:\WINDOWS\SYSTEM32\kernel.appcore.dll
0x00007ffcbefd0000 - 0x00007ffcbefda000 	C:\Users\AI¿∂«’_µ•¿Ã≈Õ∫–ºÆB\.vscode\extensions\redhat.java-1.56.0-win32-x64\jre\21.0.12.1-win32-x86_64\bin\jimage.dll
0x00007ffcbf6f0000 - 0x00007ffcbf93c000 	C:\WINDOWS\SYSTEM32\DBGHELP.DLL
0x00007ffcd4b40000 - 0x00007ffcd4ec5000 	C:\WINDOWS\System32\combase.dll
0x00007ffcd3df0000 - 0x00007ffcd3ec9000 	C:\WINDOWS\System32\OLEAUT32.dll
0x00007ffcc0530000 - 0x00007ffcc056b000 	C:\WINDOWS\SYSTEM32\dbgcore.DLL
0x00007ffcd3060000 - 0x00007ffcd310c000 	C:\WINDOWS\System32\bcryptPrimitives.dll
0x00007ffcb01b0000 - 0x00007ffcb01bf000 	C:\Users\AI¿∂«’_µ•¿Ã≈Õ∫–ºÆB\.vscode\extensions\redhat.java-1.56.0-win32-x64\jre\21.0.12.1-win32-x86_64\bin\instrument.dll
0x00007ffca7d60000 - 0x00007ffca7d80000 	C:\Users\AI¿∂«’_µ•¿Ã≈Õ∫–ºÆB\.vscode\extensions\redhat.java-1.56.0-win32-x64\jre\21.0.12.1-win32-x86_64\bin\java.dll
0x00007ffcd5060000 - 0x00007ffcd57f8000 	C:\WINDOWS\System32\SHELL32.dll
0x00007ffcd05a0000 - 0x00007ffcd0e4e000 	C:\WINDOWS\SYSTEM32\windows.storage.dll
0x00007ffcd3cf0000 - 0x00007ffcd3deb000 	C:\WINDOWS\System32\SHCORE.dll
0x00007ffcd3690000 - 0x00007ffcd36f6000 	C:\WINDOWS\System32\shlwapi.dll
0x00007ffcd2a80000 - 0x00007ffcd2aa9000 	C:\WINDOWS\SYSTEM32\profapi.dll
0x00007ffca7d40000 - 0x00007ffca7d58000 	C:\Users\AI¿∂«’_µ•¿Ã≈Õ∫–ºÆB\.vscode\extensions\redhat.java-1.56.0-win32-x64\jre\21.0.12.1-win32-x86_64\bin\zip.dll
0x00007ffcafea0000 - 0x00007ffcafeb0000 	C:\Users\AI¿∂«’_µ•¿Ã≈Õ∫–ºÆB\.vscode\extensions\redhat.java-1.56.0-win32-x64\jre\21.0.12.1-win32-x86_64\bin\net.dll
0x00007ffccbaf0000 - 0x00007ffccbc1a000 	C:\WINDOWS\SYSTEM32\WINHTTP.dll
0x00007ffcd1d90000 - 0x00007ffcd1dfc000 	C:\WINDOWS\system32\mswsock.dll
0x00007ffca75c0000 - 0x00007ffca75d6000 	C:\Users\AI¿∂«’_µ•¿Ã≈Õ∫–ºÆB\.vscode\extensions\redhat.java-1.56.0-win32-x64\jre\21.0.12.1-win32-x86_64\bin\nio.dll
0x00007ffcafb70000 - 0x00007ffcafb80000 	C:\Users\AI¿∂«’_µ•¿Ã≈Õ∫–ºÆB\.vscode\extensions\redhat.java-1.56.0-win32-x64\jre\21.0.12.1-win32-x86_64\bin\verify.dll
0x00007ffcb7610000 - 0x00007ffcb7637000 	C:\Users\AI¿∂«’_µ•¿Ã≈Õ∫–ºÆB\.gradle\native\660c5614fbf4a5f2a75b1949f50a0caf5cd603558e7d8a26e50b933a0cfb79d1\windows-amd64\native-platform.dll
0x00007ffc878c0000 - 0x00007ffc87937000 	C:\Users\AI¿∂«’_µ•¿Ã≈Õ∫–ºÆB\.gradle\native\0.2.8\x86_64-windows-gnu\gradle-fileevents.dll
0x00007ffcb71b0000 - 0x00007ffcb71ba000 	C:\Users\AI¿∂«’_µ•¿Ã≈Õ∫–ºÆB\.vscode\extensions\redhat.java-1.56.0-win32-x64\jre\21.0.12.1-win32-x86_64\bin\management.dll
0x00007ffcb71a0000 - 0x00007ffcb71ac000 	C:\Users\AI¿∂«’_µ•¿Ã≈Õ∫–ºÆB\.vscode\extensions\redhat.java-1.56.0-win32-x64\jre\21.0.12.1-win32-x86_64\bin\management_ext.dll
0x00007ffcd3680000 - 0x00007ffcd3688000 	C:\WINDOWS\System32\PSAPI.DLL
0x00007ffcd11a0000 - 0x00007ffcd11d3000 	C:\WINDOWS\SYSTEM32\IPHLPAPI.DLL
0x00007ffcd4990000 - 0x00007ffcd499a000 	C:\WINDOWS\System32\NSI.dll
0x00007ffcafd60000 - 0x00007ffcafd69000 	C:\Users\AI¿∂«’_µ•¿Ã≈Õ∫–ºÆB\.vscode\extensions\redhat.java-1.56.0-win32-x64\jre\21.0.12.1-win32-x86_64\bin\extnet.dll
0x00007ffcd21b0000 - 0x00007ffcd21cb000 	C:\WINDOWS\SYSTEM32\CRYPTSP.dll
0x00007ffcd1750000 - 0x00007ffcd1789000 	C:\WINDOWS\system32\rsaenh.dll
0x00007ffcd1e40000 - 0x00007ffcd1e74000 	C:\WINDOWS\SYSTEM32\USERENV.dll
0x00007ffcd2a50000 - 0x00007ffcd2a7a000 	C:\WINDOWS\SYSTEM32\bcrypt.dll
0x00007ffcd1ff0000 - 0x00007ffcd1ffc000 	C:\WINDOWS\SYSTEM32\CRYPTBASE.dll
0x00007ffc940c0000 - 0x00007ffc940ce000 	C:\Users\AI¿∂«’_µ•¿Ã≈Õ∫–ºÆB\.vscode\extensions\redhat.java-1.56.0-win32-x64\jre\21.0.12.1-win32-x86_64\bin\sunmscapi.dll
0x00007ffcd31b0000 - 0x00007ffcd332e000 	C:\WINDOWS\System32\CRYPT32.dll
0x00007ffcd2320000 - 0x00007ffcd2350000 	C:\WINDOWS\SYSTEM32\ncrypt.dll
0x00007ffcd22d0000 - 0x00007ffcd230f000 	C:\WINDOWS\SYSTEM32\NTASN1.dll
0x00007ffc8a890000 - 0x00007ffc8a898000 	C:\WINDOWS\system32\wshunix.dll

JVMTI agents:
C:\Users\AI¿∂«’_µ•¿Ã≈Õ∫–ºÆB\.gradle\wrapper\dists\gradle-9.7.1-bin\1w1c7tv4s851m17nbqdsro2tv\gradle-9.7.1\lib\agents\gradle-instrumentation-agent-9.7.1.jar path:C:\Users\AI¿∂«’_µ•¿Ã≈Õ∫–ºÆB\.vscode\extensions\redhat.java-1.56.0-win32-x64\jre\21.0.12.1-win32-x86_64\bin\instrument.dll, loaded, initialized, instrumentlib options:none

dbghelp: loaded successfully - version: 4.0.5 - missing functions: none
symbol engine: initialized successfully - sym options: 0x614 - pdb path: .;C:\Users\AI¿∂«’_µ•¿Ã≈Õ∫–ºÆB\.vscode\extensions\redhat.java-1.56.0-win32-x64\jre\21.0.12.1-win32-x86_64\bin;C:\WINDOWS\SYSTEM32;C:\WINDOWS\WinSxS\amd64_microsoft.windows.common-controls_6595b64144ccf1df_6.0.26100.9278_none_3e0d1ba8e3303201;C:\Users\AI¿∂«’_µ•¿Ã≈Õ∫–ºÆB\.vscode\extensions\redhat.java-1.56.0-win32-x64\jre\21.0.12.1-win32-x86;C:\Users\AI¿∂«’_µ•¿Ã≈Õ∫–ºÆB\.vscode\extensions\redhat.java-1.56.0-win32-x64\jre\21.0.12.1-wi;C:\Users\AI¿∂«’_µ•¿Ã≈Õ∫–ºÆB\.vscode\extensions\redhat.java-1.56.0-win32-x64\jre\21.0.;C:\Users\AI¿∂«’_µ•¿Ã≈Õ∫–ºÆB\.vscode\extensions\redhat.java-1.56.0-win32-x64\jr;C:\Users\AI¿∂«’_µ•¿Ã≈Õ∫–ºÆB\.vscode\extensions\redhat.java-1.56.0-win32;C:\Users\AI¿∂«’_µ•¿Ã≈Õ∫–ºÆB\.vscode\extensions\redhat.java-1.56.;C:\Users\AI¿∂«’_µ•¿Ã≈Õ∫–ºÆB\.vscode\extensions\redhat.java-1.56.0-win32-x64\jre\21.0.12.1-win32-x86_64\bin\server;C:\Users\AI¿∂«’_µ•¿Ã≈Õ∫–ºÆB\.gradle\native\660c5614fbf4a5f;C:\Users\AI¿∂«’_µ•¿Ã≈Õ∫–ºÆB\.gradle\native\660c5614fbf4a5f2a75b1949f50a0caf5cd603558e7d8a26e50b933a0cfb79d1\wind;C:\Users\AI¿∂«’_µ•¿Ã≈Õ∫–ºÆB\.gradle\native\660c5614fbf4a5f2a75b1949f50a0caf5cd603558e7d8a26e50b933a0cfb79;C:\Users\AI¿∂«’_µ•¿Ã≈Õ∫–ºÆB\.gradle\native\660c5614fbf4a5f2a75b1949f50a0caf5cd603558e7d8a26e50b933;C:\Users\AI¿∂«’_µ•¿Ã≈Õ∫–ºÆB\.gradle\native\660c5614fbf4a5f2a75b1949f50a0caf5cd603558e7d8a26;C:\Users\AI¿∂«’_µ•¿Ã≈Õ∫–ºÆB\.gradle\native\660c5614fbf4a5f2a75b1949f50a0caf5cd603558;C:\Users\AI¿∂«’_µ•¿Ã≈Õ∫–ºÆB\.gradle\native\660c5614fbf4a5f2a75b1949f50a0caf5c

VM Arguments:
jvm_args: --add-opens=java.base/java.lang=ALL-UNNAMED --add-opens=java.base/java.lang.invoke=ALL-UNNAMED --add-opens=java.base/java.util=ALL-UNNAMED --add-opens=java.prefs/java.util.prefs=ALL-UNNAMED --add-exports=jdk.compiler/com.sun.tools.javac.api=ALL-UNNAMED --add-exports=jdk.compiler/com.sun.tools.javac.util=ALL-UNNAMED --add-opens=java.base/java.nio.charset=ALL-UNNAMED --add-opens=java.base/java.net=ALL-UNNAMED --add-opens=java.base/java.util.concurrent=ALL-UNNAMED --add-opens=java.base/java.util.concurrent.atomic=ALL-UNNAMED --add-opens=java.xml/javax.xml.namespace=ALL-UNNAMED --add-opens=java.base/java.time=ALL-UNNAMED -XX:MaxMetaspaceSize=384m -XX:+HeapDumpOnOutOfMemoryError -Xms256m -Xmx512m -Dfile.encoding=UTF-8 -Duser.country=KR -Duser.language=ko -Duser.variant -javaagent:C:\Users\AI¿∂«’_µ•¿Ã≈Õ∫–ºÆB\.gradle\wrapper\dists\gradle-9.7.1-bin\1w1c7tv4s851m17nbqdsro2tv\gradle-9.7.1\lib\agents\gradle-instrumentation-agent-9.7.1.jar 
java_command: org.gradle.launcher.daemon.bootstrap.GradleDaemon 9.7.1
java_class_path (initial): C:\Users\AI¿∂«’_µ•¿Ã≈Õ∫–ºÆB\.gradle\wrapper\dists\gradle-9.7.1-bin\1w1c7tv4s851m17nbqdsro2tv\gradle-9.7.1\lib\gradle-daemon-main-9.7.1.jar
Launcher Type: SUN_STANDARD

[Global flags]
     intx CICompilerCount                          = 12                                        {product} {ergonomic}
   size_t CompressedClassSpaceSize                 = 335544320                                 {product} {ergonomic}
     uint ConcGCThreads                            = 3                                         {product} {ergonomic}
     uint G1ConcRefinementThreads                  = 13                                        {product} {ergonomic}
   size_t G1HeapRegionSize                         = 1048576                                   {product} {ergonomic}
    uintx GCDrainStackTargetSize                   = 64                                        {product} {ergonomic}
     bool HeapDumpOnOutOfMemoryError               = true                                   {manageable} {command line}
   size_t InitialHeapSize                          = 268435456                                 {product} {command line}
   size_t MarkStackSize                            = 4194304                                   {product} {ergonomic}
   size_t MaxHeapSize                              = 536870912                                 {product} {command line}
   size_t MaxMetaspaceSize                         = 402653184                                 {product} {command line}
   size_t MaxNewSize                               = 321912832                                 {product} {ergonomic}
   size_t MinHeapDeltaBytes                        = 1048576                                   {product} {ergonomic}
   size_t MinHeapSize                              = 268435456                                 {product} {command line}
    uintx NonNMethodCodeHeapSize                   = 7602480                                {pd product} {ergonomic}
    uintx NonProfiledCodeHeapSize                  = 122027880                              {pd product} {ergonomic}
    uintx ProfiledCodeHeapSize                     = 122027880                              {pd product} {ergonomic}
    uintx ReservedCodeCacheSize                    = 251658240                              {pd product} {ergonomic}
     bool SegmentedCodeCache                       = true                                      {product} {ergonomic}
   size_t SoftMaxHeapSize                          = 536870912                              {manageable} {ergonomic}
     bool UseCompressedOops                        = true                           {product lp64_product} {ergonomic}
     bool UseG1GC                                  = true                                      {product} {ergonomic}
     bool UseLargePagesIndividualAllocation        = false                                  {pd product} {ergonomic}

Logging:
Log output configuration:
 #0: stdout all=warning uptime,level,tags foldmultilines=false
 #1: stderr all=off uptime,level,tags foldmultilines=false

Release file:
JAVA_VERSION="21.0.12.1" 
MODULES="java.base java.compiler java.datatransfer java.xml java.prefs java.desktop java.instrument java.logging java.management java.security.sasl java.naming java.rmi java.management.rmi java.net.http java.scripting java.security.jgss java.transaction.xa java.sql java.sql.rowset java.xml.crypto java.se java.smartcardio jdk.accessibility jdk.internal.jvmstat jdk.attach jdk.charsets jdk.internal.opt jdk.zipfs jdk.compiler jdk.crypto.ec jdk.crypto.cryptoki jdk.crypto.mscapi jdk.dynalink jdk.internal.ed jdk.editpad jdk.hotspot.agent jdk.httpserver jdk.internal.le jdk.internal.vm.ci jdk.internal.vm.compiler jdk.internal.vm.compiler.management jdk.jartool jdk.javadoc jdk.jcmd jdk.management jdk.management.agent jdk.jconsole jdk.jdeps jdk.jdwp.agent jdk.jdi jdk.jfr jdk.jshell jdk.jsobject jdk.jstatd jdk.localedata jdk.management.jfr jdk.naming.dns jdk.naming.rmi jdk.net jdk.nio.mapmode jdk.random jdk.sctp jdk.security.auth jdk.security.jgss jdk.unsupported jdk.unsupported.desktop jdk.xml.dom" 

Environment Variables:
PATH=C:\Python314\Scripts\;C:\Python314\;C:\Program Files\Eclipse Adoptium\jdk-21.0.12.101-hotspot\bin;C:\WINDOWS\system32;C:\WINDOWS;C:\WINDOWS\System32\Wbem;C:\WINDOWS\System32\WindowsPowerShell\v1.0\;C:\WINDOWS\System32\OpenSSH\;C:\Program Files\dotnet\;C:\Program Files\Git\cmd;C:\Program Files\Bandizip\;C:\Program Files\Kubernetes\Minikube;C:\Program Files\nodejs\;C:\ProgramData\chocolatey\bin;D:\nginx;C:\miniconda3;C:\miniconda3\Library\mingw-w64\bin;C:\miniconda3\Library\usr\bin;C:\miniconda3\Library\bin;C:\miniconda3\Scripts;C:\Users\AI¿∂«’_µ•¿Ã≈Õ∫–ºÆB\AppData\Local\Microsoft\WindowsApps;C:\Users\AI¿∂«’_µ•¿Ã≈Õ∫–ºÆB\AppData\Local\Programs\Microsoft VS Code\bin;C:\Users\AI¿∂«’_µ•¿Ã≈Õ∫–ºÆB\AppData\Local\Microsoft\WinGet\Links;C:\Users\AI¿∂«’_µ•¿Ã≈Õ∫–ºÆB\AppData\Roaming\npm;C:\Users\AI¿∂«’_µ•¿Ã≈Õ∫–ºÆB\AppData\Local\Programs\DockerDesktop\resources\bin
USERNAME=AI¿∂«’_µ•¿Ã≈Õ∫–ºÆB
OS=Windows_NT
PROCESSOR_IDENTIFIER=Intel64 Family 6 Model 167 Stepping 1, GenuineIntel
TMP=C:\Users\AI¿∂«’~1\AppData\Local\Temp
TEMP=C:\Users\AI¿∂«’~1\AppData\Local\Temp




Periodic native trim disabled

---------------  S Y S T E M  ---------------

OS:
 Windows 11 , 64 bit Build 26100 (10.0.26100.9444)
OS uptime: 0 days 0:21 hours
Hyper-V role detected

CPU: total 16 (initial active 16) (8 cores per cpu, 2 threads per core) family 6 model 167 stepping 1 microcode 0x40, cx8, cmov, fxsr, ht, mmx, 3dnowpref, sse, sse2, sse3, ssse3, sse4.1, sse4.2, popcnt, lzcnt, tsc, tscinvbit, avx, avx2, aes, erms, clmul, bmi1, bmi2, adx, avx512f, avx512dq, avx512cd, avx512bw, avx512vl, sha, fma, vzeroupper, avx512_vpopcntdq, avx512_vpclmulqdq, avx512_vaes, avx512_vnni, clflush, clflushopt, avx512_vbmi2, avx512_vbmi, hv, rdtscp, rdpid, fsrm, gfni, avx512_bitalg, f16c, avx512_ifma
Processor Information for the first 16 processors :
  Max Mhz: 2496, Current Mhz: 2496, Mhz Limit: 2496

Memory: 4k page, system-wide physical 16149M (1027M free)
TotalPageFile size 65301M (AvailPageFile size 0M)
current process WorkingSet (physical memory assigned to process): 117M, peak: 118M
current process commit charge ("private bytes"): 431M, peak: 432M

vm_info: OpenJDK 64-Bit Server VM (21.0.12.1+1-LTS) for windows-amd64 JRE (21.0.12.1+1-LTS), built on 2026-08-18T00:00:00Z by "admin" with MS VC++ 17.12 (VS2022)

END.
